warning: Git tree '/home/zmrocze/mlabs/spo-anywhere/main' is dirty
warning: Git tree '/home/zmrocze/mlabs/spo-anywhere/main' is dirty
Machine state will be reset. To keep it, pass --keep-vm-state
Machine state will be reset. To keep it, pass --keep-vm-state
[1m[32mstart all VLans[0m
[1m[32mstart all VLans[0m
start vlan
start vlan
running vlan (pid 16757; ctl /tmp/vde1.ctl)
(finished: start all VLans, in 0.00 seconds)
running vlan (pid 16757; ctl /tmp/vde1.ctl)
(finished: start all VLans, in 0.00 seconds)
deleting VM state directory /tmp/vm-state-installed
if you want to keep the VM state, pass --keep-vm-state
deleting VM state directory /tmp/vm-state-installed
if you want to keep the VM state, pass --keep-vm-state
deleting VM state directory /tmp/vm-state-installer
if you want to keep the VM state, pass --keep-vm-state
deleting VM state directory /tmp/vm-state-installer
if you want to keep the VM state, pass --keep-vm-state
Test will time out and terminate in 3600 seconds
Test will time out and terminate in 3600 seconds
[1m[32mrun the VM test script[0m
[1m[32mrun the VM test script[0m
[1m[32mstart all VMs[0m
installed: starting vm
[1m[32mstart all VMs[0m
installed: starting vm
mke2fs 1.47.0 (5-Feb-2023)
mke2fs 1.47.0 (5-Feb-2023)
VNC server running on ::1:5900
VNC server running on ::1:5900
[2minstalled # Disk image do not exist, creating the virtualisation disk image...[0m
[2minstalled # Formatting '/tmp/vm-state-installed/tmp.BTOhRx1Blq', fmt=raw size=1073741824[0m
[2minstalled # Discarding device blocks:      0/262144             done[0m
[2minstalled # Creating filesystem with 262144 4k blocks and 65536 inodes[0m
[2minstalled # Disk image do not exist, creating the virtualisation disk image...[0m
[2minstalled # Formatting '/tmp/vm-state-installed/tmp.BTOhRx1Blq', fmt=raw size=1073741824[0m
[2minstalled # Discarding device blocks:      0/262144             done[0m
[2minstalled # Creating filesystem with 262144 4k blocks and 65536 inodes[0m
[2minstalled # Filesystem UUID: a3533a10-b495-48b9-96b1-d9d06c726978[0m
[2minstalled # Superblock backups stored on blocks:[0m
[2minstalled # 	32768, 98304, 163840, 229376[0m
[2minstalled # Filesystem UUID: a3533a10-b495-48b9-96b1-d9d06c726978[0m
[2minstalled # Superblock backups stored on blocks:[0m
[2minstalled # 	32768, 98304, 163840, 229376[0m
[2minstalled # [0m
[2minstalled # [0m
[2minstalled # Allocating group tables: 0/8   done[0m
[2minstalled # Allocating group tables: 0/8   done[0m
[2minstalled # Writing inode tables: 0/8   done[0m
[2minstalled # Writing inode tables: 0/8   done[0m
[2minstalled # Creating journal (8192 blocks): done[0m
[2minstalled # Writing superblocks and filesystem accounting information: 0/8   done[0m
[2minstalled # Creating journal (8192 blocks): done[0m
[2minstalled # Writing superblocks and filesystem accounting information: 0/8   done[0m
[2minstalled # [0m
[2minstalled # [0m
[2minstalled # Virtualisation disk image created.[0m
[2minstalled # Virtualisation disk image created.[0m
installed: QEMU running (pid 16759)
installed: QEMU running (pid 16759)
installer: starting vm
installer: starting vm
mke2fs 1.47.0 (5-Feb-2023)
mke2fs 1.47.0 (5-Feb-2023)
VNC server running on ::1:5901
VNC server running on ::1:5901
installer: QEMU running (pid 16784)
installer: QEMU running (pid 16784)
(finished: start all VMs, in 0.19 seconds)
(finished: start all VMs, in 0.19 seconds)
[2minstaller # Disk image do not exist, creating the virtualisation disk image...[0m
[2minstaller # Disk image do not exist, creating the virtualisation disk image...[0m
[2minstaller # Formatting '/tmp/vm-state-installer/tmp.4qUMib6MqA', fmt=raw size=1073741824[0m
[2minstaller # Formatting '/tmp/vm-state-installer/tmp.4qUMib6MqA', fmt=raw size=1073741824[0m
[2minstaller # Discarding device blocks:      0/262144             done[0m
[2minstaller # Discarding device blocks:      0/262144             done[0m
[2minstaller # Creating filesystem with 262144 4k blocks and 65536 inodes[0m
[2minstaller # Filesystem UUID: d246be67-c95a-4719-90ab-acfe3aa3b095[0m
[2minstaller # Creating filesystem with 262144 4k blocks and 65536 inodes[0m
[2minstaller # Filesystem UUID: d246be67-c95a-4719-90ab-acfe3aa3b095[0m
[2minstaller # Superblock backups stored on blocks:[0m
[2minstaller # Superblock backups stored on blocks:[0m
[2minstaller # 	32768, 98304, 163840, 229376[0m
[2minstaller # 	32768, 98304, 163840, 229376[0m
[2minstaller # [0m
[2minstaller # [0m
installer: [1m[32mwaiting for success: 
  ssh -i /root/.ssh/install_key -o UserKnownHostsFile=/dev/null -o StrictHostKeyChecking=no     root@installed cat /etc/ssh/ssh_host_ed25519_key.pub
[0m
installer: [1m[32mwaiting for success: 
  ssh -i /root/.ssh/install_key -o UserKnownHostsFile=/dev/null -o StrictHostKeyChecking=no     root@installed cat /etc/ssh/ssh_host_ed25519_key.pub
[0m
[2minstaller # Allocating group tables: 0/8   done[0m
[2minstaller # Allocating group tables: 0/8   done[0m
installer: [1m[32mwaiting for the VM to finish booting[0m
installer: [1m[32mwaiting for the VM to finish booting[0m
[2minstaller # Writing inode tables: 0/8   done[0m
[2minstaller # Writing inode tables: 0/8   done[0m
[2minstaller # Creating journal (8192 blocks): done[0m
[2minstaller # Creating journal (8192 blocks): done[0m
[2minstaller # Writing superblocks and filesystem accounting information: 0/8   done[0m
[2minstaller # Writing superblocks and filesystem accounting information: 0/8   done[0m
[2minstaller # [0m
[2minstaller # [0m
[2minstaller # Virtualisation disk image created.[0m
[2minstaller # Virtualisation disk image created.[0m
[2minstalled # [    0.000000] Linux version 6.6.28 (nixbld@localhost) (gcc (GCC) 13.2.0, GNU ld (GNU Binutils) 2.41) #1-NixOS SMP PREEMPT_DYNAMIC Wed Apr 17 09:19:38 UTC 2024[0m
[2minstalled # [    0.000000] Linux version 6.6.28 (nixbld@localhost) (gcc (GCC) 13.2.0, GNU ld (GNU Binutils) 2.41) #1-NixOS SMP PREEMPT_DYNAMIC Wed Apr 17 09:19:38 UTC 2024[0m
[2minstalled # [    0.000000] Command line: console=ttyS0 panic=1 boot.panic_on_fail clocksource=acpi_pm loglevel=7 net.ifnames=0 init=/nix/store/c5mx51z6vaihj1m7y7wbagbzb9kg8345-nixos-system-installed-test/init regInfo=/nix/store/1509qzisbi1k9qkhrxqvgksgrsyr9szd-closure-info/registration console=ttyS0[0m
[2minstalled # [    0.000000] Command line: console=ttyS0 panic=1 boot.panic_on_fail clocksource=acpi_pm loglevel=7 net.ifnames=0 init=/nix/store/c5mx51z6vaihj1m7y7wbagbzb9kg8345-nixos-system-installed-test/init regInfo=/nix/store/1509qzisbi1k9qkhrxqvgksgrsyr9szd-closure-info/registration console=ttyS0[0m
[2minstalled # [    0.000000] BIOS-provided physical RAM map:[0m
[2minstalled # [    0.000000] BIOS-provided physical RAM map:[0m
[2minstalled # [    0.000000] BIOS-e820: [mem 0x0000000000000000-0x000000000009fbff] usable[0m
[2minstalled # [    0.000000] BIOS-e820: [mem 0x0000000000000000-0x000000000009fbff] usable[0m
[2minstalled # [    0.000000] BIOS-e820: [mem 0x000000000009fc00-0x000000000009ffff] reserved[0m
[2minstalled # [    0.000000] BIOS-e820: [mem 0x000000000009fc00-0x000000000009ffff] reserved[0m
[2minstalled # [    0.000000] BIOS-e820: [mem 0x00000000000f0000-0x00000000000fffff] reserved[0m
[2minstalled # [    0.000000] BIOS-e820: [mem 0x00000000000f0000-0x00000000000fffff] reserved[0m
[2minstalled # [    0.000000] BIOS-e820: [mem 0x0000000000100000-0x000000005e7dafff] usable[0m
[2minstalled # [    0.000000] BIOS-e820: [mem 0x0000000000100000-0x000000005e7dafff] usable[0m
[2minstalled # [    0.000000] BIOS-e820: [mem 0x000000005e7db000-0x000000005e7fffff] reserved[0m
[2minstalled # [    0.000000] BIOS-e820: [mem 0x000000005e7db000-0x000000005e7fffff] reserved[0m
[2minstalled # [    0.000000] BIOS-e820: [mem 0x00000000feffc000-0x00000000feffffff] reserved[0m
[2minstalled # [    0.000000] BIOS-e820: [mem 0x00000000feffc000-0x00000000feffffff] reserved[0m
[2minstalled # [    0.000000] BIOS-e820: [mem 0x00000000fffc0000-0x00000000ffffffff] reserved[0m
[2minstalled # [    0.000000] BIOS-e820: [mem 0x00000000fffc0000-0x00000000ffffffff] reserved[0m
[2minstalled # [    0.000000] BIOS-e820: [mem 0x000000fd00000000-0x000000ffffffffff] reserved[0m
[2minstalled # [    0.000000] BIOS-e820: [mem 0x000000fd00000000-0x000000ffffffffff] reserved[0m
[2minstalled # [    0.000000] NX (Execute Disable) protection: active[0m
[2minstalled # [    0.000000] NX (Execute Disable) protection: active[0m
[2minstalled # [    0.000000] APIC: Static calls initialized[0m
[2minstalled # [    0.000000] APIC: Static calls initialized[0m
[2minstalled # [    0.000000] SMBIOS 3.0.0 present.[0m
[2minstalled # [    0.000000] SMBIOS 3.0.0 present.[0m
[2minstalled # [    0.000000] DMI: QEMU Standard PC (i440FX + PIIX, 1996), BIOS rel-1.16.3-0-ga6ed6b701f0a-prebuilt.qemu.org 04/01/2014[0m
[2minstalled # [    0.000000] DMI: QEMU Standard PC (i440FX + PIIX, 1996), BIOS rel-1.16.3-0-ga6ed6b701f0a-prebuilt.qemu.org 04/01/2014[0m
[2minstalled # [    0.000000] Hypervisor detected: KVM[0m
[2minstalled # [    0.000000] Hypervisor detected: KVM[0m
[2minstalled # [    0.000000] kvm-clock: Using msrs 4b564d01 and 4b564d00[0m
[2minstalled # [    0.000000] kvm-clock: Using msrs 4b564d01 and 4b564d00[0m
[2minstalled # [    0.000000] kvm-clock: using sched offset of 264160333 cycles[0m
[2minstalled # [    0.000000] kvm-clock: using sched offset of 264160333 cycles[0m
[2minstalled # [    0.000001] clocksource: kvm-clock: mask: 0xffffffffffffffff max_cycles: 0x1cd42e4dffb, max_idle_ns: 881590591483 ns[0m
[2minstalled # [    0.000001] clocksource: kvm-clock: mask: 0xffffffffffffffff max_cycles: 0x1cd42e4dffb, max_idle_ns: 881590591483 ns[0m
[2minstalled # [    0.000003] tsc: Detected 3293.782 MHz processor[0m
[2minstalled # [    0.000003] tsc: Detected 3293.782 MHz processor[0m
[2minstalled # [    0.000676] last_pfn = 0x5e7db max_arch_pfn = 0x400000000[0m
[2minstalled # [    0.000676] last_pfn = 0x5e7db max_arch_pfn = 0x400000000[0m
[2minstalled # [    0.000703] MTRR map: 4 entries (3 fixed + 1 variable; max 19), built from 8 variable MTRRs[0m
[2minstalled # [    0.000703] MTRR map: 4 entries (3 fixed + 1 variable; max 19), built from 8 variable MTRRs[0m
[2minstalled # [    0.000705] x86/PAT: Configuration [0-7]: WB  WC  UC- UC  WB  WP  UC- WT[0m
[2minstalled # [    0.000705] x86/PAT: Configuration [0-7]: WB  WC  UC- UC  WB  WP  UC- WT[0m
[2minstalled # [    0.002268] found SMP MP-table at [mem 0x000f5430-0x000f543f][0m
[2minstalled # [    0.002268] found SMP MP-table at [mem 0x000f5430-0x000f543f][0m
[2minstalled # [    0.002282] Using GB pages for direct mapping[0m
[2minstalled # [    0.002282] Using GB pages for direct mapping[0m
[2minstalled # [    0.002352] RAMDISK: [mem 0x5dc7f000-0x5e7cffff][0m
[2minstalled # [    0.002352] RAMDISK: [mem 0x5dc7f000-0x5e7cffff][0m
[2minstalled # [    0.002357] ACPI: Early table checksum verification disabled[0m
[2minstalled # [    0.002357] ACPI: Early table checksum verification disabled[0m
[2minstalled # [    0.002360] ACPI: RSDP 0x00000000000F5250 000014 (v00 BOCHS )[0m
[2minstalled # [    0.002360] ACPI: RSDP 0x00000000000F5250 000014 (v00 BOCHS )[0m
[2minstalled # [    0.002363] ACPI: RSDT 0x000000005E7E1CE4 000034 (v01 BOCHS  BXPC     00000001 BXPC 00000001)[0m
[2minstalled # [    0.002363] ACPI: RSDT 0x000000005E7E1CE4 000034 (v01 BOCHS  BXPC     00000001 BXPC 00000001)[0m
[2minstalled # [    0.002367] ACPI: FACP 0x000000005E7E1B98 000074 (v01 BOCHS  BXPC     00000001 BXPC 00000001)[0m
[2minstalled # [    0.002367] ACPI: FACP 0x000000005E7E1B98 000074 (v01 BOCHS  BXPC     00000001 BXPC 00000001)[0m
[2minstalled # [    0.002370] ACPI: DSDT 0x000000005E7E0040 001B58 (v01 BOCHS  BXPC     00000001 BXPC 00000001)[0m
[2minstalled # [    0.002370] ACPI: DSDT 0x000000005E7E0040 001B58 (v01 BOCHS  BXPC     00000001 BXPC 00000001)[0m
[2minstalled # [    0.002372] ACPI: FACS 0x000000005E7E0000 000040[0m
[2minstalled # [    0.002372] ACPI: FACS 0x000000005E7E0000 000040[0m
[2minstalled # [    0.002373] ACPI: APIC 0x000000005E7E1C0C 000078 (v03 BOCHS  BXPC     00000001 BXPC 00000001)[0m
[2minstalled # [    0.002373] ACPI: APIC 0x000000005E7E1C0C 000078 (v03 BOCHS  BXPC     00000001 BXPC 00000001)[0m
[2minstalled # [    0.002375] ACPI: HPET 0x000000005E7E1C84 000038 (v01 BOCHS  BXPC     00000001 BXPC 00000001)[0m
[2minstalled # [    0.002375] ACPI: HPET 0x000000005E7E1C84 000038 (v01 BOCHS  BXPC     00000001 BXPC 00000001)[0m
[2minstalled # [    0.002376] ACPI: WAET 0x000000005E7E1CBC 000028 (v01 BOCHS  BXPC     00000001 BXPC 00000001)[0m
[2minstalled # [    0.002376] ACPI: WAET 0x000000005E7E1CBC 000028 (v01 BOCHS  BXPC     00000001 BXPC 00000001)[0m
[2minstalled # [    0.002377] ACPI: Reserving FACP table memory at [mem 0x5e7e1b98-0x5e7e1c0b][0m
[2minstalled # [    0.002377] ACPI: Reserving FACP table memory at [mem 0x5e7e1b98-0x5e7e1c0b][0m
[2minstalled # [    0.002378] ACPI: Reserving DSDT table memory at [mem 0x5e7e0040-0x5e7e1b97][0m
[2minstalled # [    0.002378] ACPI: Reserving DSDT table memory at [mem 0x5e7e0040-0x5e7e1b97][0m
[2minstalled # [    0.002378] ACPI: Reserving FACS table memory at [mem 0x5e7e0000-0x5e7e003f][0m
[2minstalled # [    0.002378] ACPI: Reserving FACS table memory at [mem 0x5e7e0000-0x5e7e003f][0m
[2minstalled # [    0.002379] ACPI: Reserving APIC table memory at [mem 0x5e7e1c0c-0x5e7e1c83][0m
[2minstalled # [    0.002379] ACPI: Reserving APIC table memory at [mem 0x5e7e1c0c-0x5e7e1c83][0m
[2minstalled # [    0.002379] ACPI: Reserving HPET table memory at [mem 0x5e7e1c84-0x5e7e1cbb][0m
[2minstalled # [    0.002379] ACPI: Reserving HPET table memory at [mem 0x5e7e1c84-0x5e7e1cbb][0m
[2minstalled # [    0.002379] ACPI: Reserving WAET table memory at [mem 0x5e7e1cbc-0x5e7e1ce3][0m
[2minstalled # [    0.002379] ACPI: Reserving WAET table memory at [mem 0x5e7e1cbc-0x5e7e1ce3][0m
[2minstalled # [    0.002545] No NUMA configuration found[0m
[2minstalled # [    0.002545] No NUMA configuration found[0m
[2minstalled # [    0.002546] Faking a node at [mem 0x0000000000000000-0x000000005e7dafff][0m
[2minstalled # [    0.002546] Faking a node at [mem 0x0000000000000000-0x000000005e7dafff][0m
[2minstalled # [    0.002547] NODE_DATA(0) allocated [mem 0x5e7d5000-0x5e7dafff][0m
[2minstalled # [    0.002547] NODE_DATA(0) allocated [mem 0x5e7d5000-0x5e7dafff][0m
[2minstalled # [    0.002560] Zone ranges:[0m
[2minstalled # [    0.002560] Zone ranges:[0m
[2minstalled # [    0.002560]   DMA      [mem 0x0000000000001000-0x0000000000ffffff][0m
[2minstalled # [    0.002560]   DMA      [mem 0x0000000000001000-0x0000000000ffffff][0m
[2minstalled # [    0.002561]   DMA32    [mem 0x0000000001000000-0x000000005e7dafff][0m
[2minstalled # [    0.002561]   DMA32    [mem 0x0000000001000000-0x000000005e7dafff][0m
[2minstalled # [    0.002562]   Normal   empty[0m
[2minstalled # [    0.002562]   Normal   empty[0m
[2minstalled # [    0.002563]   Device   empty[0m
[2minstalled # [    0.002563]   Device   empty[0m
[2minstalled # [    0.002563] Movable zone start for each node[0m
[2minstalled # [    0.002563] Movable zone start for each node[0m
[2minstalled # [    0.002564] Early memory node ranges[0m
[2minstalled # [    0.002564] Early memory node ranges[0m
[2minstalled # [    0.002564]   node   0: [mem 0x0000000000001000-0x000000000009efff][0m
[2minstalled # [    0.002564]   node   0: [mem 0x0000000000001000-0x000000000009efff][0m
[2minstalled # [    0.002565]   node   0: [mem 0x0000000000100000-0x000000005e7dafff][0m
[2minstalled # [    0.002565]   node   0: [mem 0x0000000000100000-0x000000005e7dafff][0m
[2minstalled # [    0.002566] Initmem setup node 0 [mem 0x0000000000001000-0x000000005e7dafff][0m
[2minstalled # [    0.002566] Initmem setup node 0 [mem 0x0000000000001000-0x000000005e7dafff][0m
[2minstalled # [    0.002738] On node 0, zone DMA: 1 pages in unavailable ranges[0m
[2minstalled # [    0.002738] On node 0, zone DMA: 1 pages in unavailable ranges[0m
[2minstalled # [    0.002746] On node 0, zone DMA: 97 pages in unavailable ranges[0m
[2minstalled # [    0.002746] On node 0, zone DMA: 97 pages in unavailable ranges[0m
[2minstalled # [    0.004895] On node 0, zone DMA32: 6181 pages in unavailable ranges[0m
[2minstalled # [    0.004895] On node 0, zone DMA32: 6181 pages in unavailable ranges[0m
[2minstalled # [    0.005243] ACPI: PM-Timer IO Port: 0x608[0m
[2minstalled # [    0.005243] ACPI: PM-Timer IO Port: 0x608[0m
[2minstalled # [    0.005250] ACPI: LAPIC_NMI (acpi_id[0xff] dfl dfl lint[0x1])[0m
[2minstalled # [    0.005250] ACPI: LAPIC_NMI (acpi_id[0xff] dfl dfl lint[0x1])[0m
[2minstalled # [    0.005270] IOAPIC[0]: apic_id 0, version 17, address 0xfec00000, GSI 0-23[0m
[2minstalled # [    0.005270] IOAPIC[0]: apic_id 0, version 17, address 0xfec00000, GSI 0-23[0m
[2minstalled # [    0.005272] ACPI: INT_SRC_OVR (bus 0 bus_irq 0 global_irq 2 dfl dfl)[0m
[2minstalled # [    0.005272] ACPI: INT_SRC_OVR (bus 0 bus_irq 0 global_irq 2 dfl dfl)[0m
[2minstalled # [    0.005273] ACPI: INT_SRC_OVR (bus 0 bus_irq 5 global_irq 5 high level)[0m
[2minstalled # [    0.005273] ACPI: INT_SRC_OVR (bus 0 bus_irq 5 global_irq 5 high level)[0m
[2minstalled # [    0.005274] ACPI: INT_SRC_OVR (bus 0 bus_irq 9 global_irq 9 high level)[0m
[2minstalled # [    0.005274] ACPI: INT_SRC_OVR (bus 0 bus_irq 9 global_irq 9 high level)[0m
[2minstalled # [    0.005275] ACPI: INT_SRC_OVR (bus 0 bus_irq 10 global_irq 10 high level)[0m
[2minstalled # [    0.005275] ACPI: INT_SRC_OVR (bus 0 bus_irq 10 global_irq 10 high level)[0m
[2minstalled # [    0.005275] ACPI: INT_SRC_OVR (bus 0 bus_irq 11 global_irq 11 high level)[0m
[2minstalled # [    0.005275] ACPI: INT_SRC_OVR (bus 0 bus_irq 11 global_irq 11 high level)[0m
[2minstalled # [    0.005277] ACPI: Using ACPI (MADT) for SMP configuration information[0m
[2minstalled # [    0.005277] ACPI: Using ACPI (MADT) for SMP configuration information[0m
[2minstalled # [    0.005278] ACPI: HPET id: 0x8086a201 base: 0xfed00000[0m
[2minstalled # [    0.005278] ACPI: HPET id: 0x8086a201 base: 0xfed00000[0m
[2minstalled # [    0.005280] TSC deadline timer available[0m
[2minstalled # [    0.005280] TSC deadline timer available[0m
[2minstalled # [    0.005281] smpboot: Allowing 1 CPUs, 0 hotplug CPUs[0m
[2minstalled # [    0.005281] smpboot: Allowing 1 CPUs, 0 hotplug CPUs[0m
[2minstalled # [    0.005295] kvm-guest: APIC: eoi() replaced with kvm_guest_apic_eoi_write()[0m
[2minstalled # [    0.005295] kvm-guest: APIC: eoi() replaced with kvm_guest_apic_eoi_write()[0m
[2minstalled # [    0.005314] PM: hibernation: Registered nosave memory: [mem 0x00000000-0x00000fff][0m
[2minstalled # [    0.005314] PM: hibernation: Registered nosave memory: [mem 0x00000000-0x00000fff][0m
[2minstalled # [    0.005315] PM: hibernation: Registered nosave memory: [mem 0x0009f000-0x0009ffff][0m
[2minstalled # [    0.005315] PM: hibernation: Registered nosave memory: [mem 0x0009f000-0x0009ffff][0m
[2minstalled # [    0.005316] PM: hibernation: Registered nosave memory: [mem 0x000a0000-0x000effff][0m
[2minstalled # [    0.005316] PM: hibernation: Registered nosave memory: [mem 0x000a0000-0x000effff][0m
[2minstalled # [    0.005316] PM: hibernation: Registered nosave memory: [mem 0x000f0000-0x000fffff][0m
[2minstalled # [    0.005316] PM: hibernation: Registered nosave memory: [mem 0x000f0000-0x000fffff][0m
[2minstalled # [    0.005317] [mem 0x5e800000-0xfeffbfff] available for PCI devices[0m
[2minstalled # [    0.005317] [mem 0x5e800000-0xfeffbfff] available for PCI devices[0m
[2minstalled # [    0.005318] Booting paravirtualized kernel on KVM[0m
[2minstalled # [    0.005318] Booting paravirtualized kernel on KVM[0m
[2minstalled # [    0.005319] clocksource: refined-jiffies: mask: 0xffffffff max_cycles: 0xffffffff, max_idle_ns: 1910969940391419 ns[0m
[2minstalled # [    0.005319] clocksource: refined-jiffies: mask: 0xffffffff max_cycles: 0xffffffff, max_idle_ns: 1910969940391419 ns[0m
[2minstalled # [    0.008310] setup_percpu: NR_CPUS:384 nr_cpumask_bits:1 nr_cpu_ids:1 nr_node_ids:1[0m
[2minstalled # [    0.008310] setup_percpu: NR_CPUS:384 nr_cpumask_bits:1 nr_cpu_ids:1 nr_node_ids:1[0m
[2minstalled # [    0.008556] percpu: Embedded 84 pages/cpu s221184 r8192 d114688 u2097152[0m
[2minstalled # [    0.008556] percpu: Embedded 84 pages/cpu s221184 r8192 d114688 u2097152[0m
[2minstalled # [    0.008585] kvm-guest: PV spinlocks disabled, single CPU[0m
[2minstalled # [    0.008585] kvm-guest: PV spinlocks disabled, single CPU[0m
[2minstalled # [    0.008587] Kernel command line: console=ttyS0 panic=1 boot.panic_on_fail clocksource=acpi_pm loglevel=7 net.ifnames=0 init=/nix/store/c5mx51z6vaihj1m7y7wbagbzb9kg8345-nixos-system-installed-test/init regInfo=/nix/store/1509qzisbi1k9qkhrxqvgksgrsyr9szd-closure-info/registration console=ttyS0[0m
[2minstalled # [    0.008587] Kernel command line: console=ttyS0 panic=1 boot.panic_on_fail clocksource=acpi_pm loglevel=7 net.ifnames=0 init=/nix/store/c5mx51z6vaihj1m7y7wbagbzb9kg8345-nixos-system-installed-test/init regInfo=/nix/store/1509qzisbi1k9qkhrxqvgksgrsyr9szd-closure-info/registration console=ttyS0[0m
[2minstalled # [    0.008642] Unknown kernel command line parameters "regInfo=/nix/store/1509qzisbi1k9qkhrxqvgksgrsyr9szd-closure-info/registration", will be passed to user space.[0m
[2minstalled # [    0.008642] Unknown kernel command line parameters "regInfo=/nix/store/1509qzisbi1k9qkhrxqvgksgrsyr9szd-closure-info/registration", will be passed to user space.[0m
[2minstalled # [    0.008852] random: crng init done[0m
[2minstalled # [    0.008852] random: crng init done[0m
[2minstalled # [    0.009074] Dentry cache hash table entries: 262144 (order: 9, 2097152 bytes, linear)[0m
[2minstalled # [    0.009074] Dentry cache hash table entries: 262144 (order: 9, 2097152 bytes, linear)[0m
[2minstalled # [    0.009092] Inode-cache hash table entries: 131072 (order: 8, 1048576 bytes, linear)[0m
[2minstalled # [    0.009092] Inode-cache hash table entries: 131072 (order: 8, 1048576 bytes, linear)[0m
[2minstalled # [    0.009112] Fallback order for Node 0: 0[0m
[2minstalled # [    0.009112] Fallback order for Node 0: 0[0m
[2minstalled # [    0.009114] Built 1 zonelists, mobility grouping on.  Total pages: 380731[0m
[2minstalled # [    0.009114] Built 1 zonelists, mobility grouping on.  Total pages: 380731[0m
[2minstalled # [    0.009115] Policy zone: DMA32[0m
[2minstalled # [    0.009115] Policy zone: DMA32[0m
[2minstalled # [    0.009308] mem auto-init: stack:all(zero), heap alloc:off, heap free:off[0m
[2minstalled # [    0.009308] mem auto-init: stack:all(zero), heap alloc:off, heap free:off[0m
[2minstalled # [    0.010703] Memory: 1463836K/1547748K available (14336K kernel code, 2364K rwdata, 10884K rodata, 3088K init, 4568K bss, 83652K reserved, 0K cma-reserved)[0m
[2minstalled # [    0.010703] Memory: 1463836K/1547748K available (14336K kernel code, 2364K rwdata, 10884K rodata, 3088K init, 4568K bss, 83652K reserved, 0K cma-reserved)[0m
[2minstalled # [    0.011187] SLUB: HWalign=64, Order=0-3, MinObjects=0, CPUs=1, Nodes=1[0m
[2minstalled # [    0.011187] SLUB: HWalign=64, Order=0-3, MinObjects=0, CPUs=1, Nodes=1[0m
[2minstalled # [    0.011201] ftrace: allocating 42675 entries in 167 pages[0m
[2minstalled # [    0.011201] ftrace: allocating 42675 entries in 167 pages[0m
[2minstalled # [    0.018356] ftrace: allocated 167 pages with 5 groups[0m
[2minstalled # [    0.018356] ftrace: allocated 167 pages with 5 groups[0m
[2minstalled # [    0.018917] Dynamic Preempt: voluntary[0m
[2minstalled # [    0.018917] Dynamic Preempt: voluntary[0m
[2minstalled # [    0.019113] rcu: Preemptible hierarchical RCU implementation.[0m
[2minstalled # [    0.019113] rcu: Preemptible hierarchical RCU implementation.[0m
[2minstalled # [    0.019114] rcu: 	RCU event tracing is enabled.[0m
[2minstalled # [    0.019114] rcu: 	RCU event tracing is enabled.[0m
[2minstalled # [    0.019114] rcu: 	RCU restricting CPUs from NR_CPUS=384 to nr_cpu_ids=1.[0m
[2minstalled # [    0.019114] rcu: 	RCU restricting CPUs from NR_CPUS=384 to nr_cpu_ids=1.[0m
[2minstalled # [    0.019115] 	Trampoline variant of Tasks RCU enabled.[0m
[2minstalled # [    0.019115] 	Trampoline variant of Tasks RCU enabled.[0m
[2minstalled # [    0.019115] 	Rude variant of Tasks RCU enabled.[0m
[2minstalled # [    0.019115] 	Rude variant of Tasks RCU enabled.[0m
[2minstalled # [    0.019115] 	Tracing variant of Tasks RCU enabled.[0m
[2minstalled # [    0.019115] 	Tracing variant of Tasks RCU enabled.[0m
[2minstalled # [    0.019116] rcu: RCU calculated value of scheduler-enlistment delay is 100 jiffies.[0m
[2minstalled # [    0.019116] rcu: RCU calculated value of scheduler-enlistment delay is 100 jiffies.[0m
[2minstalled # [    0.019116] rcu: Adjusting geometry for rcu_fanout_leaf=16, nr_cpu_ids=1[0m
[2minstalled # [    0.019116] rcu: Adjusting geometry for rcu_fanout_leaf=16, nr_cpu_ids=1[0m
[2minstalled # [    0.020887] NR_IRQS: 24832, nr_irqs: 256, preallocated irqs: 16[0m
[2minstalled # [    0.020887] NR_IRQS: 24832, nr_irqs: 256, preallocated irqs: 16[0m
[2minstalled # [    0.021063] rcu: srcu_init: Setting srcu_struct sizes based on contention.[0m
[2minstalled # [    0.021063] rcu: srcu_init: Setting srcu_struct sizes based on contention.[0m
[2minstalled # [    0.021183] kfence: initialized - using 2097152 bytes for 255 objects at 0x(____ptrval____)-0x(____ptrval____)[0m
[2minstalled # [    0.021183] kfence: initialized - using 2097152 bytes for 255 objects at 0x(____ptrval____)-0x(____ptrval____)[0m
[2minstalled # [    0.024025] Console: colour VGA+ 80x25[0m
[2minstalled # [    0.024025] Console: colour VGA+ 80x25[0m
[2minstalled # [    0.024054] printk: console [ttyS0] enabled[0m
[2minstalled # [    0.024054] printk: console [ttyS0] enabled[0m
[2minstalled # [    0.088857] ACPI: Core revision 20230628[0m
[2minstalled # [    0.088857] ACPI: Core revision 20230628[0m
[2minstalled # [    0.089328] clocksource: hpet: mask: 0xffffffff max_cycles: 0xffffffff, max_idle_ns: 19112604467 ns[0m
[2minstalled # [    0.089328] clocksource: hpet: mask: 0xffffffff max_cycles: 0xffffffff, max_idle_ns: 19112604467 ns[0m
[2minstalled # [    0.090214] APIC: Switch to symmetric I/O mode setup[0m
[2minstalled # [    0.090214] APIC: Switch to symmetric I/O mode setup[0m
[2minstalled # [    0.090853] x2apic enabled[0m
[2minstalled # [    0.090853] x2apic enabled[0m
[2minstalled # [    0.091315] APIC: Switched APIC routing to: physical x2apic[0m
[2minstalled # [    0.091315] APIC: Switched APIC routing to: physical x2apic[0m
[2minstalled # [    0.092604] ..TIMER: vector=0x30 apic1=0 pin1=2 apic2=-1 pin2=-1[0m
[2minstalled # [    0.092604] ..TIMER: vector=0x30 apic1=0 pin1=2 apic2=-1 pin2=-1[0m
[2minstalled # [    0.093150] clocksource: tsc-early: mask: 0xffffffffffffffff max_cycles: 0x2f7a5a93bc9, max_idle_ns: 440795240669 ns[0m
[2minstalled # [    0.093150] clocksource: tsc-early: mask: 0xffffffffffffffff max_cycles: 0x2f7a5a93bc9, max_idle_ns: 440795240669 ns[0m
[2minstalled # [    0.094123] Calibrating delay loop (skipped) preset value.. 6587.56 BogoMIPS (lpj=3293782)[0m
[2minstalled # [    0.094123] Calibrating delay loop (skipped) preset value.. 6587.56 BogoMIPS (lpj=3293782)[0m
[2minstalled # [    0.095185] x86/cpu: User Mode Instruction Prevention (UMIP) activated[0m
[2minstalled # [    0.095185] x86/cpu: User Mode Instruction Prevention (UMIP) activated[0m
[2minstalled # [    0.096182] Last level iTLB entries: 4KB 512, 2MB 255, 4MB 127[0m
[2minstalled # [    0.096182] Last level iTLB entries: 4KB 512, 2MB 255, 4MB 127[0m
[2minstalled # [    0.096693] Last level dTLB entries: 4KB 512, 2MB 255, 4MB 127, 1GB 0[0m
[2minstalled # [    0.096693] Last level dTLB entries: 4KB 512, 2MB 255, 4MB 127, 1GB 0[0m
[2minstalled # [    0.097127] Spectre V1 : Mitigation: usercopy/swapgs barriers and __user pointer sanitization[0m
[2minstalled # [    0.097127] Spectre V1 : Mitigation: usercopy/swapgs barriers and __user pointer sanitization[0m
[2minstalled # [    0.098122] Spectre V2 : Mitigation: Retpolines[0m
[2minstalled # [    0.098122] Spectre V2 : Mitigation: Retpolines[0m
[2minstalled # [    0.098524] Spectre V2 : Spectre v2 / SpectreRSB mitigation: Filling RSB on context switch[0m
[2minstalled # [    0.098524] Spectre V2 : Spectre v2 / SpectreRSB mitigation: Filling RSB on context switch[0m
[2minstalled # [    0.099121] Spectre V2 : Spectre v2 / SpectreRSB : Filling RSB on VMEXIT[0m
[2minstalled # [    0.099121] Spectre V2 : Spectre v2 / SpectreRSB : Filling RSB on VMEXIT[0m
[2minstalled # [    0.100120] Spectre V2 : Enabling Restricted Speculation for firmware calls[0m
[2minstalled # [    0.100120] Spectre V2 : Enabling Restricted Speculation for firmware calls[0m
[2minstalled # [    0.100727] Spectre V2 : mitigation: Enabling conditional Indirect Branch Prediction Barrier[0m
[2minstalled # [    0.100727] Spectre V2 : mitigation: Enabling conditional Indirect Branch Prediction Barrier[0m
[2minstalled # [    0.101121] Speculative Store Bypass: Mitigation: Speculative Store Bypass disabled via prctl[0m
[2minstalled # [    0.101121] Speculative Store Bypass: Mitigation: Speculative Store Bypass disabled via prctl[0m
[2minstalled # [    0.102121] Speculative Return Stack Overflow: IBPB-extending microcode not applied![0m
[2minstalled # [    0.102121] Speculative Return Stack Overflow: IBPB-extending microcode not applied![0m
[2minstalled # [    0.102791] Speculative Return Stack Overflow: WARNING: See https://kernel.org/doc/html/latest/admin-guide/hw-vuln/srso.html for mitigation options.[0m
[2minstalled # [    0.102791] Speculative Return Stack Overflow: WARNING: See https://kernel.org/doc/html/latest/admin-guide/hw-vuln/srso.html for mitigation options.[0m
[2minstalled # [    0.102792] Speculative Return Stack Overflow: Vulnerable: Safe RET, no microcode[0m
[2minstalled # [    0.102792] Speculative Return Stack Overflow: Vulnerable: Safe RET, no microcode[0m
[2minstalled # [    0.103789] x86/fpu: Supporting XSAVE feature 0x001: 'x87 floating point registers'[0m
[2minstalled # [    0.103789] x86/fpu: Supporting XSAVE feature 0x001: 'x87 floating point registers'[0m
[2minstalled # [    0.104121] x86/fpu: Supporting XSAVE feature 0x002: 'SSE registers'[0m
[2minstalled # [    0.104121] x86/fpu: Supporting XSAVE feature 0x002: 'SSE registers'[0m
[2minstalled # [    0.105120] x86/fpu: Supporting XSAVE feature 0x004: 'AVX registers'[0m
[2minstalled # [    0.105120] x86/fpu: Supporting XSAVE feature 0x004: 'AVX registers'[0m
[2minstalled # [    0.105673] x86/fpu: Supporting XSAVE feature 0x020: 'AVX-512 opmask'[0m
[2minstalled # [    0.105673] x86/fpu: Supporting XSAVE feature 0x020: 'AVX-512 opmask'[0m
[2minstalled # [    0.106120] x86/fpu: Supporting XSAVE feature 0x040: 'AVX-512 Hi256'[0m
[2minstalled # [    0.106120] x86/fpu: Supporting XSAVE feature 0x040: 'AVX-512 Hi256'[0m
[2minstalled # [    0.106649] x86/fpu: Supporting XSAVE feature 0x080: 'AVX-512 ZMM_Hi256'[0m
[2minstalled # [    0.106649] x86/fpu: Supporting XSAVE feature 0x080: 'AVX-512 ZMM_Hi256'[0m
[2minstalled # [    0.107120] x86/fpu: Supporting XSAVE feature 0x200: 'Protection Keys User registers'[0m
[2minstalled # [    0.107120] x86/fpu: Supporting XSAVE feature 0x200: 'Protection Keys User registers'[0m
[2minstalled # [    0.107769] x86/fpu: xstate_offset[2]:  576, xstate_sizes[2]:  256[0m
[2minstalled # [    0.107769] x86/fpu: xstate_offset[2]:  576, xstate_sizes[2]:  256[0m
[2minstalled # [    0.108121] x86/fpu: xstate_offset[5]:  832, xstate_sizes[5]:   64[0m
[2minstalled # [    0.108121] x86/fpu: xstate_offset[5]:  832, xstate_sizes[5]:   64[0m
[2minstalled # [    0.109120] x86/fpu: xstate_offset[6]:  896, xstate_sizes[6]:  512[0m
[2minstalled # [    0.109120] x86/fpu: xstate_offset[6]:  896, xstate_sizes[6]:  512[0m
[2minstalled # [    0.109636] x86/fpu: xstate_offset[7]: 1408, xstate_sizes[7]: 1024[0m
[2minstalled # [    0.109636] x86/fpu: xstate_offset[7]: 1408, xstate_sizes[7]: 1024[0m
[2minstalled # [    0.110120] x86/fpu: xstate_offset[9]: 2432, xstate_sizes[9]:    8[0m
[2minstalled # [    0.110120] x86/fpu: xstate_offset[9]: 2432, xstate_sizes[9]:    8[0m
[2minstalled # [    0.110632] x86/fpu: Enabled xstate features 0x2e7, context size is 2440 bytes, using 'compacted' format.[0m
[2minstalled # [    0.110632] x86/fpu: Enabled xstate features 0x2e7, context size is 2440 bytes, using 'compacted' format.[0m
[2minstaller # [    0.000000] Linux version 6.6.28 (nixbld@localhost) (gcc (GCC) 13.2.0, GNU ld (GNU Binutils) 2.41) #1-NixOS SMP PREEMPT_DYNAMIC Wed Apr 17 09:19:38 UTC 2024[0m
[2minstaller # [    0.000000] Linux version 6.6.28 (nixbld@localhost) (gcc (GCC) 13.2.0, GNU ld (GNU Binutils) 2.41) #1-NixOS SMP PREEMPT_DYNAMIC Wed Apr 17 09:19:38 UTC 2024[0m
[2minstaller # [    0.000000] Command line: console=ttyS0 panic=1 boot.panic_on_fail clocksource=acpi_pm loglevel=7 net.ifnames=0 init=/nix/store/xf8m9sx0p1d967mgqx8dwg3djf3860vn-nixos-system-installer-test/init regInfo=/nix/store/03gslzqjnqh34sb1dbba2frhq1y4mcyg-closure-info/registration console=ttyS0[0m
[2minstaller # [    0.000000] Command line: console=ttyS0 panic=1 boot.panic_on_fail clocksource=acpi_pm loglevel=7 net.ifnames=0 init=/nix/store/xf8m9sx0p1d967mgqx8dwg3djf3860vn-nixos-system-installer-test/init regInfo=/nix/store/03gslzqjnqh34sb1dbba2frhq1y4mcyg-closure-info/registration console=ttyS0[0m
[2minstaller # [    0.000000] BIOS-provided physical RAM map:[0m
[2minstaller # [    0.000000] BIOS-provided physical RAM map:[0m
[2minstaller # [    0.000000] BIOS-e820: [mem 0x0000000000000000-0x000000000009fbff] usable[0m
[2minstaller # [    0.000000] BIOS-e820: [mem 0x0000000000000000-0x000000000009fbff] usable[0m
[2minstaller # [    0.000000] BIOS-e820: [mem 0x000000000009fc00-0x000000000009ffff] reserved[0m
[2minstaller # [    0.000000] BIOS-e820: [mem 0x000000000009fc00-0x000000000009ffff] reserved[0m
[2minstaller # [    0.000000] BIOS-e820: [mem 0x00000000000f0000-0x00000000000fffff] reserved[0m
[2minstaller # [    0.000000] BIOS-e820: [mem 0x00000000000f0000-0x00000000000fffff] reserved[0m
[2minstaller # [    0.000000] BIOS-e820: [mem 0x0000000000100000-0x000000005e7dafff] usable[0m
[2minstaller # [    0.000000] BIOS-e820: [mem 0x0000000000100000-0x000000005e7dafff] usable[0m
[2minstaller # [    0.000000] BIOS-e820: [mem 0x000000005e7db000-0x000000005e7fffff] reserved[0m
[2minstaller # [    0.000000] BIOS-e820: [mem 0x000000005e7db000-0x000000005e7fffff] reserved[0m
[2minstaller # [    0.000000] BIOS-e820: [mem 0x00000000feffc000-0x00000000feffffff] reserved[0m
[2minstaller # [    0.000000] BIOS-e820: [mem 0x00000000feffc000-0x00000000feffffff] reserved[0m
[2minstaller # [    0.000000] BIOS-e820: [mem 0x00000000fffc0000-0x00000000ffffffff] reserved[0m
[2minstaller # [    0.000000] BIOS-e820: [mem 0x00000000fffc0000-0x00000000ffffffff] reserved[0m
[2minstaller # [    0.000000] BIOS-e820: [mem 0x000000fd00000000-0x000000ffffffffff] reserved[0m
[2minstaller # [    0.000000] BIOS-e820: [mem 0x000000fd00000000-0x000000ffffffffff] reserved[0m
[2minstaller # [    0.000000] NX (Execute Disable) protection: active[0m
[2minstaller # [    0.000000] NX (Execute Disable) protection: active[0m
[2minstaller # [    0.000000] APIC: Static calls initialized[0m
[2minstaller # [    0.000000] APIC: Static calls initialized[0m
[2minstaller # [    0.000000] SMBIOS 3.0.0 present.[0m
[2minstaller # [    0.000000] SMBIOS 3.0.0 present.[0m
[2minstaller # [    0.000000] DMI: QEMU Standard PC (i440FX + PIIX, 1996), BIOS rel-1.16.3-0-ga6ed6b701f0a-prebuilt.qemu.org 04/01/2014[0m
[2minstaller # [    0.000000] DMI: QEMU Standard PC (i440FX + PIIX, 1996), BIOS rel-1.16.3-0-ga6ed6b701f0a-prebuilt.qemu.org 04/01/2014[0m
[2minstaller # [    0.000000] Hypervisor detected: KVM[0m
[2minstaller # [    0.000000] Hypervisor detected: KVM[0m
[2minstaller # [    0.000000] kvm-clock: Using msrs 4b564d01 and 4b564d00[0m
[2minstaller # [    0.000000] kvm-clock: Using msrs 4b564d01 and 4b564d00[0m
[2minstaller # [    0.000000] kvm-clock: using sched offset of 262369568 cycles[0m
[2minstalled # [    0.128361] Freeing SMP alternatives memory: 36K[0m
[2minstaller # [    0.000000] kvm-clock: using sched offset of 262369568 cycles[0m
[2minstalled # [    0.128361] Freeing SMP alternatives memory: 36K[0m
[2minstalled # [    0.128757] pid_max: default: 32768 minimum: 301[0m
[2minstalled # [    0.128757] pid_max: default: 32768 minimum: 301[0m
[2minstaller # [    0.000001] clocksource: kvm-clock: mask: 0xffffffffffffffff max_cycles: 0x1cd42e4dffb, max_idle_ns: 881590591483 ns[0m
[2minstaller # [    0.000001] clocksource: kvm-clock: mask: 0xffffffffffffffff max_cycles: 0x1cd42e4dffb, max_idle_ns: 881590591483 ns[0m
[2minstalled # [    0.129148] LSM: initializing lsm=capability,landlock,yama,selinux,bpf,integrity[0m
[2minstalled # [    0.129148] LSM: initializing lsm=capability,landlock,yama,selinux,bpf,integrity[0m
[2minstaller # [    0.000003] tsc: Detected 3293.782 MHz processor[0m
[2minstaller # [    0.000003] tsc: Detected 3293.782 MHz processor[0m
[2minstalled # [    0.129787] landlock: Up and running.[0m
[2minstalled # [    0.129787] landlock: Up and running.[0m
[2minstalled # [    0.130096] Yama: becoming mindful.[0m
[2minstalled # [    0.130096] Yama: becoming mindful.[0m
[2minstaller # [    0.000675] last_pfn = 0x5e7db max_arch_pfn = 0x400000000[0m
[2minstaller # [    0.000675] last_pfn = 0x5e7db max_arch_pfn = 0x400000000[0m
[2minstalled # [    0.130124] SELinux:  Initializing.[0m
[2minstalled # [    0.130124] SELinux:  Initializing.[0m
[2minstalled # [    0.130440] LSM support for eBPF active[0m
[2minstalled # [    0.130440] LSM support for eBPF active[0m
[2minstaller # [    0.000701] MTRR map: 4 entries (3 fixed + 1 variable; max 19), built from 8 variable MTRRs[0m
[2minstaller # [    0.000701] MTRR map: 4 entries (3 fixed + 1 variable; max 19), built from 8 variable MTRRs[0m
[2minstalled # [    0.131143] Mount-cache hash table entries: 4096 (order: 3, 32768 bytes, linear)[0m
[2minstalled # [    0.131143] Mount-cache hash table entries: 4096 (order: 3, 32768 bytes, linear)[0m
[2minstaller # [    0.000704] x86/PAT: Configuration [0-7]: WB  WC  UC- UC  WB  WP  UC- WT[0m
[2minstaller # [    0.000704] x86/PAT: Configuration [0-7]: WB  WC  UC- UC  WB  WP  UC- WT[0m
[2minstaller # [    0.002216] found SMP MP-table at [mem 0x000f5430-0x000f543f][0m
[2minstaller # [    0.002216] found SMP MP-table at [mem 0x000f5430-0x000f543f][0m
[2minstalled # [    0.131761] Mountpoint-cache hash table entries: 4096 (order: 3, 32768 bytes, linear)[0m
[2minstalled # [    0.131761] Mountpoint-cache hash table entries: 4096 (order: 3, 32768 bytes, linear)[0m
[2minstaller # [    0.002227] Using GB pages for direct mapping[0m
[2minstaller # [    0.002227] Using GB pages for direct mapping[0m
[2minstaller # [    0.002287] RAMDISK: [mem 0x5dc7f000-0x5e7cffff][0m
[2minstaller # [    0.002287] RAMDISK: [mem 0x5dc7f000-0x5e7cffff][0m
[2minstalled # [    0.132376] smpboot: CPU0: AMD Ryzen 7 7840U w/ Radeon  780M Graphics (family: 0x19, model: 0x74, stepping: 0x1)[0m
[2minstalled # [    0.132376] smpboot: CPU0: AMD Ryzen 7 7840U w/ Radeon  780M Graphics (family: 0x19, model: 0x74, stepping: 0x1)[0m
[2minstaller # [    0.002291] ACPI: Early table checksum verification disabled[0m
[2minstaller # [    0.002291] ACPI: Early table checksum verification disabled[0m
[2minstaller # [    0.002293] ACPI: RSDP 0x00000000000F5250 000014 (v00 BOCHS )[0m
[2minstaller # [    0.002293] ACPI: RSDP 0x00000000000F5250 000014 (v00 BOCHS )[0m
[2minstalled # [    0.133129] RCU Tasks: Setting shift to 0 and lim to 1 rcu_task_cb_adjust=1.[0m
[2minstalled # [    0.133129] RCU Tasks: Setting shift to 0 and lim to 1 rcu_task_cb_adjust=1.[0m
[2minstalled # [    0.133735] RCU Tasks Rude: Setting shift to 0 and lim to 1 rcu_task_cb_adjust=1.[0m
[2minstalled # [    0.133735] RCU Tasks Rude: Setting shift to 0 and lim to 1 rcu_task_cb_adjust=1.[0m
[2minstaller # [    0.002296] ACPI: RSDT 0x000000005E7E1D3F 000034 (v01 BOCHS  BXPC     00000001 BXPC 00000001)[0m
[2minstaller # [    0.002296] ACPI: RSDT 0x000000005E7E1D3F 000034 (v01 BOCHS  BXPC     00000001 BXPC 00000001)[0m
[2minstalled # [    0.134135] RCU Tasks Trace: Setting shift to 0 and lim to 1 rcu_task_cb_adjust=1.[0m
[2minstalled # [    0.134135] RCU Tasks Trace: Setting shift to 0 and lim to 1 rcu_task_cb_adjust=1.[0m
[2minstaller # [    0.002300] ACPI: FACP 0x000000005E7E1BEB 000074 (v01 BOCHS  BXPC     00000001 BXPC 00000001)[0m
[2minstaller # [    0.002300] ACPI: FACP 0x000000005E7E1BEB 000074 (v01 BOCHS  BXPC     00000001 BXPC 00000001)[0m
[2minstalled # [    0.134773] Performance Events: Fam17h+ core perfctr, AMD PMU driver.[0m
[2minstalled # [    0.134773] Performance Events: Fam17h+ core perfctr, AMD PMU driver.[0m
[2minstalled # [    0.135123] ... version:                0[0m
[2minstaller # [    0.002303] ACPI: DSDT 0x000000005E7E0040 001BAB (v01 BOCHS  BXPC     00000001 BXPC 00000001)[0m
[2minstalled # [    0.135123] ... version:                0[0m
[2minstaller # [    0.002303] ACPI: DSDT 0x000000005E7E0040 001BAB (v01 BOCHS  BXPC     00000001 BXPC 00000001)[0m
[2minstalled # [    0.135459] ... bit width:              48[0m
[2minstalled # [    0.135459] ... bit width:              48[0m
[2minstaller # [    0.002305] ACPI: FACS 0x000000005E7E0000 000040[0m
[2minstaller # [    0.002305] ACPI: FACS 0x000000005E7E0000 000040[0m
[2minstalled # [    0.135806] ... generic registers:      6[0m
[2minstalled # [    0.135806] ... generic registers:      6[0m
[2minstalled # [    0.136122] ... value mask:             0000ffffffffffff[0m
[2minstalled # [    0.136122] ... value mask:             0000ffffffffffff[0m
[2minstaller # [    0.002306] ACPI: APIC 0x000000005E7E1C5F 000080 (v03 BOCHS  BXPC     00000001 BXPC 00000001)[0m
[2minstaller # [    0.002306] ACPI: APIC 0x000000005E7E1C5F 000080 (v03 BOCHS  BXPC     00000001 BXPC 00000001)[0m
[2minstalled # [    0.136566] ... max period:             00007fffffffffff[0m
[2minstalled # [    0.136566] ... max period:             00007fffffffffff[0m
[2minstaller # [    0.002308] ACPI: HPET 0x000000005E7E1CDF 000038 (v01 BOCHS  BXPC     00000001 BXPC 00000001)[0m
[2minstaller # [    0.002308] ACPI: HPET 0x000000005E7E1CDF 000038 (v01 BOCHS  BXPC     00000001 BXPC 00000001)[0m
[2minstalled # [    0.137010] ... fixed-purpose events:   0[0m
[2minstalled # [    0.137010] ... fixed-purpose events:   0[0m
[2minstalled # [    0.137122] ... event mask:             000000000000003f[0m
[2minstalled # [    0.137122] ... event mask:             000000000000003f[0m
[2minstaller # [    0.002309] ACPI: WAET 0x000000005E7E1D17 000028 (v01 BOCHS  BXPC     00000001 BXPC 00000001)[0m
[2minstaller # [    0.002309] ACPI: WAET 0x000000005E7E1D17 000028 (v01 BOCHS  BXPC     00000001 BXPC 00000001)[0m
[2minstalled # [    0.137642] signal: max sigframe size: 3376[0m
[2minstalled # [    0.137642] signal: max sigframe size: 3376[0m
[2minstalled # [    0.138014] rcu: Hierarchical SRCU implementation.[0m
[2minstalled # [    0.138014] rcu: Hierarchical SRCU implementation.[0m
[2minstaller # [    0.002310] ACPI: Reserving FACP table memory at [mem 0x5e7e1beb-0x5e7e1c5e][0m
[2minstaller # [    0.002310] ACPI: Reserving FACP table memory at [mem 0x5e7e1beb-0x5e7e1c5e][0m
[2minstalled # [    0.138122] rcu: 	Max phase no-delay instances is 400.[0m
[2minstalled # [    0.138122] rcu: 	Max phase no-delay instances is 400.[0m
[2minstaller # [    0.002311] ACPI: Reserving DSDT table memory at [mem 0x5e7e0040-0x5e7e1bea][0m
[2minstaller # [    0.002311] ACPI: Reserving DSDT table memory at [mem 0x5e7e0040-0x5e7e1bea][0m
[2minstaller # [    0.002311] ACPI: Reserving FACS table memory at [mem 0x5e7e0000-0x5e7e003f][0m
[2minstaller # [    0.002311] ACPI: Reserving FACS table memory at [mem 0x5e7e0000-0x5e7e003f][0m
[2minstaller # [    0.002312] ACPI: Reserving APIC table memory at [mem 0x5e7e1c5f-0x5e7e1cde][0m
[2minstaller # [    0.002312] ACPI: Reserving APIC table memory at [mem 0x5e7e1c5f-0x5e7e1cde][0m
[2minstaller # [    0.002312] ACPI: Reserving HPET table memory at [mem 0x5e7e1cdf-0x5e7e1d16][0m
[2minstaller # [    0.002312] ACPI: Reserving HPET table memory at [mem 0x5e7e1cdf-0x5e7e1d16][0m
[2minstalled # [    0.140437] smp: Bringing up secondary CPUs ...[0m
[2minstalled # [    0.140437] smp: Bringing up secondary CPUs ...[0m
[2minstalled # [    0.140823] smp: Brought up 1 node, 1 CPU[0m
[2minstalled # [    0.140823] smp: Brought up 1 node, 1 CPU[0m
[2minstaller # [    0.002312] ACPI: Reserving WAET table memory at [mem 0x5e7e1d17-0x5e7e1d3e][0m
[2minstaller # [    0.002312] ACPI: Reserving WAET table memory at [mem 0x5e7e1d17-0x5e7e1d3e][0m
[2minstalled # [    0.141124] smpboot: Max logical packages: 1[0m
[2minstalled # [    0.141124] smpboot: Max logical packages: 1[0m
[2minstaller # [    0.002474] No NUMA configuration found[0m
[2minstaller # [    0.002474] No NUMA configuration found[0m
[2minstalled # [    0.141500] smpboot: Total of 1 processors activated (6587.56 BogoMIPS)[0m
[2minstalled # [    0.141500] smpboot: Total of 1 processors activated (6587.56 BogoMIPS)[0m
[2minstaller # [    0.002475] Faking a node at [mem 0x0000000000000000-0x000000005e7dafff][0m
[2minstaller # [    0.002475] Faking a node at [mem 0x0000000000000000-0x000000005e7dafff][0m
[2minstalled # [    0.142230] devtmpfs: initialized[0m
[2minstalled # [    0.142230] devtmpfs: initialized[0m
[2minstaller # [    0.002476] NODE_DATA(0) allocated [mem 0x5e7d5000-0x5e7dafff][0m
[2minstaller # [    0.002476] NODE_DATA(0) allocated [mem 0x5e7d5000-0x5e7dafff][0m
[2minstaller # [    0.002489] Zone ranges:[0m
[2minstaller # [    0.002489] Zone ranges:[0m
[2minstalled # [    0.142569] x86/mm: Memory block size: 128MB[0m
[2minstalled # [    0.142569] x86/mm: Memory block size: 128MB[0m
[2minstaller # [    0.002489]   DMA      [mem 0x0000000000001000-0x0000000000ffffff][0m
[2minstaller # [    0.002489]   DMA      [mem 0x0000000000001000-0x0000000000ffffff][0m
[2minstaller # [    0.002490]   DMA32    [mem 0x0000000001000000-0x000000005e7dafff][0m
[2minstaller # [    0.002490]   DMA32    [mem 0x0000000001000000-0x000000005e7dafff][0m
[2minstalled # [    0.143439] clocksource: jiffies: mask: 0xffffffff max_cycles: 0xffffffff, max_idle_ns: 1911260446275000 ns[0m
[2minstalled # [    0.143439] clocksource: jiffies: mask: 0xffffffff max_cycles: 0xffffffff, max_idle_ns: 1911260446275000 ns[0m
[2minstaller # [    0.002491]   Normal   empty[0m
[2minstaller # [    0.002491]   Normal   empty[0m
[2minstaller # [    0.002492]   Device   empty[0m
[2minstaller # [    0.002492]   Device   empty[0m
[2minstalled # [    0.144128] futex hash table entries: 256 (order: 2, 16384 bytes, linear)[0m
[2minstalled # [    0.144128] futex hash table entries: 256 (order: 2, 16384 bytes, linear)[0m
[2minstaller # [    0.002492] Movable zone start for each node[0m
[2minstaller # [    0.002492] Movable zone start for each node[0m
[2minstaller # [    0.002492] Early memory node ranges[0m
[2minstaller # [    0.002492] Early memory node ranges[0m
[2minstalled # [    0.144722] pinctrl core: initialized pinctrl subsystem[0m
[2minstalled # [    0.144722] pinctrl core: initialized pinctrl subsystem[0m
[2minstaller # [    0.002493]   node   0: [mem 0x0000000000001000-0x000000000009efff][0m
[2minstaller # [    0.002493]   node   0: [mem 0x0000000000001000-0x000000000009efff][0m
[2minstalled # [    0.145238] PM: RTC time: 18:21:55, date: 2024-05-25[0m
[2minstalled # [    0.145238] PM: RTC time: 18:21:55, date: 2024-05-25[0m
[2minstaller # [    0.002494]   node   0: [mem 0x0000000000100000-0x000000005e7dafff][0m
[2minstaller # [    0.002494]   node   0: [mem 0x0000000000100000-0x000000005e7dafff][0m
[2minstalled # [    0.146009] NET: Registered PF_NETLINK/PF_ROUTE protocol family[0m
[2minstalled # [    0.146009] NET: Registered PF_NETLINK/PF_ROUTE protocol family[0m
[2minstaller # [    0.002494] Initmem setup node 0 [mem 0x0000000000001000-0x000000005e7dafff][0m
[2minstaller # [    0.002494] Initmem setup node 0 [mem 0x0000000000001000-0x000000005e7dafff][0m
[2minstalled # [    0.146236] DMA: preallocated 256 KiB GFP_KERNEL pool for atomic allocations[0m
[2minstalled # [    0.146236] DMA: preallocated 256 KiB GFP_KERNEL pool for atomic allocations[0m
[2minstaller # [    0.002668] On node 0, zone DMA: 1 pages in unavailable ranges[0m
[2minstaller # [    0.002668] On node 0, zone DMA: 1 pages in unavailable ranges[0m
[2minstaller # [    0.002676] On node 0, zone DMA: 97 pages in unavailable ranges[0m
[2minstaller # [    0.002676] On node 0, zone DMA: 97 pages in unavailable ranges[0m
[2minstalled # [    0.146827] DMA: preallocated 256 KiB GFP_KERNEL|GFP_DMA pool for atomic allocations[0m
[2minstalled # [    0.146827] DMA: preallocated 256 KiB GFP_KERNEL|GFP_DMA pool for atomic allocations[0m
[2minstaller # [    0.004966] On node 0, zone DMA32: 6181 pages in unavailable ranges[0m
[2minstaller # [    0.004966] On node 0, zone DMA32: 6181 pages in unavailable ranges[0m
[2minstalled # [    0.147124] DMA: preallocated 256 KiB GFP_KERNEL|GFP_DMA32 pool for atomic allocations[0m
[2minstalled # [    0.147124] DMA: preallocated 256 KiB GFP_KERNEL|GFP_DMA32 pool for atomic allocations[0m
[2minstaller # [    0.005309] ACPI: PM-Timer IO Port: 0x608[0m
[2minstaller # [    0.005309] ACPI: PM-Timer IO Port: 0x608[0m
[2minstalled # [    0.147782] audit: initializing netlink subsys (disabled)[0m
[2minstalled # [    0.147782] audit: initializing netlink subsys (disabled)[0m
[2minstaller # [    0.005316] ACPI: LAPIC_NMI (acpi_id[0xff] dfl dfl lint[0x1])[0m
[2minstaller # [    0.005316] ACPI: LAPIC_NMI (acpi_id[0xff] dfl dfl lint[0x1])[0m
[2minstalled # [    0.148232] thermal_sys: Registered thermal governor 'bang_bang'[0m
[2minstalled # [    0.148232] thermal_sys: Registered thermal governor 'bang_bang'[0m
[2minstaller # [    0.005346] IOAPIC[0]: apic_id 0, version 17, address 0xfec00000, GSI 0-23[0m
[2minstaller # [    0.005346] IOAPIC[0]: apic_id 0, version 17, address 0xfec00000, GSI 0-23[0m
[2minstalled # [    0.148234] thermal_sys: Registered thermal governor 'step_wise'[0m
[2minstalled # [    0.148234] thermal_sys: Registered thermal governor 'step_wise'[0m
[2minstaller # [    0.005348] ACPI: INT_SRC_OVR (bus 0 bus_irq 0 global_irq 2 dfl dfl)[0m
[2minstaller # [    0.005348] ACPI: INT_SRC_OVR (bus 0 bus_irq 0 global_irq 2 dfl dfl)[0m
[2minstalled # [    0.148735] thermal_sys: Registered thermal governor 'user_space'[0m
[2minstalled # [    0.148735] thermal_sys: Registered thermal governor 'user_space'[0m
[2minstaller # [    0.005350] ACPI: INT_SRC_OVR (bus 0 bus_irq 5 global_irq 5 high level)[0m
[2minstaller # [    0.005350] ACPI: INT_SRC_OVR (bus 0 bus_irq 5 global_irq 5 high level)[0m
[2minstalled # [    0.149125] audit: type=2000 audit(1716661315.711:1): state=initialized audit_enabled=0 res=1[0m
[2minstalled # [    0.149125] audit: type=2000 audit(1716661315.711:1): state=initialized audit_enabled=0 res=1[0m
[2minstaller # [    0.005350] ACPI: INT_SRC_OVR (bus 0 bus_irq 9 global_irq 9 high level)[0m
[2minstaller # [    0.005350] ACPI: INT_SRC_OVR (bus 0 bus_irq 9 global_irq 9 high level)[0m
[2minstalled # [    0.150130] cpuidle: using governor menu[0m
[2minstalled # [    0.150130] cpuidle: using governor menu[0m
[2minstaller # [    0.005351] ACPI: INT_SRC_OVR (bus 0 bus_irq 10 global_irq 10 high level)[0m
[2minstaller # [    0.005351] ACPI: INT_SRC_OVR (bus 0 bus_irq 10 global_irq 10 high level)[0m
[2minstalled # [    0.150828] acpiphp: ACPI Hot Plug PCI Controller Driver version: 0.5[0m
[2minstalled # [    0.150828] acpiphp: ACPI Hot Plug PCI Controller Driver version: 0.5[0m
[2minstaller # [    0.005352] ACPI: INT_SRC_OVR (bus 0 bus_irq 11 global_irq 11 high level)[0m
[2minstaller # [    0.005352] ACPI: INT_SRC_OVR (bus 0 bus_irq 11 global_irq 11 high level)[0m
[2minstalled # [    0.151211] PCI: Using configuration type 1 for base access[0m
[2minstalled # [    0.151211] PCI: Using configuration type 1 for base access[0m
[2minstaller # [    0.005354] ACPI: Using ACPI (MADT) for SMP configuration information[0m
[2minstaller # [    0.005354] ACPI: Using ACPI (MADT) for SMP configuration information[0m
[2minstalled # [    0.151677] PCI: Using configuration type 1 for extended access[0m
[2minstalled # [    0.151677] PCI: Using configuration type 1 for extended access[0m
[2minstaller # [    0.005354] ACPI: HPET id: 0x8086a201 base: 0xfed00000[0m
[2minstaller # [    0.005354] ACPI: HPET id: 0x8086a201 base: 0xfed00000[0m
[2minstaller # [    0.005356] TSC deadline timer available[0m
[2minstaller # [    0.005356] TSC deadline timer available[0m
[2minstalled # [    0.152247] kprobes: kprobe jump-optimization is enabled. All kprobes are optimized if possible.[0m
[2minstalled # [    0.152247] kprobes: kprobe jump-optimization is enabled. All kprobes are optimized if possible.[0m
[2minstaller # [    0.005357] smpboot: Allowing 2 CPUs, 0 hotplug CPUs[0m
[2minstaller # [    0.005357] smpboot: Allowing 2 CPUs, 0 hotplug CPUs[0m
[2minstaller # [    0.005371] kvm-guest: APIC: eoi() replaced with kvm_guest_apic_eoi_write()[0m
[2minstaller # [    0.005371] kvm-guest: APIC: eoi() replaced with kvm_guest_apic_eoi_write()[0m
[2minstaller # [    0.005382] kvm-guest: KVM setup pv remote TLB flush[0m
[2minstaller # [    0.005382] kvm-guest: KVM setup pv remote TLB flush[0m
[2minstaller # [    0.005385] kvm-guest: setup PV sched yield[0m
[2minstaller # [    0.005385] kvm-guest: setup PV sched yield[0m
[2minstaller # [    0.005391] PM: hibernation: Registered nosave memory: [mem 0x00000000-0x00000fff][0m
[2minstaller # [    0.005391] PM: hibernation: Registered nosave memory: [mem 0x00000000-0x00000fff][0m
[2minstaller # [    0.005392] PM: hibernation: Registered nosave memory: [mem 0x0009f000-0x0009ffff][0m
[2minstaller # [    0.005392] PM: hibernation: Registered nosave memory: [mem 0x0009f000-0x0009ffff][0m
[2minstaller # [    0.005393] PM: hibernation: Registered nosave memory: [mem 0x000a0000-0x000effff][0m
[2minstaller # [    0.005393] PM: hibernation: Registered nosave memory: [mem 0x000a0000-0x000effff][0m
[2minstaller # [    0.005393] PM: hibernation: Registered nosave memory: [mem 0x000f0000-0x000fffff][0m
[2minstaller # [    0.005393] PM: hibernation: Registered nosave memory: [mem 0x000f0000-0x000fffff][0m
[2minstaller # [    0.005394] [mem 0x5e800000-0xfeffbfff] available for PCI devices[0m
[2minstaller # [    0.005394] [mem 0x5e800000-0xfeffbfff] available for PCI devices[0m
[2minstaller # [    0.005395] Booting paravirtualized kernel on KVM[0m
[2minstaller # [    0.005395] Booting paravirtualized kernel on KVM[0m
[2minstaller # [    0.005396] clocksource: refined-jiffies: mask: 0xffffffff max_cycles: 0xffffffff, max_idle_ns: 1910969940391419 ns[0m
[2minstaller # [    0.005396] clocksource: refined-jiffies: mask: 0xffffffff max_cycles: 0xffffffff, max_idle_ns: 1910969940391419 ns[0m
[2minstaller # [    0.008369] setup_percpu: NR_CPUS:384 nr_cpumask_bits:2 nr_cpu_ids:2 nr_node_ids:1[0m
[2minstaller # [    0.008369] setup_percpu: NR_CPUS:384 nr_cpumask_bits:2 nr_cpu_ids:2 nr_node_ids:1[0m
[2minstaller # [    0.008601] percpu: Embedded 84 pages/cpu s221184 r8192 d114688 u1048576[0m
[2minstaller # [    0.008601] percpu: Embedded 84 pages/cpu s221184 r8192 d114688 u1048576[0m
[2minstaller # [    0.008631] kvm-guest: PV spinlocks enabled[0m
[2minstaller # [    0.008631] kvm-guest: PV spinlocks enabled[0m
[2minstaller # [    0.008633] PV qspinlock hash table entries: 256 (order: 0, 4096 bytes, linear)[0m
[2minstaller # [    0.008633] PV qspinlock hash table entries: 256 (order: 0, 4096 bytes, linear)[0m
[2minstaller # [    0.008635] Kernel command line: console=ttyS0 panic=1 boot.panic_on_fail clocksource=acpi_pm loglevel=7 net.ifnames=0 init=/nix/store/xf8m9sx0p1d967mgqx8dwg3djf3860vn-nixos-system-installer-test/init regInfo=/nix/store/03gslzqjnqh34sb1dbba2frhq1y4mcyg-closure-info/registration console=ttyS0[0m
[2minstaller # [    0.008635] Kernel command line: console=ttyS0 panic=1 boot.panic_on_fail clocksource=acpi_pm loglevel=7 net.ifnames=0 init=/nix/store/xf8m9sx0p1d967mgqx8dwg3djf3860vn-nixos-system-installer-test/init regInfo=/nix/store/03gslzqjnqh34sb1dbba2frhq1y4mcyg-closure-info/registration console=ttyS0[0m
[2minstaller # [    0.008698] Unknown kernel command line parameters "regInfo=/nix/store/03gslzqjnqh34sb1dbba2frhq1y4mcyg-closure-info/registration", will be passed to user space.[0m
[2minstaller # [    0.008698] Unknown kernel command line parameters "regInfo=/nix/store/03gslzqjnqh34sb1dbba2frhq1y4mcyg-closure-info/registration", will be passed to user space.[0m
[2minstaller # [    0.008898] random: crng init done[0m
[2minstaller # [    0.008898] random: crng init done[0m
[2minstaller # [    0.009102] Dentry cache hash table entries: 262144 (order: 9, 2097152 bytes, linear)[0m
[2minstaller # [    0.009102] Dentry cache hash table entries: 262144 (order: 9, 2097152 bytes, linear)[0m
[2minstaller # [    0.009253] Inode-cache hash table entries: 131072 (order: 8, 1048576 bytes, linear)[0m
[2minstaller # [    0.009253] Inode-cache hash table entries: 131072 (order: 8, 1048576 bytes, linear)[0m
[2minstaller # [    0.009273] Fallback order for Node 0: 0[0m
[2minstaller # [    0.009273] Fallback order for Node 0: 0[0m
[2minstaller # [    0.009274] Built 1 zonelists, mobility grouping on.  Total pages: 380731[0m
[2minstaller # [    0.009274] Built 1 zonelists, mobility grouping on.  Total pages: 380731[0m
[2minstaller # [    0.009275] Policy zone: DMA32[0m
[2minstaller # [    0.009275] Policy zone: DMA32[0m
[2minstaller # [    0.009442] mem auto-init: stack:all(zero), heap alloc:off, heap free:off[0m
[2minstaller # [    0.009442] mem auto-init: stack:all(zero), heap alloc:off, heap free:off[0m
[2minstaller # [    0.010903] Memory: 1463488K/1547748K available (14336K kernel code, 2364K rwdata, 10884K rodata, 3088K init, 4568K bss, 84000K reserved, 0K cma-reserved)[0m
[2minstaller # [    0.010903] Memory: 1463488K/1547748K available (14336K kernel code, 2364K rwdata, 10884K rodata, 3088K init, 4568K bss, 84000K reserved, 0K cma-reserved)[0m
[2minstaller # [    0.011397] SLUB: HWalign=64, Order=0-3, MinObjects=0, CPUs=2, Nodes=1[0m
[2minstaller # [    0.011397] SLUB: HWalign=64, Order=0-3, MinObjects=0, CPUs=2, Nodes=1[0m
[2minstaller # [    0.011411] ftrace: allocating 42675 entries in 167 pages[0m
[2minstaller # [    0.011411] ftrace: allocating 42675 entries in 167 pages[0m
[2minstalled # [    0.172189] HugeTLB: registered 1.00 GiB page size, pre-allocated 0 pages[0m
[2minstalled # [    0.172189] HugeTLB: registered 1.00 GiB page size, pre-allocated 0 pages[0m
[2minstaller # [    0.017926] ftrace: allocated 167 pages with 5 groups[0m
[2minstaller # [    0.017926] ftrace: allocated 167 pages with 5 groups[0m
[2minstaller # [    0.018412] Dynamic Preempt: voluntary[0m
[2minstaller # [    0.018412] Dynamic Preempt: voluntary[0m
[2minstalled # [    0.172761] HugeTLB: 16380 KiB vmemmap can be freed for a 1.00 GiB page[0m
[2minstalled # [    0.172761] HugeTLB: 16380 KiB vmemmap can be freed for a 1.00 GiB page[0m
[2minstaller # [    0.018605] rcu: Preemptible hierarchical RCU implementation.[0m
[2minstaller # [    0.018605] rcu: Preemptible hierarchical RCU implementation.[0m
[2minstalled # [    0.173122] HugeTLB: registered 2.00 MiB page size, pre-allocated 0 pages[0m
[2minstalled # [    0.173122] HugeTLB: registered 2.00 MiB page size, pre-allocated 0 pages[0m
[2minstaller # [    0.018606] rcu: 	RCU event tracing is enabled.[0m
[2minstaller # [    0.018606] rcu: 	RCU event tracing is enabled.[0m
[2minstalled # [    0.173780] HugeTLB: 28 KiB vmemmap can be freed for a 2.00 MiB page[0m
[2minstalled # [    0.173780] HugeTLB: 28 KiB vmemmap can be freed for a 2.00 MiB page[0m
[2minstaller # [    0.018606] rcu: 	RCU restricting CPUs from NR_CPUS=384 to nr_cpu_ids=2.[0m
[2minstaller # [    0.018606] rcu: 	RCU restricting CPUs from NR_CPUS=384 to nr_cpu_ids=2.[0m
[2minstaller # [    0.018607] 	Trampoline variant of Tasks RCU enabled.[0m
[2minstaller # [    0.018607] 	Trampoline variant of Tasks RCU enabled.[0m
[2minstaller # [    0.018608] 	Rude variant of Tasks RCU enabled.[0m
[2minstaller # [    0.018608] 	Rude variant of Tasks RCU enabled.[0m
[2minstalled # [    0.174739] ACPI: Added _OSI(Module Device)[0m
[2minstalled # [    0.174739] ACPI: Added _OSI(Module Device)[0m
[2minstalled # [    0.175102] ACPI: Added _OSI(Processor Device)[0m
[2minstalled # [    0.175102] ACPI: Added _OSI(Processor Device)[0m
[2minstaller # [    0.018608] 	Tracing variant of Tasks RCU enabled.[0m
[2minstaller # [    0.018608] 	Tracing variant of Tasks RCU enabled.[0m
[2minstalled # [    0.175123] ACPI: Added _OSI(3.0 _SCP Extensions)[0m
[2minstalled # [    0.175123] ACPI: Added _OSI(3.0 _SCP Extensions)[0m
[2minstaller # [    0.018608] rcu: RCU calculated value of scheduler-enlistment delay is 100 jiffies.[0m
[2minstaller # [    0.018608] rcu: RCU calculated value of scheduler-enlistment delay is 100 jiffies.[0m
[2minstalled # [    0.175519] ACPI: Added _OSI(Processor Aggregator Device)[0m
[2minstalled # [    0.175519] ACPI: Added _OSI(Processor Aggregator Device)[0m
[2minstaller # [    0.018609] rcu: Adjusting geometry for rcu_fanout_leaf=16, nr_cpu_ids=2[0m
[2minstaller # [    0.018609] rcu: Adjusting geometry for rcu_fanout_leaf=16, nr_cpu_ids=2[0m
[2minstaller # [    0.020352] NR_IRQS: 24832, nr_irqs: 440, preallocated irqs: 16[0m
[2minstaller # [    0.020352] NR_IRQS: 24832, nr_irqs: 440, preallocated irqs: 16[0m
[2minstalled # [    0.176614] ACPI: 1 ACPI AML tables successfully acquired and loaded[0m
[2minstalled # [    0.176614] ACPI: 1 ACPI AML tables successfully acquired and loaded[0m
[2minstaller # [    0.020522] rcu: srcu_init: Setting srcu_struct sizes based on contention.[0m
[2minstaller # [    0.020522] rcu: srcu_init: Setting srcu_struct sizes based on contention.[0m
[2minstalled # [    0.177867] ACPI: _OSC evaluation for CPUs failed, trying _PDC[0m
[2minstalled # [    0.177867] ACPI: _OSC evaluation for CPUs failed, trying _PDC[0m
[2minstaller # [    0.020644] kfence: initialized - using 2097152 bytes for 255 objects at 0x(____ptrval____)-0x(____ptrval____)[0m
[2minstaller # [    0.020644] kfence: initialized - using 2097152 bytes for 255 objects at 0x(____ptrval____)-0x(____ptrval____)[0m
[2minstaller # [    0.023491] Console: colour VGA+ 80x25[0m
[2minstaller # [    0.023491] Console: colour VGA+ 80x25[0m
[2minstalled # [    0.178229] ACPI: Interpreter enabled[0m
[2minstalled # [    0.178229] ACPI: Interpreter enabled[0m
[2minstaller # [    0.023519] printk: console [ttyS0] enabled[0m
[2minstaller # [    0.023519] printk: console [ttyS0] enabled[0m
[2minstalled # [    0.178548] ACPI: PM: (supports S0 S3 S4 S5)[0m
[2minstalled # [    0.178548] ACPI: PM: (supports S0 S3 S4 S5)[0m
[2minstaller # [    0.090688] ACPI: Core revision 20230628[0m
[2minstaller # [    0.090688] ACPI: Core revision 20230628[0m
[2minstalled # [    0.178906] ACPI: Using IOAPIC for interrupt routing[0m
[2minstalled # [    0.178906] ACPI: Using IOAPIC for interrupt routing[0m
[2minstalled # [    0.179131] PCI: Using host bridge windows from ACPI; if necessary, use "pci=nocrs" and report a bug[0m
[2minstalled # [    0.179131] PCI: Using host bridge windows from ACPI; if necessary, use "pci=nocrs" and report a bug[0m
[2minstaller # [    0.091135] clocksource: hpet: mask: 0xffffffff max_cycles: 0xffffffff, max_idle_ns: 19112604467 ns[0m
[2minstaller # [    0.091135] clocksource: hpet: mask: 0xffffffff max_cycles: 0xffffffff, max_idle_ns: 19112604467 ns[0m
[2minstalled # [    0.179888] PCI: Using E820 reservations for host bridge windows[0m
[2minstalled # [    0.179888] PCI: Using E820 reservations for host bridge windows[0m
[2minstaller # [    0.092011] APIC: Switch to symmetric I/O mode setup[0m
[2minstaller # [    0.092011] APIC: Switch to symmetric I/O mode setup[0m
[2minstaller # [    0.092629] x2apic enabled[0m
[2minstaller # [    0.092629] x2apic enabled[0m
[2minstalled # [    0.180196] ACPI: Enabled 2 GPEs in block 00 to 0F[0m
[2minstalled # [    0.180196] ACPI: Enabled 2 GPEs in block 00 to 0F[0m
[2minstaller # [    0.093094] APIC: Switched APIC routing to: physical x2apic[0m
[2minstaller # [    0.093094] APIC: Switched APIC routing to: physical x2apic[0m
[2minstaller # [    0.093589] kvm-guest: APIC: send_IPI_mask() replaced with kvm_send_ipi_mask()[0m
[2minstaller # [    0.093589] kvm-guest: APIC: send_IPI_mask() replaced with kvm_send_ipi_mask()[0m
[2minstaller # [    0.094273] kvm-guest: APIC: send_IPI_mask_allbutself() replaced with kvm_send_ipi_mask_allbutself()[0m
[2minstaller # [    0.094273] kvm-guest: APIC: send_IPI_mask_allbutself() replaced with kvm_send_ipi_mask_allbutself()[0m
[2minstaller # [    0.095111] kvm-guest: setup PV IPIs[0m
[2minstaller # [    0.095111] kvm-guest: setup PV IPIs[0m
[2minstalled # [    0.182643] ACPI: PCI Root Bridge [PCI0] (domain 0000 [bus 00-ff])[0m
[2minstalled # [    0.182643] ACPI: PCI Root Bridge [PCI0] (domain 0000 [bus 00-ff])[0m
[2minstalled # [    0.183126] acpi PNP0A03:00: _OSC: OS supports [ExtendedConfig ASPM ClockPM Segments MSI HPX-Type3][0m
[2minstalled # [    0.183126] acpi PNP0A03:00: _OSC: OS supports [ExtendedConfig ASPM ClockPM Segments MSI HPX-Type3][0m
[2minstaller # [    0.096215] ..TIMER: vector=0x30 apic1=0 pin1=2 apic2=-1 pin2=-1[0m
[2minstaller # [    0.096215] ..TIMER: vector=0x30 apic1=0 pin1=2 apic2=-1 pin2=-1[0m
[2minstalled # [    0.184112] acpiphp: Slot [3] registered[0m
[2minstalled # [    0.184112] acpiphp: Slot [3] registered[0m
[2minstalled # [    0.184139] acpiphp: Slot [4] registered[0m
[2minstalled # [    0.184139] acpiphp: Slot [4] registered[0m
[2minstaller # [    0.096767] tsc: Marking TSC unstable due to TSCs unsynchronized[0m
[2minstaller # [    0.096767] tsc: Marking TSC unstable due to TSCs unsynchronized[0m
[2minstalled # [    0.184485] acpiphp: Slot [5] registered[0m
[2minstalled # [    0.184485] acpiphp: Slot [5] registered[0m
[2minstalled # [    0.184830] acpiphp: Slot [6] registered[0m
[2minstalled # [    0.184830] acpiphp: Slot [6] registered[0m
[2minstaller # [    0.097349] Calibrating delay loop (skipped) preset value.. 6587.56 BogoMIPS (lpj=3293782)[0m
[2minstaller # [    0.097349] Calibrating delay loop (skipped) preset value.. 6587.56 BogoMIPS (lpj=3293782)[0m
[2minstalled # [    0.185135] acpiphp: Slot [7] registered[0m
[2minstalled # [    0.185135] acpiphp: Slot [7] registered[0m
[2minstalled # [    0.185480] acpiphp: Slot [8] registered[0m
[2minstalled # [    0.185480] acpiphp: Slot [8] registered[0m
[2minstaller # [    0.098409] x86/cpu: User Mode Instruction Prevention (UMIP) activated[0m
[2minstaller # [    0.098409] x86/cpu: User Mode Instruction Prevention (UMIP) activated[0m
[2minstalled # [    0.185823] acpiphp: Slot [9] registered[0m
[2minstalled # [    0.185823] acpiphp: Slot [9] registered[0m
[2minstalled # [    0.186138] acpiphp: Slot [10] registered[0m
[2minstalled # [    0.186138] acpiphp: Slot [10] registered[0m
[2minstaller # [    0.099041] Last level iTLB entries: 4KB 512, 2MB 255, 4MB 127[0m
[2minstaller # [    0.099041] Last level iTLB entries: 4KB 512, 2MB 255, 4MB 127[0m
[2minstalled # [    0.186490] acpiphp: Slot [11] registered[0m
[2minstalled # [    0.186490] acpiphp: Slot [11] registered[0m
[2minstaller # [    0.099346] Last level dTLB entries: 4KB 512, 2MB 255, 4MB 127, 1GB 0[0m
[2minstaller # [    0.099346] Last level dTLB entries: 4KB 512, 2MB 255, 4MB 127, 1GB 0[0m
[2minstalled # [    0.186838] acpiphp: Slot [12] registered[0m
[2minstalled # [    0.186838] acpiphp: Slot [12] registered[0m
[2minstalled # [    0.187136] acpiphp: Slot [13] registered[0m
[2minstalled # [    0.187136] acpiphp: Slot [13] registered[0m
[2minstalled # [    0.187485] acpiphp: Slot [14] registered[0m
[2minstalled # [    0.187485] acpiphp: Slot [14] registered[0m
[2minstaller # [    0.099922] Spectre V1 : Mitigation: usercopy/swapgs barriers and __user pointer sanitization[0m
[2minstaller # [    0.099922] Spectre V1 : Mitigation: usercopy/swapgs barriers and __user pointer sanitization[0m
[2minstalled # [    0.187834] acpiphp: Slot [15] registered[0m
[2minstalled # [    0.187834] acpiphp: Slot [15] registered[0m
[2minstaller # [    0.100347] Spectre V2 : Mitigation: Retpolines[0m
[2minstaller # [    0.100347] Spectre V2 : Mitigation: Retpolines[0m
[2minstalled # [    0.188135] acpiphp: Slot [16] registered[0m
[2minstalled # [    0.188135] acpiphp: Slot [16] registered[0m
[2minstalled # [    0.188483] acpiphp: Slot [17] registered[0m
[2minstalled # [    0.188483] acpiphp: Slot [17] registered[0m
[2minstaller # [    0.101346] Spectre V2 : Spectre v2 / SpectreRSB mitigation: Filling RSB on context switch[0m
[2minstaller # [    0.101346] Spectre V2 : Spectre v2 / SpectreRSB mitigation: Filling RSB on context switch[0m
[2minstalled # [    0.188832] acpiphp: Slot [18] registered[0m
[2minstalled # [    0.188832] acpiphp: Slot [18] registered[0m
[2minstalled # [    0.189135] acpiphp: Slot [19] registered[0m
[2minstalled # [    0.189135] acpiphp: Slot [19] registered[0m
[2minstaller # [    0.102074] Spectre V2 : Spectre v2 / SpectreRSB : Filling RSB on VMEXIT[0m
[2minstaller # [    0.102074] Spectre V2 : Spectre v2 / SpectreRSB : Filling RSB on VMEXIT[0m
[2minstalled # [    0.189484] acpiphp: Slot [20] registered[0m
[2minstalled # [    0.189484] acpiphp: Slot [20] registered[0m
[2minstalled # [    0.189832] acpiphp: Slot [21] registered[0m
[2minstalled # [    0.189832] acpiphp: Slot [21] registered[0m
[2minstaller # [    0.102346] Spectre V2 : Enabling Restricted Speculation for firmware calls[0m
[2minstaller # [    0.102346] Spectre V2 : Enabling Restricted Speculation for firmware calls[0m
[2minstalled # [    0.190135] acpiphp: Slot [22] registered[0m
[2minstalled # [    0.190135] acpiphp: Slot [22] registered[0m
[2minstalled # [    0.190485] acpiphp: Slot [23] registered[0m
[2minstalled # [    0.190485] acpiphp: Slot [23] registered[0m
[2minstaller # [    0.103347] Spectre V2 : mitigation: Enabling conditional Indirect Branch Prediction Barrier[0m
[2minstaller # [    0.103347] Spectre V2 : mitigation: Enabling conditional Indirect Branch Prediction Barrier[0m
[2minstalled # [    0.190836] acpiphp: Slot [24] registered[0m
[2minstalled # [    0.190836] acpiphp: Slot [24] registered[0m
[2minstalled # [    0.191135] acpiphp: Slot [25] registered[0m
[2minstalled # [    0.191135] acpiphp: Slot [25] registered[0m
[2minstaller # [    0.104090] Speculative Store Bypass: Mitigation: Speculative Store Bypass disabled via prctl[0m
[2minstaller # [    0.104090] Speculative Store Bypass: Mitigation: Speculative Store Bypass disabled via prctl[0m
[2minstalled # [    0.191483] acpiphp: Slot [26] registered[0m
[2minstalled # [    0.191483] acpiphp: Slot [26] registered[0m
[2minstalled # [    0.191832] acpiphp: Slot [27] registered[0m
[2minstalled # [    0.191832] acpiphp: Slot [27] registered[0m
[2minstaller # [    0.104346] Speculative Return Stack Overflow: IBPB-extending microcode not applied![0m
[2minstaller # [    0.104346] Speculative Return Stack Overflow: IBPB-extending microcode not applied![0m
[2minstalled # [    0.192135] acpiphp: Slot [28] registered[0m
[2minstalled # [    0.192135] acpiphp: Slot [28] registered[0m
[2minstalled # [    0.192483] acpiphp: Slot [29] registered[0m
[2minstalled # [    0.192483] acpiphp: Slot [29] registered[0m
[2minstalled # [    0.192835] acpiphp: Slot [30] registered[0m
[2minstalled # [    0.192835] acpiphp: Slot [30] registered[0m
[2minstaller # [    0.105346] Speculative Return Stack Overflow: WARNING: See https://kernel.org/doc/html/latest/admin-guide/hw-vuln/srso.html for mitigation options.[0m
[2minstaller # [    0.105346] Speculative Return Stack Overflow: WARNING: See https://kernel.org/doc/html/latest/admin-guide/hw-vuln/srso.html for mitigation options.[0m
[2minstalled # [    0.193135] acpiphp: Slot [31] registered[0m
[2minstalled # [    0.193135] acpiphp: Slot [31] registered[0m
[2minstalled # [    0.193477] PCI host bridge to bus 0000:00[0m
[2minstalled # [    0.193477] PCI host bridge to bus 0000:00[0m
[2minstaller # [    0.105347] Speculative Return Stack Overflow: Vulnerable: Safe RET, no microcode[0m
[2minstaller # [    0.105347] Speculative Return Stack Overflow: Vulnerable: Safe RET, no microcode[0m
[2minstalled # [    0.193823] pci_bus 0000:00: root bus resource [io  0x0000-0x0cf7 window][0m
[2minstalled # [    0.193823] pci_bus 0000:00: root bus resource [io  0x0000-0x0cf7 window][0m
[2minstaller # [    0.107363] x86/fpu: Supporting XSAVE feature 0x001: 'x87 floating point registers'[0m
[2minstaller # [    0.107363] x86/fpu: Supporting XSAVE feature 0x001: 'x87 floating point registers'[0m
[2minstalled # [    0.194122] pci_bus 0000:00: root bus resource [io  0x0d00-0xffff window][0m
[2minstalled # [    0.194122] pci_bus 0000:00: root bus resource [io  0x0d00-0xffff window][0m
[2minstaller # [    0.108014] x86/fpu: Supporting XSAVE feature 0x002: 'SSE registers'[0m
[2minstaller # [    0.108014] x86/fpu: Supporting XSAVE feature 0x002: 'SSE registers'[0m
[2minstalled # [    0.194688] pci_bus 0000:00: root bus resource [mem 0x000a0000-0x000bffff window][0m
[2minstalled # [    0.194688] pci_bus 0000:00: root bus resource [mem 0x000a0000-0x000bffff window][0m
[2minstaller # [    0.108346] x86/fpu: Supporting XSAVE feature 0x004: 'AVX registers'[0m
[2minstaller # [    0.108346] x86/fpu: Supporting XSAVE feature 0x004: 'AVX registers'[0m
[2minstalled # [    0.195122] pci_bus 0000:00: root bus resource [mem 0x5e800000-0xfebfffff window][0m
[2minstalled # [    0.195122] pci_bus 0000:00: root bus resource [mem 0x5e800000-0xfebfffff window][0m
[2minstaller # [    0.108888] x86/fpu: Supporting XSAVE feature 0x020: 'AVX-512 opmask'[0m
[2minstaller # [    0.108888] x86/fpu: Supporting XSAVE feature 0x020: 'AVX-512 opmask'[0m
[2minstalled # [    0.195742] pci_bus 0000:00: root bus resource [mem 0x100000000-0x17fffffff window][0m
[2minstalled # [    0.195742] pci_bus 0000:00: root bus resource [mem 0x100000000-0x17fffffff window][0m
[2minstaller # [    0.109346] x86/fpu: Supporting XSAVE feature 0x040: 'AVX-512 Hi256'[0m
[2minstaller # [    0.109346] x86/fpu: Supporting XSAVE feature 0x040: 'AVX-512 Hi256'[0m
[2minstalled # [    0.196123] pci_bus 0000:00: root bus resource [bus 00-ff][0m
[2minstalled # [    0.196123] pci_bus 0000:00: root bus resource [bus 00-ff][0m
[2minstaller # [    0.110346] x86/fpu: Supporting XSAVE feature 0x080: 'AVX-512 ZMM_Hi256'[0m
[2minstaller # [    0.110346] x86/fpu: Supporting XSAVE feature 0x080: 'AVX-512 ZMM_Hi256'[0m
[2minstalled # [    0.196676] pci 0000:00:00.0: [8086:1237] type 00 class 0x060000[0m
[2minstalled # [    0.196676] pci 0000:00:00.0: [8086:1237] type 00 class 0x060000[0m
[2minstaller # [    0.110915] x86/fpu: Supporting XSAVE feature 0x200: 'Protection Keys User registers'[0m
[2minstaller # [    0.110915] x86/fpu: Supporting XSAVE feature 0x200: 'Protection Keys User registers'[0m
[2minstalled # [    0.197383] pci 0000:00:01.0: [8086:7000] type 00 class 0x060100[0m
[2minstalled # [    0.197383] pci 0000:00:01.0: [8086:7000] type 00 class 0x060100[0m
[2minstaller # [    0.111346] x86/fpu: xstate_offset[2]:  576, xstate_sizes[2]:  256[0m
[2minstaller # [    0.111346] x86/fpu: xstate_offset[2]:  576, xstate_sizes[2]:  256[0m
[2minstaller # [    0.111874] x86/fpu: xstate_offset[5]:  832, xstate_sizes[5]:   64[0m
[2minstaller # [    0.111874] x86/fpu: xstate_offset[5]:  832, xstate_sizes[5]:   64[0m
[2minstalled # [    0.198219] pci 0000:00:01.1: [8086:7010] type 00 class 0x010180[0m
[2minstalled # [    0.198219] pci 0000:00:01.1: [8086:7010] type 00 class 0x010180[0m
[2minstaller # [    0.112346] x86/fpu: xstate_offset[6]:  896, xstate_sizes[6]:  512[0m
[2minstaller # [    0.112346] x86/fpu: xstate_offset[6]:  896, xstate_sizes[6]:  512[0m
[2minstaller # [    0.112874] x86/fpu: xstate_offset[7]: 1408, xstate_sizes[7]: 1024[0m
[2minstaller # [    0.112874] x86/fpu: xstate_offset[7]: 1408, xstate_sizes[7]: 1024[0m
[2minstaller # [    0.113346] x86/fpu: xstate_offset[9]: 2432, xstate_sizes[9]:    8[0m
[2minstaller # [    0.113346] x86/fpu: xstate_offset[9]: 2432, xstate_sizes[9]:    8[0m
[2minstaller # [    0.114346] x86/fpu: Enabled xstate features 0x2e7, context size is 2440 bytes, using 'compacted' format.[0m
[2minstaller # [    0.114346] x86/fpu: Enabled xstate features 0x2e7, context size is 2440 bytes, using 'compacted' format.[0m
[2minstalled # [    0.200715] pci 0000:00:01.1: reg 0x20: [io  0xc1e0-0xc1ef][0m
[2minstalled # [    0.200715] pci 0000:00:01.1: reg 0x20: [io  0xc1e0-0xc1ef][0m
[2minstalled # [    0.201957] pci 0000:00:01.1: legacy IDE quirk: reg 0x10: [io  0x01f0-0x01f7][0m
[2minstalled # [    0.201957] pci 0000:00:01.1: legacy IDE quirk: reg 0x10: [io  0x01f0-0x01f7][0m
[2minstalled # [    0.202123] pci 0000:00:01.1: legacy IDE quirk: reg 0x14: [io  0x03f6][0m
[2minstalled # [    0.202123] pci 0000:00:01.1: legacy IDE quirk: reg 0x14: [io  0x03f6][0m
[2minstalled # [    0.202668] pci 0000:00:01.1: legacy IDE quirk: reg 0x18: [io  0x0170-0x0177][0m
[2minstalled # [    0.202668] pci 0000:00:01.1: legacy IDE quirk: reg 0x18: [io  0x0170-0x0177][0m
[2minstalled # [    0.203122] pci 0000:00:01.1: legacy IDE quirk: reg 0x1c: [io  0x0376][0m
[2minstalled # [    0.203122] pci 0000:00:01.1: legacy IDE quirk: reg 0x1c: [io  0x0376][0m
[2minstalled # [    0.204215] pci 0000:00:01.2: [8086:7020] type 00 class 0x0c0300[0m
[2minstalled # [    0.204215] pci 0000:00:01.2: [8086:7020] type 00 class 0x0c0300[0m
[2minstalled # [    0.205914] pci 0000:00:01.2: reg 0x20: [io  0xc100-0xc11f][0m
[2minstalled # [    0.205914] pci 0000:00:01.2: reg 0x20: [io  0xc100-0xc11f][0m
[2minstalled # [    0.207505] pci 0000:00:01.3: [8086:7113] type 00 class 0x068000[0m
[2minstalled # [    0.207505] pci 0000:00:01.3: [8086:7113] type 00 class 0x068000[0m
[2minstalled # [    0.208265] pci 0000:00:01.3: quirk: [io  0x0600-0x063f] claimed by PIIX4 ACPI[0m
[2minstalled # [    0.208265] pci 0000:00:01.3: quirk: [io  0x0600-0x063f] claimed by PIIX4 ACPI[0m
[2minstalled # [    0.209021] pci 0000:00:01.3: quirk: [io  0x0700-0x070f] claimed by PIIX4 SMB[0m
[2minstalled # [    0.209021] pci 0000:00:01.3: quirk: [io  0x0700-0x070f] claimed by PIIX4 SMB[0m
[2minstalled # [    0.209262] pci 0000:00:02.0: [1234:1111] type 00 class 0x030000[0m
[2minstalled # [    0.209262] pci 0000:00:02.0: [1234:1111] type 00 class 0x030000[0m
[2minstalled # [    0.210794] pci 0000:00:02.0: reg 0x10: [mem 0xfd000000-0xfdffffff pref][0m
[2minstalled # [    0.210794] pci 0000:00:02.0: reg 0x10: [mem 0xfd000000-0xfdffffff pref][0m
[2minstaller # [    0.131085] Freeing SMP alternatives memory: 36K[0m
[2minstaller # [    0.131085] Freeing SMP alternatives memory: 36K[0m
[2minstaller # [    0.131348] pid_max: default: 32768 minimum: 301[0m
[2minstaller # [    0.131348] pid_max: default: 32768 minimum: 301[0m
[2minstaller # [    0.131817] LSM: initializing lsm=capability,landlock,yama,selinux,bpf,integrity[0m
[2minstaller # [    0.131817] LSM: initializing lsm=capability,landlock,yama,selinux,bpf,integrity[0m
[2minstaller # [    0.132365] landlock: Up and running.[0m
[2minstaller # [    0.132365] landlock: Up and running.[0m
[2minstaller # [    0.132716] Yama: becoming mindful.[0m
[2minstaller # [    0.132716] Yama: becoming mindful.[0m
[2minstaller # [    0.133350] SELinux:  Initializing.[0m
[2minstaller # [    0.133350] SELinux:  Initializing.[0m
[2minstalled # [    0.213913] pci 0000:00:02.0: reg 0x18: [mem 0xfebd0000-0xfebd0fff][0m
[2minstalled # [    0.213913] pci 0000:00:02.0: reg 0x18: [mem 0xfebd0000-0xfebd0fff][0m
[2minstaller # [    0.133675] LSM support for eBPF active[0m
[2minstaller # [    0.133675] LSM support for eBPF active[0m
[2minstaller # [    0.134031] Mount-cache hash table entries: 4096 (order: 3, 32768 bytes, linear)[0m
[2minstaller # [    0.134031] Mount-cache hash table entries: 4096 (order: 3, 32768 bytes, linear)[0m
[2minstaller # [    0.134348] Mountpoint-cache hash table entries: 4096 (order: 3, 32768 bytes, linear)[0m
[2minstaller # [    0.134348] Mountpoint-cache hash table entries: 4096 (order: 3, 32768 bytes, linear)[0m
[2minstaller # [    0.135606] smpboot: CPU0: AMD Ryzen 7 7840U w/ Radeon  780M Graphics (family: 0x19, model: 0x74, stepping: 0x1)[0m
[2minstaller # [    0.135606] smpboot: CPU0: AMD Ryzen 7 7840U w/ Radeon  780M Graphics (family: 0x19, model: 0x74, stepping: 0x1)[0m
[2minstalled # [    0.216379] pci 0000:00:02.0: reg 0x30: [mem 0xfebc0000-0xfebcffff pref][0m
[2minstalled # [    0.216379] pci 0000:00:02.0: reg 0x30: [mem 0xfebc0000-0xfebcffff pref][0m
[2minstaller # [    0.136380] RCU Tasks: Setting shift to 1 and lim to 1 rcu_task_cb_adjust=1.[0m
[2minstaller # [    0.136380] RCU Tasks: Setting shift to 1 and lim to 1 rcu_task_cb_adjust=1.[0m
[2minstalled # [    0.216979] pci 0000:00:02.0: Video device with shadowed ROM at [mem 0x000c0000-0x000dffff][0m
[2minstalled # [    0.216979] pci 0000:00:02.0: Video device with shadowed ROM at [mem 0x000c0000-0x000dffff][0m
[2minstaller # [    0.137011] RCU Tasks Rude: Setting shift to 1 and lim to 1 rcu_task_cb_adjust=1.[0m
[2minstaller # [    0.137011] RCU Tasks Rude: Setting shift to 1 and lim to 1 rcu_task_cb_adjust=1.[0m
[2minstalled # [    0.217313] pci 0000:00:03.0: [1af4:1000] type 00 class 0x020000[0m
[2minstalled # [    0.217313] pci 0000:00:03.0: [1af4:1000] type 00 class 0x020000[0m
[2minstaller # [    0.137364] RCU Tasks Trace: Setting shift to 1 and lim to 1 rcu_task_cb_adjust=1.[0m
[2minstaller # [    0.137364] RCU Tasks Trace: Setting shift to 1 and lim to 1 rcu_task_cb_adjust=1.[0m
[2minstaller # [    0.138025] Performance Events: Fam17h+ core perfctr, AMD PMU driver.[0m
[2minstaller # [    0.138025] Performance Events: Fam17h+ core perfctr, AMD PMU driver.[0m
[2minstaller # [    0.138349] ... version:                0[0m
[2minstaller # [    0.138349] ... version:                0[0m
[2minstalled # [    0.218425] pci 0000:00:03.0: reg 0x10: [io  0xc120-0xc13f][0m
[2minstalled # [    0.218425] pci 0000:00:03.0: reg 0x10: [io  0xc120-0xc13f][0m
[2minstaller # [    0.138702] ... bit width:              48[0m
[2minstaller # [    0.138702] ... bit width:              48[0m
[2minstaller # [    0.139055] ... generic registers:      6[0m
[2minstaller # [    0.139055] ... generic registers:      6[0m
[2minstaller # [    0.139348] ... value mask:             0000ffffffffffff[0m
[2minstaller # [    0.139348] ... value mask:             0000ffffffffffff[0m
[2minstalled # [    0.219592] pci 0000:00:03.0: reg 0x14: [mem 0xfebd1000-0xfebd1fff][0m
[2minstalled # [    0.219592] pci 0000:00:03.0: reg 0x14: [mem 0xfebd1000-0xfebd1fff][0m
[2minstaller # [    0.139802] ... max period:             00007fffffffffff[0m
[2minstaller # [    0.139802] ... max period:             00007fffffffffff[0m
[2minstaller # [    0.140262] ... fixed-purpose events:   0[0m
[2minstaller # [    0.140262] ... fixed-purpose events:   0[0m
[2minstaller # [    0.140348] ... event mask:             000000000000003f[0m
[2minstaller # [    0.140348] ... event mask:             000000000000003f[0m
[2minstaller # [    0.140878] signal: max sigframe size: 3376[0m
[2minstaller # [    0.140878] signal: max sigframe size: 3376[0m
[2minstaller # [    0.141263] rcu: Hierarchical SRCU implementation.[0m
[2minstaller # [    0.141263] rcu: Hierarchical SRCU implementation.[0m
[2minstaller # [    0.141348] rcu: 	Max phase no-delay instances is 400.[0m
[2minstaller # [    0.141348] rcu: 	Max phase no-delay instances is 400.[0m
[2minstaller # [    0.143743] smp: Bringing up secondary CPUs ...[0m
[2minstaller # [    0.143743] smp: Bringing up secondary CPUs ...[0m
[2minstaller # [    0.144416] smpboot: x86: Booting SMP configuration:[0m
[2minstaller # [    0.144416] smpboot: x86: Booting SMP configuration:[0m
[2minstaller # [    0.144888] .... node  #0, CPUs:      #1[0m
[2minstaller # [    0.144888] .... node  #0, CPUs:      #1[0m
[2minstalled # [    0.223124] pci 0000:00:03.0: reg 0x20: [mem 0xfe000000-0xfe003fff 64bit pref][0m
[2minstalled # [    0.223124] pci 0000:00:03.0: reg 0x20: [mem 0xfe000000-0xfe003fff 64bit pref][0m
[2minstaller # [    0.145433] smp: Brought up 1 node, 2 CPUs[0m
[2minstaller # [    0.145433] smp: Brought up 1 node, 2 CPUs[0m
[2minstaller # [    0.146349] smpboot: Max logical packages: 1[0m
[2minstaller # [    0.146349] smpboot: Max logical packages: 1[0m
[2minstalled # [    0.224677] pci 0000:00:03.0: reg 0x30: [mem 0xfeb40000-0xfeb7ffff pref][0m
[2minstalled # [    0.224677] pci 0000:00:03.0: reg 0x30: [mem 0xfeb40000-0xfeb7ffff pref][0m
[2minstaller # [    0.146719] smpboot: Total of 2 processors activated (13175.12 BogoMIPS)[0m
[2minstaller # [    0.146719] smpboot: Total of 2 processors activated (13175.12 BogoMIPS)[0m
[2minstaller # [    0.147474] devtmpfs: initialized[0m
[2minstaller # [    0.147474] devtmpfs: initialized[0m
[2minstaller # [    0.147702] x86/mm: Memory block size: 128MB[0m
[2minstaller # [    0.147702] x86/mm: Memory block size: 128MB[0m
[2minstalled # [    0.225902] pci 0000:00:04.0: [1af4:1005] type 00 class 0x00ff00[0m
[2minstalled # [    0.225902] pci 0000:00:04.0: [1af4:1005] type 00 class 0x00ff00[0m
[2minstaller # [    0.148592] clocksource: jiffies: mask: 0xffffffff max_cycles: 0xffffffff, max_idle_ns: 1911260446275000 ns[0m
[2minstaller # [    0.148592] clocksource: jiffies: mask: 0xffffffff max_cycles: 0xffffffff, max_idle_ns: 1911260446275000 ns[0m
[2minstalled # [    0.226775] pci 0000:00:04.0: reg 0x10: [io  0xc140-0xc15f][0m
[2minstalled # [    0.226775] pci 0000:00:04.0: reg 0x10: [io  0xc140-0xc15f][0m
[2minstaller # [    0.149351] futex hash table entries: 512 (order: 3, 32768 bytes, linear)[0m
[2minstaller # [    0.149351] futex hash table entries: 512 (order: 3, 32768 bytes, linear)[0m
[2minstaller # [    0.149972] pinctrl core: initialized pinctrl subsystem[0m
[2minstaller # [    0.149972] pinctrl core: initialized pinctrl subsystem[0m
[2minstalled # [    0.227676] pci 0000:00:04.0: reg 0x14: [mem 0xfebd2000-0xfebd2fff][0m
[2minstalled # [    0.227676] pci 0000:00:04.0: reg 0x14: [mem 0xfebd2000-0xfebd2fff][0m
[2minstaller # [    0.150479] PM: RTC time: 18:21:55, date: 2024-05-25[0m
[2minstaller # [    0.150479] PM: RTC time: 18:21:55, date: 2024-05-25[0m
[2minstaller # [    0.151373] NET: Registered PF_NETLINK/PF_ROUTE protocol family[0m
[2minstaller # [    0.151373] NET: Registered PF_NETLINK/PF_ROUTE protocol family[0m
[2minstaller # [    0.152013] DMA: preallocated 256 KiB GFP_KERNEL pool for atomic allocations[0m
[2minstaller # [    0.152013] DMA: preallocated 256 KiB GFP_KERNEL pool for atomic allocations[0m
[2minstalled # [    0.229696] pci 0000:00:04.0: reg 0x20: [mem 0xfe004000-0xfe007fff 64bit pref][0m
[2minstalled # [    0.229696] pci 0000:00:04.0: reg 0x20: [mem 0xfe004000-0xfe007fff 64bit pref][0m
[2minstaller # [    0.152350] DMA: preallocated 256 KiB GFP_KERNEL|GFP_DMA pool for atomic allocations[0m
[2minstaller # [    0.152350] DMA: preallocated 256 KiB GFP_KERNEL|GFP_DMA pool for atomic allocations[0m
[2minstaller # [    0.153011] DMA: preallocated 256 KiB GFP_KERNEL|GFP_DMA32 pool for atomic allocations[0m
[2minstaller # [    0.153011] DMA: preallocated 256 KiB GFP_KERNEL|GFP_DMA32 pool for atomic allocations[0m
[2minstaller # [    0.153356] audit: initializing netlink subsys (disabled)[0m
[2minstaller # [    0.153356] audit: initializing netlink subsys (disabled)[0m
[2minstalled # [    0.231958] pci 0000:00:05.0: [1af4:1009] type 00 class 0x000200[0m
[2minstalled # [    0.231958] pci 0000:00:05.0: [1af4:1009] type 00 class 0x000200[0m
[2minstaller # [    0.153852] audit: type=2000 audit(1716661315.807:1): state=initialized audit_enabled=0 res=1[0m
[2minstaller # [    0.153852] audit: type=2000 audit(1716661315.807:1): state=initialized audit_enabled=0 res=1[0m
[2minstaller # [    0.153852] thermal_sys: Registered thermal governor 'bang_bang'[0m
[2minstaller # [    0.153852] thermal_sys: Registered thermal governor 'bang_bang'[0m
[2minstaller # [    0.154349] thermal_sys: Registered thermal governor 'step_wise'[0m
[2minstaller # [    0.154349] thermal_sys: Registered thermal governor 'step_wise'[0m
[2minstaller # [    0.154869] thermal_sys: Registered thermal governor 'user_space'[0m
[2minstaller # [    0.154869] thermal_sys: Registered thermal governor 'user_space'[0m
[2minstaller # [    0.155358] cpuidle: using governor menu[0m
[2minstaller # [    0.155358] cpuidle: using governor menu[0m
[2minstaller # [    0.156547] acpiphp: ACPI Hot Plug PCI Controller Driver version: 0.5[0m
[2minstaller # [    0.156547] acpiphp: ACPI Hot Plug PCI Controller Driver version: 0.5[0m
[2minstaller # [    0.157383] PCI: Using configuration type 1 for base access[0m
[2minstaller # [    0.157383] PCI: Using configuration type 1 for base access[0m
[2minstalled # [    0.233123] pci 0000:00:05.0: reg 0x10: [io  0xc080-0xc0bf][0m
[2minstalled # [    0.233123] pci 0000:00:05.0: reg 0x10: [io  0xc080-0xc0bf][0m
[2minstaller # [    0.157862] PCI: Using configuration type 1 for extended access[0m
[2minstaller # [    0.157862] PCI: Using configuration type 1 for extended access[0m
[2minstalled # [    0.234689] pci 0000:00:05.0: reg 0x14: [mem 0xfebd3000-0xfebd3fff][0m
[2minstalled # [    0.234689] pci 0000:00:05.0: reg 0x14: [mem 0xfebd3000-0xfebd3fff][0m
[2minstaller # [    0.158606] kprobes: kprobe jump-optimization is enabled. All kprobes are optimized if possible.[0m
[2minstaller # [    0.158606] kprobes: kprobe jump-optimization is enabled. All kprobes are optimized if possible.[0m
[2minstalled # [    0.236627] pci 0000:00:05.0: reg 0x20: [mem 0xfe008000-0xfe00bfff 64bit pref][0m
[2minstalled # [    0.236627] pci 0000:00:05.0: reg 0x20: [mem 0xfe008000-0xfe00bfff 64bit pref][0m
[2minstalled # [    0.238486] pci 0000:00:06.0: [1af4:1009] type 00 class 0x000200[0m
[2minstalled # [    0.238486] pci 0000:00:06.0: [1af4:1009] type 00 class 0x000200[0m
[2minstalled # [    0.239730] pci 0000:00:06.0: reg 0x10: [io  0xc160-0xc17f][0m
[2minstalled # [    0.239730] pci 0000:00:06.0: reg 0x10: [io  0xc160-0xc17f][0m
[2minstalled # [    0.240681] pci 0000:00:06.0: reg 0x14: [mem 0xfebd4000-0xfebd4fff][0m
[2minstalled # [    0.240681] pci 0000:00:06.0: reg 0x14: [mem 0xfebd4000-0xfebd4fff][0m
[2minstalled # [    0.244124] pci 0000:00:06.0: reg 0x20: [mem 0xfe00c000-0xfe00ffff 64bit pref][0m
[2minstalled # [    0.244124] pci 0000:00:06.0: reg 0x20: [mem 0xfe00c000-0xfe00ffff 64bit pref][0m
[2minstalled # [    0.245893] pci 0000:00:07.0: [1af4:1009] type 00 class 0x000200[0m
[2minstalled # [    0.245893] pci 0000:00:07.0: [1af4:1009] type 00 class 0x000200[0m
[2minstalled # [    0.246688] pci 0000:00:07.0: reg 0x10: [io  0xc180-0xc19f][0m
[2minstalled # [    0.246688] pci 0000:00:07.0: reg 0x10: [io  0xc180-0xc19f][0m
[2minstaller # [    0.173346] HugeTLB: registered 1.00 GiB page size, pre-allocated 0 pages[0m
[2minstaller # [    0.173346] HugeTLB: registered 1.00 GiB page size, pre-allocated 0 pages[0m
[2minstaller # [    0.174350] HugeTLB: 16380 KiB vmemmap can be freed for a 1.00 GiB page[0m
[2minstaller # [    0.174350] HugeTLB: 16380 KiB vmemmap can be freed for a 1.00 GiB page[0m
[2minstalled # [    0.247629] pci 0000:00:07.0: reg 0x14: [mem 0xfebd5000-0xfebd5fff][0m
[2minstalled # [    0.247629] pci 0000:00:07.0: reg 0x14: [mem 0xfebd5000-0xfebd5fff][0m
[2minstaller # [    0.174989] HugeTLB: registered 2.00 MiB page size, pre-allocated 0 pages[0m
[2minstaller # [    0.174989] HugeTLB: registered 2.00 MiB page size, pre-allocated 0 pages[0m
[2minstaller # [    0.175348] HugeTLB: 28 KiB vmemmap can be freed for a 2.00 MiB page[0m
[2minstaller # [    0.175348] HugeTLB: 28 KiB vmemmap can be freed for a 2.00 MiB page[0m
[2minstaller # [    0.176426] ACPI: Added _OSI(Module Device)[0m
[2minstaller # [    0.176426] ACPI: Added _OSI(Module Device)[0m
[2minstalled # [    0.249706] pci 0000:00:07.0: reg 0x20: [mem 0xfe010000-0xfe013fff 64bit pref][0m
[2minstalled # [    0.249706] pci 0000:00:07.0: reg 0x20: [mem 0xfe010000-0xfe013fff 64bit pref][0m
[2minstaller # [    0.176871] ACPI: Added _OSI(Processor Device)[0m
[2minstaller # [    0.176871] ACPI: Added _OSI(Processor Device)[0m
[2minstaller # [    0.177288] ACPI: Added _OSI(3.0 _SCP Extensions)[0m
[2minstaller # [    0.177288] ACPI: Added _OSI(3.0 _SCP Extensions)[0m
[2minstaller # [    0.177352] ACPI: Added _OSI(Processor Aggregator Device)[0m
[2minstaller # [    0.177352] ACPI: Added _OSI(Processor Aggregator Device)[0m
[2minstaller # [    0.178470] ACPI: 1 ACPI AML tables successfully acquired and loaded[0m
[2minstaller # [    0.178470] ACPI: 1 ACPI AML tables successfully acquired and loaded[0m
[2minstaller # [    0.180381] ACPI: _OSC evaluation for CPUs failed, trying _PDC[0m
[2minstaller # [    0.180381] ACPI: _OSC evaluation for CPUs failed, trying _PDC[0m
[2minstaller # [    0.180995] ACPI: Interpreter enabled[0m
[2minstaller # [    0.180995] ACPI: Interpreter enabled[0m
[2minstaller # [    0.180995] ACPI: PM: (supports S0 S3 S4 S5)[0m
[2minstaller # [    0.180995] ACPI: PM: (supports S0 S3 S4 S5)[0m
[2minstaller # [    0.180995] ACPI: Using IOAPIC for interrupt routing[0m
[2minstaller # [    0.180995] ACPI: Using IOAPIC for interrupt routing[0m
[2minstalled # [    0.253408] pci 0000:00:08.0: [1af4:1001] type 00 class 0x010000[0m
[2minstalled # [    0.253408] pci 0000:00:08.0: [1af4:1001] type 00 class 0x010000[0m
[2minstaller # [    0.181201] PCI: Using host bridge windows from ACPI; if necessary, use "pci=nocrs" and report a bug[0m
[2minstaller # [    0.181201] PCI: Using host bridge windows from ACPI; if necessary, use "pci=nocrs" and report a bug[0m
[2minstaller # [    0.182349] PCI: Using E820 reservations for host bridge windows[0m
[2minstaller # [    0.182349] PCI: Using E820 reservations for host bridge windows[0m
[2minstalled # [    0.254759] pci 0000:00:08.0: reg 0x10: [io  0xc000-0xc07f][0m
[2minstalled # [    0.254759] pci 0000:00:08.0: reg 0x10: [io  0xc000-0xc07f][0m
[2minstaller # [    0.182985] ACPI: Enabled 2 GPEs in block 00 to 0F[0m
[2minstaller # [    0.182985] ACPI: Enabled 2 GPEs in block 00 to 0F[0m
[2minstalled # [    0.255683] pci 0000:00:08.0: reg 0x14: [mem 0xfebd6000-0xfebd6fff][0m
[2minstalled # [    0.255683] pci 0000:00:08.0: reg 0x14: [mem 0xfebd6000-0xfebd6fff][0m
[2minstaller # [    0.185730] ACPI: PCI Root Bridge [PCI0] (domain 0000 [bus 00-ff])[0m
[2minstaller # [    0.185730] ACPI: PCI Root Bridge [PCI0] (domain 0000 [bus 00-ff])[0m
[2minstalled # [    0.257716] pci 0000:00:08.0: reg 0x20: [mem 0xfe014000-0xfe017fff 64bit pref][0m
[2minstalled # [    0.257716] pci 0000:00:08.0: reg 0x20: [mem 0xfe014000-0xfe017fff 64bit pref][0m
[2minstaller # [    0.186353] acpi PNP0A03:00: _OSC: OS supports [ExtendedConfig ASPM ClockPM Segments MSI HPX-Type3][0m
[2minstaller # [    0.186353] acpi PNP0A03:00: _OSC: OS supports [ExtendedConfig ASPM ClockPM Segments MSI HPX-Type3][0m
[2minstaller # [    0.187366] acpiphp: Slot [3] registered[0m
[2minstaller # [    0.187366] acpiphp: Slot [3] registered[0m
[2minstaller # [    0.187704] acpiphp: Slot [4] registered[0m
[2minstaller # [    0.187704] acpiphp: Slot [4] registered[0m
[2minstalled # [    0.259421] pci 0000:00:09.0: [1af4:1000] type 00 class 0x020000[0m
[2minstalled # [    0.259421] pci 0000:00:09.0: [1af4:1000] type 00 class 0x020000[0m
[2minstaller # [    0.188104] acpiphp: Slot [5] registered[0m
[2minstaller # [    0.188104] acpiphp: Slot [5] registered[0m
[2minstaller # [    0.188365] acpiphp: Slot [6] registered[0m
[2minstaller # [    0.188365] acpiphp: Slot [6] registered[0m
[2minstaller # [    0.188711] acpiphp: Slot [7] registered[0m
[2minstaller # [    0.188711] acpiphp: Slot [7] registered[0m
[2minstalled # [    0.260380] pci 0000:00:09.0: reg 0x10: [io  0xc1a0-0xc1bf][0m
[2minstalled # [    0.260380] pci 0000:00:09.0: reg 0x10: [io  0xc1a0-0xc1bf][0m
[2minstaller # [    0.189135] acpiphp: Slot [8] registered[0m
[2minstaller # [    0.189135] acpiphp: Slot [8] registered[0m
[2minstaller # [    0.189365] acpiphp: Slot [9] registered[0m
[2minstaller # [    0.189365] acpiphp: Slot [9] registered[0m
[2minstaller # [    0.189757] acpiphp: Slot [10] registered[0m
[2minstaller # [    0.189757] acpiphp: Slot [10] registered[0m
[2minstaller # [    0.190140] acpiphp: Slot [11] registered[0m
[2minstaller # [    0.190140] acpiphp: Slot [11] registered[0m
[2minstaller # [    0.190361] acpiphp: Slot [12] registered[0m
[2minstaller # [    0.190361] acpiphp: Slot [12] registered[0m
[2minstaller # [    0.190712] acpiphp: Slot [13] registered[0m
[2minstaller # [    0.190712] acpiphp: Slot [13] registered[0m
[2minstaller # [    0.191058] acpiphp: Slot [14] registered[0m
[2minstaller # [    0.191058] acpiphp: Slot [14] registered[0m
[2minstalled # [    0.261123] pci 0000:00:09.0: reg 0x14: [mem 0xfebd7000-0xfebd7fff][0m
[2minstalled # [    0.261123] pci 0000:00:09.0: reg 0x14: [mem 0xfebd7000-0xfebd7fff][0m
[2minstaller # [    0.191361] acpiphp: Slot [15] registered[0m
[2minstaller # [    0.191361] acpiphp: Slot [15] registered[0m
[2minstaller # [    0.191738] acpiphp: Slot [16] registered[0m
[2minstaller # [    0.191738] acpiphp: Slot [16] registered[0m
[2minstaller # [    0.192081] acpiphp: Slot [17] registered[0m
[2minstaller # [    0.192081] acpiphp: Slot [17] registered[0m
[2minstaller # [    0.192365] acpiphp: Slot [18] registered[0m
[2minstaller # [    0.192365] acpiphp: Slot [18] registered[0m
[2minstaller # [    0.192714] acpiphp: Slot [19] registered[0m
