Machine state will be reset. To keep it, pass --keep-vm-state
start all VLans
start vlan
running vlan (pid 16912; ctl /tmp/vde1.ctl)
(finished: start all VLans, in 0.00 seconds)
deleting VM state directory /tmp/vm-state-installed
if you want to keep the VM state, pass --keep-vm-state
deleting VM state directory /tmp/vm-state-installer
if you want to keep the VM state, pass --keep-vm-state
Test will time out and terminate in 3600 seconds
run the VM test script
additionally exposed symbols:
    installed, installer,
    vlan1,
    start_all, test_script, machines, vlans, driver, log, os, create_machine, subtest, run_tests, join_all, retry, serial_stdout_off, serial_stdout_on, polling_condition, Machine
start all VMs
installed: starting vm
mke2fs 1.47.0 (5-Feb-2023)
VNC server running on ::1:5900
installed # Disk image do not exist, creating the virtualisation disk image...
installed # Formatting '/tmp/vm-state-installed/tmp.BYn3Zzrf1B', fmt=raw size=1073741824
installed: QEMU running (pid 16914)
installed # Discarding device blocks: done         
installer: starting vm
installed # Creating filesystem with 262144 4k blocks and 65536 inodes
installed # Filesystem UUID: 2f6af111-e44b-4dc4-899a-e28fccd6d3f5
installed # Superblock backups stored on blocks:
installed # 	32768, 98304, 163840, 229376
installed # 
installed # Allocating group tables: done
installed # Writing inode tables: done
installed # Creating journal (8192 blocks): done
installed # Writing superblocks and filesystem accounting information: done
installed # 
installed # Virtualisation disk image created.
mke2fs 1.47.0 (5-Feb-2023)
VNC server running on ::1:5901
installer # Disk image do not exist, creating the virtualisation disk image...
installer # Formatting '/tmp/vm-state-installer/tmp.vLuXO4MqIU', fmt=raw size=1073741824
installer # Discarding device blocks: done         
installer # Creating filesystem with 262144 4k blocks and 65536 inodes
installer # Filesystem UUID: 89c8bea3-7dd9-4919-a6c2-ae3a1122ef06
installer # Superblock backups stored on blocks:
installer # 	32768, 98304, 163840, 229376
installer # 
installer # Allocating group tables: done
installer # Writing inode tables: done
installer # Creating journal (8192 blocks): done
installer # Writing superblocks and filesystem accounting information: done
installer # 
installer # Virtualisation disk image created.
installer: QEMU running (pid 16939)
(finished: start all VMs, in 0.20 seconds)
STOP before getting ssh keys
installer: waiting for success: 
  ssh -i /root/.ssh/install_key -o UserKnownHostsFile=/dev/null -o StrictHostKeyChecking=no     root@installed cat /etc/ssh/ssh_host_ed25519_key.pub

installer: waiting for the VM to finish booting
installed # [    0.000000] Linux version 6.6.28 (nixbld@localhost) (gcc (GCC) 13.2.0, GNU ld (GNU Binutils) 2.41) #1-NixOS SMP PREEMPT_DYNAMIC Wed Apr 17 09:19:38 UTC 2024
installed # [    0.000000] Command line: console=ttyS0 panic=1 boot.panic_on_fail clocksource=acpi_pm loglevel=7 net.ifnames=0 init=/nix/store/c5mx51z6vaihj1m7y7wbagbzb9kg8345-nixos-system-installed-test/init regInfo=/nix/store/1509qzisbi1k9qkhrxqvgksgrsyr9szd-closure-info/registration console=ttyS0
installed # [    0.000000] BIOS-provided physical RAM map:
installed # [    0.000000] BIOS-e820: [mem 0x0000000000000000-0x000000000009fbff] usable
installed # [    0.000000] BIOS-e820: [mem 0x000000000009fc00-0x000000000009ffff] reserved
installed # [    0.000000] BIOS-e820: [mem 0x00000000000f0000-0x00000000000fffff] reserved
installed # [    0.000000] BIOS-e820: [mem 0x0000000000100000-0x000000005e7dafff] usable
installed # [    0.000000] BIOS-e820: [mem 0x000000005e7db000-0x000000005e7fffff] reserved
installed # [    0.000000] BIOS-e820: [mem 0x00000000feffc000-0x00000000feffffff] reserved
installed # [    0.000000] BIOS-e820: [mem 0x00000000fffc0000-0x00000000ffffffff] reserved
installed # [    0.000000] BIOS-e820: [mem 0x000000fd00000000-0x000000ffffffffff] reserved
installed # [    0.000000] NX (Execute Disable) protection: active
installed # [    0.000000] APIC: Static calls initialized
installed # [    0.000000] SMBIOS 3.0.0 present.
installed # [    0.000000] DMI: QEMU Standard PC (i440FX + PIIX, 1996), BIOS rel-1.16.3-0-ga6ed6b701f0a-prebuilt.qemu.org 04/01/2014
installed # [    0.000000] Hypervisor detected: KVM
installed # [    0.000000] kvm-clock: Using msrs 4b564d01 and 4b564d00
installed # [    0.000000] kvm-clock: using sched offset of 268541938 cycles
installed # [    0.000001] clocksource: kvm-clock: mask: 0xffffffffffffffff max_cycles: 0x1cd42e4dffb, max_idle_ns: 881590591483 ns
installed # [    0.000003] tsc: Detected 3293.782 MHz processor
installed # [    0.000675] last_pfn = 0x5e7db max_arch_pfn = 0x400000000
installed # [    0.000703] MTRR map: 4 entries (3 fixed + 1 variable; max 19), built from 8 variable MTRRs
installed # [    0.000705] x86/PAT: Configuration [0-7]: WB  WC  UC- UC  WB  WP  UC- WT
installed # [    0.002243] found SMP MP-table at [mem 0x000f5430-0x000f543f]
installed # [    0.002255] Using GB pages for direct mapping
installed # [    0.002353] RAMDISK: [mem 0x5dc7f000-0x5e7cffff]
installed # [    0.002357] ACPI: Early table checksum verification disabled
installed # [    0.002360] ACPI: RSDP 0x00000000000F5250 000014 (v00 BOCHS )
installed # [    0.002363] ACPI: RSDT 0x000000005E7E1CE4 000034 (v01 BOCHS  BXPC     00000001 BXPC 00000001)
installed # [    0.002366] ACPI: FACP 0x000000005E7E1B98 000074 (v01 BOCHS  BXPC     00000001 BXPC 00000001)
installed # [    0.002369] ACPI: DSDT 0x000000005E7E0040 001B58 (v01 BOCHS  BXPC     00000001 BXPC 00000001)
installed # [    0.002371] ACPI: FACS 0x000000005E7E0000 000040
installed # [    0.002372] ACPI: APIC 0x000000005E7E1C0C 000078 (v03 BOCHS  BXPC     00000001 BXPC 00000001)
installed # [    0.002374] ACPI: HPET 0x000000005E7E1C84 000038 (v01 BOCHS  BXPC     00000001 BXPC 00000001)
installed # [    0.002375] ACPI: WAET 0x000000005E7E1CBC 000028 (v01 BOCHS  BXPC     00000001 BXPC 00000001)
installed # [    0.002376] ACPI: Reserving FACP table memory at [mem 0x5e7e1b98-0x5e7e1c0b]
installed # [    0.002377] ACPI: Reserving DSDT table memory at [mem 0x5e7e0040-0x5e7e1b97]
installed # [    0.002377] ACPI: Reserving FACS table memory at [mem 0x5e7e0000-0x5e7e003f]
installed # [    0.002378] ACPI: Reserving APIC table memory at [mem 0x5e7e1c0c-0x5e7e1c83]
installed # [    0.002378] ACPI: Reserving HPET table memory at [mem 0x5e7e1c84-0x5e7e1cbb]
installed # [    0.002378] ACPI: Reserving WAET table memory at [mem 0x5e7e1cbc-0x5e7e1ce3]
installed # [    0.002543] No NUMA configuration found
installed # [    0.002543] Faking a node at [mem 0x0000000000000000-0x000000005e7dafff]
installed # [    0.002545] NODE_DATA(0) allocated [mem 0x5e7d5000-0x5e7dafff]
installed # [    0.002557] Zone ranges:
installed # [    0.002557]   DMA      [mem 0x0000000000001000-0x0000000000ffffff]
installed # [    0.002559]   DMA32    [mem 0x0000000001000000-0x000000005e7dafff]
installed # [    0.002559]   Normal   empty
installed # [    0.002560]   Device   empty
installed # [    0.002560] Movable zone start for each node
installed # [    0.002561] Early memory node ranges
installed # [    0.002561]   node   0: [mem 0x0000000000001000-0x000000000009efff]
installed # [    0.002562]   node   0: [mem 0x0000000000100000-0x000000005e7dafff]
installed # [    0.002563] Initmem setup node 0 [mem 0x0000000000001000-0x000000005e7dafff]
installed # [    0.002721] On node 0, zone DMA: 1 pages in unavailable ranges
installed # [    0.002729] On node 0, zone DMA: 97 pages in unavailable ranges
installed # [    0.005005] On node 0, zone DMA32: 6181 pages in unavailable ranges
installed # [    0.005333] ACPI: PM-Timer IO Port: 0x608
installed # [    0.005340] ACPI: LAPIC_NMI (acpi_id[0xff] dfl dfl lint[0x1])
installed # [    0.005362] IOAPIC[0]: apic_id 0, version 17, address 0xfec00000, GSI 0-23
installed # [    0.005364] ACPI: INT_SRC_OVR (bus 0 bus_irq 0 global_irq 2 dfl dfl)
installed # [    0.005365] ACPI: INT_SRC_OVR (bus 0 bus_irq 5 global_irq 5 high level)
installed # [    0.005366] ACPI: INT_SRC_OVR (bus 0 bus_irq 9 global_irq 9 high level)
installed # [    0.005367] ACPI: INT_SRC_OVR (bus 0 bus_irq 10 global_irq 10 high level)
installed # [    0.005367] ACPI: INT_SRC_OVR (bus 0 bus_irq 11 global_irq 11 high level)
installed # [    0.005369] ACPI: Using ACPI (MADT) for SMP configuration information
installed # [    0.005370] ACPI: HPET id: 0x8086a201 base: 0xfed00000
installed # [    0.005372] TSC deadline timer available
installed # [    0.005373] smpboot: Allowing 1 CPUs, 0 hotplug CPUs
installed # [    0.005387] kvm-guest: APIC: eoi() replaced with kvm_guest_apic_eoi_write()
installed # [    0.005406] PM: hibernation: Registered nosave memory: [mem 0x00000000-0x00000fff]
installed # [    0.005407] PM: hibernation: Registered nosave memory: [mem 0x0009f000-0x0009ffff]
installed # [    0.005407] PM: hibernation: Registered nosave memory: [mem 0x000a0000-0x000effff]
installed # [    0.005408] PM: hibernation: Registered nosave memory: [mem 0x000f0000-0x000fffff]
installed # [    0.005409] [mem 0x5e800000-0xfeffbfff] available for PCI devices
installed # [    0.005410] Booting paravirtualized kernel on KVM
installed # [    0.005411] clocksource: refined-jiffies: mask: 0xffffffff max_cycles: 0xffffffff, max_idle_ns: 1910969940391419 ns
installed # [    0.008395] setup_percpu: NR_CPUS:384 nr_cpumask_bits:1 nr_cpu_ids:1 nr_node_ids:1
installed # [    0.008653] percpu: Embedded 84 pages/cpu s221184 r8192 d114688 u2097152
installed # [    0.008686] kvm-guest: PV spinlocks disabled, single CPU
installed # [    0.008687] Kernel command line: console=ttyS0 panic=1 boot.panic_on_fail clocksource=acpi_pm loglevel=7 net.ifnames=0 init=/nix/store/c5mx51z6vaihj1m7y7wbagbzb9kg8345-nixos-system-installed-test/init regInfo=/nix/store/1509qzisbi1k9qkhrxqvgksgrsyr9szd-closure-info/registration console=ttyS0
installed # [    0.008741] Unknown kernel command line parameters "regInfo=/nix/store/1509qzisbi1k9qkhrxqvgksgrsyr9szd-closure-info/registration", will be passed to user space.
installed # [    0.008955] random: crng init done
installed # [    0.009139] Dentry cache hash table entries: 262144 (order: 9, 2097152 bytes, linear)
installed # [    0.009166] Inode-cache hash table entries: 131072 (order: 8, 1048576 bytes, linear)
installed # [    0.009183] Fallback order for Node 0: 0
installed # [    0.009184] Built 1 zonelists, mobility grouping on.  Total pages: 380731
installed # [    0.009185] Policy zone: DMA32
installed # [    0.009381] mem auto-init: stack:all(zero), heap alloc:off, heap free:off
installed # [    0.010816] Memory: 1463836K/1547748K available (14336K kernel code, 2364K rwdata, 10884K rodata, 3088K init, 4568K bss, 83652K reserved, 0K cma-reserved)
installed # [    0.012624] SLUB: HWalign=64, Order=0-3, MinObjects=0, CPUs=1, Nodes=1
installed # [    0.012704] ftrace: allocating 42675 entries in 167 pages
installed # [    0.019452] ftrace: allocated 167 pages with 5 groups
installed # [    0.020031] Dynamic Preempt: voluntary
installed # [    0.020207] rcu: Preemptible hierarchical RCU implementation.
installed # [    0.020207] rcu: 	RCU event tracing is enabled.
installed # [    0.020208] rcu: 	RCU restricting CPUs from NR_CPUS=384 to nr_cpu_ids=1.
installed # [    0.020209] 	Trampoline variant of Tasks RCU enabled.
installed # [    0.020209] 	Rude variant of Tasks RCU enabled.
installed # [    0.020209] 	Tracing variant of Tasks RCU enabled.
installed # [    0.020210] rcu: RCU calculated value of scheduler-enlistment delay is 100 jiffies.
installed # [    0.020210] rcu: Adjusting geometry for rcu_fanout_leaf=16, nr_cpu_ids=1
installed # [    0.021945] NR_IRQS: 24832, nr_irqs: 256, preallocated irqs: 16
installed # [    0.022123] rcu: srcu_init: Setting srcu_struct sizes based on contention.
installed # [    0.022248] kfence: initialized - using 2097152 bytes for 255 objects at 0x(____ptrval____)-0x(____ptrval____)
installed # [    0.025055] Console: colour VGA+ 80x25
installed # [    0.025084] printk: console [ttyS0] enabled
installed # [    0.089395] ACPI: Core revision 20230628
installed # [    0.089923] clocksource: hpet: mask: 0xffffffff max_cycles: 0xffffffff, max_idle_ns: 19112604467 ns
installed # [    0.090828] APIC: Switch to symmetric I/O mode setup
installed # [    0.091483] x2apic enabled
installed # [    0.091956] APIC: Switched APIC routing to: physical x2apic
installed # [    0.093269] ..TIMER: vector=0x30 apic1=0 pin1=2 apic2=-1 pin2=-1
installed # [    0.093813] clocksource: tsc-early: mask: 0xffffffffffffffff max_cycles: 0x2f7a5a93bc9, max_idle_ns: 440795240669 ns
installed # [    0.094747] Calibrating delay loop (skipped) preset value.. 6587.56 BogoMIPS (lpj=3293782)
installed # [    0.095808] x86/cpu: User Mode Instruction Prevention (UMIP) activated
installed # [    0.096803] Last level iTLB entries: 4KB 512, 2MB 255, 4MB 127
installed # [    0.097315] Last level dTLB entries: 4KB 512, 2MB 255, 4MB 127, 1GB 0
installed # [    0.097748] Spectre V1 : Mitigation: usercopy/swapgs barriers and __user pointer sanitization
installed # [    0.098746] Spectre V2 : Mitigation: Retpolines
installed # [    0.099142] Spectre V2 : Spectre v2 / SpectreRSB mitigation: Filling RSB on context switch
installed # [    0.099745] Spectre V2 : Spectre v2 / SpectreRSB : Filling RSB on VMEXIT
installed # [    0.100745] Spectre V2 : Enabling Restricted Speculation for firmware calls
installed # [    0.101350] Spectre V2 : mitigation: Enabling conditional Indirect Branch Prediction Barrier
installed # [    0.101745] Speculative Store Bypass: Mitigation: Speculative Store Bypass disabled via prctl
installed # [    0.102745] Speculative Return Stack Overflow: IBPB-extending microcode not applied!
installed # [    0.103421] Speculative Return Stack Overflow: WARNING: See https://kernel.org/doc/html/latest/admin-guide/hw-vuln/srso.html for mitigation options.
installed # [    0.103422] Speculative Return Stack Overflow: Vulnerable: Safe RET, no microcode
installed # [    0.104426] x86/fpu: Supporting XSAVE feature 0x001: 'x87 floating point registers'
installed # [    0.104745] x86/fpu: Supporting XSAVE feature 0x002: 'SSE registers'
installed # [    0.105745] x86/fpu: Supporting XSAVE feature 0x004: 'AVX registers'
installed # [    0.106272] x86/fpu: Supporting XSAVE feature 0x020: 'AVX-512 opmask'
installed # [    0.106744] x86/fpu: Supporting XSAVE feature 0x040: 'AVX-512 Hi256'
installed # [    0.107271] x86/fpu: Supporting XSAVE feature 0x080: 'AVX-512 ZMM_Hi256'
installed # [    0.107745] x86/fpu: Supporting XSAVE feature 0x200: 'Protection Keys User registers'
installed # [    0.108398] x86/fpu: xstate_offset[2]:  576, xstate_sizes[2]:  256
installed # [    0.108745] x86/fpu: xstate_offset[5]:  832, xstate_sizes[5]:   64
installed # [    0.109745] x86/fpu: xstate_offset[6]:  896, xstate_sizes[6]:  512
installed # [    0.110269] x86/fpu: xstate_offset[7]: 1408, xstate_sizes[7]: 1024
installed # [    0.110745] x86/fpu: xstate_offset[9]: 2432, xstate_sizes[9]:    8
installed # [    0.111262] x86/fpu: Enabled xstate features 0x2e7, context size is 2440 bytes, using 'compacted' format.
installer # [    0.000000] Linux version 6.6.28 (nixbld@localhost) (gcc (GCC) 13.2.0, GNU ld (GNU Binutils) 2.41) #1-NixOS SMP PREEMPT_DYNAMIC Wed Apr 17 09:19:38 UTC 2024
installer # [    0.000000] Command line: console=ttyS0 panic=1 boot.panic_on_fail clocksource=acpi_pm loglevel=7 net.ifnames=0 init=/nix/store/xf8m9sx0p1d967mgqx8dwg3djf3860vn-nixos-system-installer-test/init regInfo=/nix/store/03gslzqjnqh34sb1dbba2frhq1y4mcyg-closure-info/registration console=ttyS0
installer # [    0.000000] BIOS-provided physical RAM map:
installer # [    0.000000] BIOS-e820: [mem 0x0000000000000000-0x000000000009fbff] usable
installer # [    0.000000] BIOS-e820: [mem 0x000000000009fc00-0x000000000009ffff] reserved
installer # [    0.000000] BIOS-e820: [mem 0x00000000000f0000-0x00000000000fffff] reserved
installed # [    0.129853] Freeing SMP alternatives memory: 36K
installer # [    0.000000] BIOS-e820: [mem 0x0000000000100000-0x000000005e7dafff] usable
installed # [    0.130297] pid_max: default: 32768 minimum: 301
installer # [    0.000000] BIOS-e820: [mem 0x000000005e7db000-0x000000005e7fffff] reserved
installed # [    0.130760] LSM: initializing lsm=capability,landlock,yama,selinux,bpf,integrity
installer # [    0.000000] BIOS-e820: [mem 0x00000000feffc000-0x00000000feffffff] reserved
installed # [    0.131470] landlock: Up and running.
installed # [    0.131745] Yama: becoming mindful.
installer # [    0.000000] BIOS-e820: [mem 0x00000000fffc0000-0x00000000ffffffff] reserved
installed # [    0.132046] SELinux:  Initializing.
installed # [    0.132360] LSM support for eBPF active
installer # [    0.000000] BIOS-e820: [mem 0x000000fd00000000-0x000000ffffffffff] reserved
installer # [    0.000000] NX (Execute Disable) protection: active
installed # [    0.132769] Mount-cache hash table entries: 4096 (order: 3, 32768 bytes, linear)
installer # [    0.000000] APIC: Static calls initialized
installer # [    0.000000] SMBIOS 3.0.0 present.
installed # [    0.133386] Mountpoint-cache hash table entries: 4096 (order: 3, 32768 bytes, linear)
installer # [    0.000000] DMI: QEMU Standard PC (i440FX + PIIX, 1996), BIOS rel-1.16.3-0-ga6ed6b701f0a-prebuilt.qemu.org 04/01/2014
installer # [    0.000000] Hypervisor detected: KVM
installed # [    0.134101] smpboot: CPU0: AMD Ryzen 7 7840U w/ Radeon  780M Graphics (family: 0x19, model: 0x74, stepping: 0x1)
installer # [    0.000000] kvm-clock: Using msrs 4b564d01 and 4b564d00
installed # [    0.134770] RCU Tasks: Setting shift to 0 and lim to 1 rcu_task_cb_adjust=1.
installer # [    0.000000] kvm-clock: using sched offset of 264806210 cycles
installed # [    0.135381] RCU Tasks Rude: Setting shift to 0 and lim to 1 rcu_task_cb_adjust=1.
installer # [    0.000001] clocksource: kvm-clock: mask: 0xffffffffffffffff max_cycles: 0x1cd42e4dffb, max_idle_ns: 881590591483 ns
installed # [    0.135760] RCU Tasks Trace: Setting shift to 0 and lim to 1 rcu_task_cb_adjust=1.
installer # [    0.000003] tsc: Detected 3293.782 MHz processor
installed # [    0.136400] Performance Events: Fam17h+ core perfctr, AMD PMU driver.
installer # [    0.000685] last_pfn = 0x5e7db max_arch_pfn = 0x400000000
installed # [    0.136748] ... version:                0
installed # [    0.137083] ... bit width:              48
installer # [    0.000713] MTRR map: 4 entries (3 fixed + 1 variable; max 19), built from 8 variable MTRRs
installed # [    0.137428] ... generic registers:      6
installed # [    0.137746] ... value mask:             0000ffffffffffff
installer # [    0.000717] x86/PAT: Configuration [0-7]: WB  WC  UC- UC  WB  WP  UC- WT
installed # [    0.138187] ... max period:             00007fffffffffff
installer # [    0.002238] found SMP MP-table at [mem 0x000f5430-0x000f543f]
installed # [    0.138632] ... fixed-purpose events:   0
installer # [    0.002249] Using GB pages for direct mapping
installed # [    0.138746] ... event mask:             000000000000003f
installer # [    0.002361] RAMDISK: [mem 0x5dc7f000-0x5e7cffff]
installed # [    0.139251] signal: max sigframe size: 3376
installer # [    0.002365] ACPI: Early table checksum verification disabled
installed # [    0.139623] rcu: Hierarchical SRCU implementation.
installer # [    0.002367] ACPI: RSDP 0x00000000000F5250 000014 (v00 BOCHS )
installed # [    0.139747] rcu: 	Max phase no-delay instances is 400.
installer # [    0.002370] ACPI: RSDT 0x000000005E7E1D3F 000034 (v01 BOCHS  BXPC     00000001 BXPC 00000001)
installer # [    0.002374] ACPI: FACP 0x000000005E7E1BEB 000074 (v01 BOCHS  BXPC     00000001 BXPC 00000001)
installer # [    0.002377] ACPI: DSDT 0x000000005E7E0040 001BAB (v01 BOCHS  BXPC     00000001 BXPC 00000001)
installed # [    0.142055] smp: Bringing up secondary CPUs ...
installer # [    0.002378] ACPI: FACS 0x000000005E7E0000 000040
installed # [    0.142461] smp: Brought up 1 node, 1 CPU
installed # [    0.142748] smpboot: Max logical packages: 1
installer # [    0.002379] ACPI: APIC 0x000000005E7E1C5F 000080 (v03 BOCHS  BXPC     00000001 BXPC 00000001)
installed # [    0.143133] smpboot: Total of 1 processors activated (6587.56 BogoMIPS)
installer # [    0.002381] ACPI: HPET 0x000000005E7E1CDF 000038 (v01 BOCHS  BXPC     00000001 BXPC 00000001)
installed # [    0.143875] devtmpfs: initialized
installed # [    0.144246] x86/mm: Memory block size: 128MB
installer # [    0.002382] ACPI: WAET 0x000000005E7E1D17 000028 (v01 BOCHS  BXPC     00000001 BXPC 00000001)
installer # [    0.002383] ACPI: Reserving FACP table memory at [mem 0x5e7e1beb-0x5e7e1c5e]
installed # [    0.145174] clocksource: jiffies: mask: 0xffffffff max_cycles: 0xffffffff, max_idle_ns: 1911260446275000 ns
installer # [    0.002384] ACPI: Reserving DSDT table memory at [mem 0x5e7e0040-0x5e7e1bea]
installed # [    0.145758] futex hash table entries: 256 (order: 2, 16384 bytes, linear)
installer # [    0.002384] ACPI: Reserving FACS table memory at [mem 0x5e7e0000-0x5e7e003f]
installed # [    0.146370] pinctrl core: initialized pinctrl subsystem
installer # [    0.002385] ACPI: Reserving APIC table memory at [mem 0x5e7e1c5f-0x5e7e1cde]
installed # [    0.146873] PM: RTC time: 18:22:19, date: 2024-05-25
installer # [    0.002385] ACPI: Reserving HPET table memory at [mem 0x5e7e1cdf-0x5e7e1d16]
installed # [    0.147680] NET: Registered PF_NETLINK/PF_ROUTE protocol family
installer # [    0.002386] ACPI: Reserving WAET table memory at [mem 0x5e7e1d17-0x5e7e1d3e]
installer # [    0.002550] No NUMA configuration found
installed # [    0.147867] DMA: preallocated 256 KiB GFP_KERNEL pool for atomic allocations
installer # [    0.002550] Faking a node at [mem 0x0000000000000000-0x000000005e7dafff]
installed # [    0.148461] DMA: preallocated 256 KiB GFP_KERNEL|GFP_DMA pool for atomic allocations
installer # [    0.002552] NODE_DATA(0) allocated [mem 0x5e7d5000-0x5e7dafff]
installer # [    0.002563] Zone ranges:
installed # [    0.148748] DMA: preallocated 256 KiB GFP_KERNEL|GFP_DMA32 pool for atomic allocations
installer # [    0.002564]   DMA      [mem 0x0000000000001000-0x0000000000ffffff]
installed # [    0.149411] audit: initializing netlink subsys (disabled)
installer # [    0.002565]   DMA32    [mem 0x0000000001000000-0x000000005e7dafff]
installed # [    0.149891] thermal_sys: Registered thermal governor 'bang_bang'
installer # [    0.002566]   Normal   empty
installer # [    0.002566]   Device   empty
installed # [    0.149892] thermal_sys: Registered thermal governor 'step_wise'
installer # [    0.002567] Movable zone start for each node
installer # [    0.002567] Early memory node ranges
installed # [    0.150393] thermal_sys: Registered thermal governor 'user_space'
installer # [    0.002567]   node   0: [mem 0x0000000000001000-0x000000000009efff]
installed # [    0.150748] audit: type=2000 audit(1716661339.957:1): state=initialized audit_enabled=0 res=1
installed # [    0.151758] cpuidle: using governor menu
installer # [    0.002568]   node   0: [mem 0x0000000000100000-0x000000005e7dafff]
installer # [    0.002569] Initmem setup node 0 [mem 0x0000000000001000-0x000000005e7dafff]
installed # [    0.152466] acpiphp: ACPI Hot Plug PCI Controller Driver version: 0.5
installer # [    0.002727] On node 0, zone DMA: 1 pages in unavailable ranges
installed # [    0.152840] PCI: Using configuration type 1 for base access
installer # [    0.002735] On node 0, zone DMA: 97 pages in unavailable ranges
installed # [    0.153303] PCI: Using configuration type 1 for extended access
installer # [    0.004991] On node 0, zone DMA32: 6181 pages in unavailable ranges
installer # [    0.005321] ACPI: PM-Timer IO Port: 0x608
installed # [    0.153883] kprobes: kprobe jump-optimization is enabled. All kprobes are optimized if possible.
installer # [    0.005328] ACPI: LAPIC_NMI (acpi_id[0xff] dfl dfl lint[0x1])
installer # [    0.005349] IOAPIC[0]: apic_id 0, version 17, address 0xfec00000, GSI 0-23
installer # [    0.005352] ACPI: INT_SRC_OVR (bus 0 bus_irq 0 global_irq 2 dfl dfl)
installer # [    0.005353] ACPI: INT_SRC_OVR (bus 0 bus_irq 5 global_irq 5 high level)
installer # [    0.005354] ACPI: INT_SRC_OVR (bus 0 bus_irq 9 global_irq 9 high level)
installer # [    0.005355] ACPI: INT_SRC_OVR (bus 0 bus_irq 10 global_irq 10 high level)
installer # [    0.005356] ACPI: INT_SRC_OVR (bus 0 bus_irq 11 global_irq 11 high level)
installer # [    0.005358] ACPI: Using ACPI (MADT) for SMP configuration information
installer # [    0.005359] ACPI: HPET id: 0x8086a201 base: 0xfed00000
installer # [    0.005362] TSC deadline timer available
installer # [    0.005362] smpboot: Allowing 2 CPUs, 0 hotplug CPUs
installer # [    0.005377] kvm-guest: APIC: eoi() replaced with kvm_guest_apic_eoi_write()
installer # [    0.005389] kvm-guest: KVM setup pv remote TLB flush
installer # [    0.005391] kvm-guest: setup PV sched yield
installer # [    0.005397] PM: hibernation: Registered nosave memory: [mem 0x00000000-0x00000fff]
installer # [    0.005398] PM: hibernation: Registered nosave memory: [mem 0x0009f000-0x0009ffff]
installer # [    0.005399] PM: hibernation: Registered nosave memory: [mem 0x000a0000-0x000effff]
installer # [    0.005399] PM: hibernation: Registered nosave memory: [mem 0x000f0000-0x000fffff]
installer # [    0.005400] [mem 0x5e800000-0xfeffbfff] available for PCI devices
installer # [    0.005401] Booting paravirtualized kernel on KVM
installer # [    0.005402] clocksource: refined-jiffies: mask: 0xffffffff max_cycles: 0xffffffff, max_idle_ns: 1910969940391419 ns
installer # [    0.008356] setup_percpu: NR_CPUS:384 nr_cpumask_bits:2 nr_cpu_ids:2 nr_node_ids:1
installer # [    0.008595] percpu: Embedded 84 pages/cpu s221184 r8192 d114688 u1048576
installer # [    0.008622] kvm-guest: PV spinlocks enabled
installer # [    0.008623] PV qspinlock hash table entries: 256 (order: 0, 4096 bytes, linear)
installer # [    0.008625] Kernel command line: console=ttyS0 panic=1 boot.panic_on_fail clocksource=acpi_pm loglevel=7 net.ifnames=0 init=/nix/store/xf8m9sx0p1d967mgqx8dwg3djf3860vn-nixos-system-installer-test/init regInfo=/nix/store/03gslzqjnqh34sb1dbba2frhq1y4mcyg-closure-info/registration console=ttyS0
installer # [    0.008679] Unknown kernel command line parameters "regInfo=/nix/store/03gslzqjnqh34sb1dbba2frhq1y4mcyg-closure-info/registration", will be passed to user space.
installer # [    0.008883] random: crng init done
installed # [    0.172548] HugeTLB: registered 1.00 GiB page size, pre-allocated 0 pages
installer # [    0.009077] Dentry cache hash table entries: 262144 (order: 9, 2097152 bytes, linear)
installed # [    0.172746] HugeTLB: 16380 KiB vmemmap can be freed for a 1.00 GiB page
installer # [    0.009224] Inode-cache hash table entries: 131072 (order: 8, 1048576 bytes, linear)
installed # [    0.173300] HugeTLB: registered 2.00 MiB page size, pre-allocated 0 pages
installer # [    0.009244] Fallback order for Node 0: 0
installed # [    0.173747] HugeTLB: 28 KiB vmemmap can be freed for a 2.00 MiB page
installer # [    0.009246] Built 1 zonelists, mobility grouping on.  Total pages: 380731
installer # [    0.009247] Policy zone: DMA32
installed # [    0.174619] ACPI: Added _OSI(Module Device)
installed # [    0.174748] ACPI: Added _OSI(Processor Device)
installer # [    0.009411] mem auto-init: stack:all(zero), heap alloc:off, heap free:off
installed # [    0.175123] ACPI: Added _OSI(3.0 _SCP Extensions)
installed # [    0.175519] ACPI: Added _OSI(Processor Aggregator Device)
installer # [    0.010880] Memory: 1463488K/1547748K available (14336K kernel code, 2364K rwdata, 10884K rodata, 3088K init, 4568K bss, 84000K reserved, 0K cma-reserved)
installer # [    0.011403] SLUB: HWalign=64, Order=0-3, MinObjects=0, CPUs=2, Nodes=1
installed # [    0.176467] ACPI: 1 ACPI AML tables successfully acquired and loaded
installer # [    0.011421] ftrace: allocating 42675 entries in 167 pages
installer # [    0.018583] ftrace: allocated 167 pages with 5 groups
installer # [    0.019150] Dynamic Preempt: voluntary
installed # [    0.177524] ACPI: _OSC evaluation for CPUs failed, trying _PDC
installer # [    0.019352] rcu: Preemptible hierarchical RCU implementation.
installed # [    0.177852] ACPI: Interpreter enabled
installer # [    0.019352] rcu: 	RCU event tracing is enabled.
installed # [    0.178173] ACPI: PM: (supports S0 S3 S4 S5)
installed # [    0.178538] ACPI: Using IOAPIC for interrupt routing
installer # [    0.019353] rcu: 	RCU restricting CPUs from NR_CPUS=384 to nr_cpu_ids=2.
installer # [    0.019354] 	Trampoline variant of Tasks RCU enabled.
installed # [    0.178758] PCI: Using host bridge windows from ACPI; if necessary, use "pci=nocrs" and report a bug
installer # [    0.019354] 	Rude variant of Tasks RCU enabled.
installed # [    0.179521] PCI: Using E820 reservations for host bridge windows
installer # [    0.019354] 	Tracing variant of Tasks RCU enabled.
installed # [    0.179829] ACPI: Enabled 2 GPEs in block 00 to 0F
installer # [    0.019355] rcu: RCU calculated value of scheduler-enlistment delay is 100 jiffies.
installer # [    0.019355] rcu: Adjusting geometry for rcu_fanout_leaf=16, nr_cpu_ids=2
installer # [    0.021119] NR_IRQS: 24832, nr_irqs: 440, preallocated irqs: 16
installer # [    0.021295] rcu: srcu_init: Setting srcu_struct sizes based on contention.
installed # [    0.182292] ACPI: PCI Root Bridge [PCI0] (domain 0000 [bus 00-ff])
installer # [    0.021424] kfence: initialized - using 2097152 bytes for 255 objects at 0x(____ptrval____)-0x(____ptrval____)
installer # [    0.024275] Console: colour VGA+ 80x25
installed # [    0.182750] acpi PNP0A03:00: _OSC: OS supports [ExtendedConfig ASPM ClockPM Segments MSI HPX-Type3]
installer # [    0.024303] printk: console [ttyS0] enabled
installed # [    0.183746] acpiphp: Slot [3] registered
installer # [    0.090121] ACPI: Core revision 20230628
installed # [    0.184089] acpiphp: Slot [4] registered
installed # [    0.184433] acpiphp: Slot [5] registered
installer # [    0.090571] clocksource: hpet: mask: 0xffffffff max_cycles: 0xffffffff, max_idle_ns: 19112604467 ns
installed # [    0.184760] acpiphp: Slot [6] registered
installed # [    0.185103] acpiphp: Slot [7] registered
installer # [    0.091478] APIC: Switch to symmetric I/O mode setup
installed # [    0.185445] acpiphp: Slot [8] registered
installer # [    0.092118] x2apic enabled
installed # [    0.185760] acpiphp: Slot [9] registered
installed # [    0.186110] acpiphp: Slot [10] registered
installer # [    0.092599] APIC: Switched APIC routing to: physical x2apic
installed # [    0.186461] acpiphp: Slot [11] registered
installed # [    0.186759] acpiphp: Slot [12] registered
installer # [    0.093107] kvm-guest: APIC: send_IPI_mask() replaced with kvm_send_ipi_mask()
installed # [    0.187111] acpiphp: Slot [13] registered
installed # [    0.187465] acpiphp: Slot [14] registered
installer # [    0.093784] kvm-guest: APIC: send_IPI_mask_allbutself() replaced with kvm_send_ipi_mask_allbutself()
installed # [    0.187759] acpiphp: Slot [15] registered
installer # [    0.094655] kvm-guest: setup PV IPIs
installed # [    0.188109] acpiphp: Slot [16] registered
installed # [    0.188462] acpiphp: Slot [17] registered
installed # [    0.188759] acpiphp: Slot [18] registered
installed # [    0.189109] acpiphp: Slot [19] registered
installer # [    0.095780] ..TIMER: vector=0x30 apic1=0 pin1=2 apic2=-1 pin2=-1
installed # [    0.189461] acpiphp: Slot [20] registered
installed # [    0.189759] acpiphp: Slot [21] registered
installer # [    0.096352] tsc: Marking TSC unstable due to TSCs unsynchronized
installed # [    0.190109] acpiphp: Slot [22] registered
installed # [    0.190462] acpiphp: Slot [23] registered
installer # [    0.096951] Calibrating delay loop (skipped) preset value.. 6587.56 BogoMIPS (lpj=3293782)
installed # [    0.190759] acpiphp: Slot [24] registered
installed # [    0.191109] acpiphp: Slot [25] registered
installer # [    0.098012] x86/cpu: User Mode Instruction Prevention (UMIP) activated
installed # [    0.191462] acpiphp: Slot [26] registered
installed # [    0.191759] acpiphp: Slot [27] registered
installer # [    0.098670] Last level iTLB entries: 4KB 512, 2MB 255, 4MB 127
installed # [    0.192109] acpiphp: Slot [28] registered
installed # [    0.192463] acpiphp: Slot [29] registered
installer # [    0.098950] Last level dTLB entries: 4KB 512, 2MB 255, 4MB 127, 1GB 0
installed # [    0.192760] acpiphp: Slot [30] registered
installed # [    0.193111] acpiphp: Slot [31] registered
installer # [    0.099953] Spectre V1 : Mitigation: usercopy/swapgs barriers and __user pointer sanitization
installed # [    0.193480] PCI host bridge to bus 0000:00
installer # [    0.100712] Spectre V2 : Mitigation: Retpolines
installed # [    0.193747] pci_bus 0000:00: root bus resource [io  0x0000-0x0cf7 window]
installer # [    0.100948] Spectre V2 : Spectre v2 / SpectreRSB mitigation: Filling RSB on context switch
installed # [    0.194424] pci_bus 0000:00: root bus resource [io  0x0d00-0xffff window]
installer # [    0.101949] Spectre V2 : Spectre v2 / SpectreRSB : Filling RSB on VMEXIT
installed # [    0.194747] pci_bus 0000:00: root bus resource [mem 0x000a0000-0x000bffff window]
installer # [    0.102577] Spectre V2 : Enabling Restricted Speculation for firmware calls
installed # [    0.195477] pci_bus 0000:00: root bus resource [mem 0x5e800000-0xfebfffff window]
installer # [    0.102950] Spectre V2 : mitigation: Enabling conditional Indirect Branch Prediction Barrier
installed # [    0.195746] pci_bus 0000:00: root bus resource [mem 0x100000000-0x17fffffff window]
installed # [    0.196386] pci_bus 0000:00: root bus resource [bus 00-ff]
installer # [    0.103949] Speculative Store Bypass: Mitigation: Speculative Store Bypass disabled via prctl
installed # [    0.196842] pci 0000:00:00.0: [8086:1237] type 00 class 0x060000
installer # [    0.104713] Speculative Return Stack Overflow: IBPB-extending microcode not applied!
installed # [    0.197615] pci 0000:00:01.0: [8086:7000] type 00 class 0x060100
installer # [    0.104948] Speculative Return Stack Overflow: WARNING: See https://kernel.org/doc/html/latest/admin-guide/hw-vuln/srso.html for mitigation options.
installed # [    0.198081] pci 0000:00:01.1: [8086:7010] type 00 class 0x010180
installer # [    0.104949] Speculative Return Stack Overflow: Vulnerable: Safe RET, no microcode
installer # [    0.106965] x86/fpu: Supporting XSAVE feature 0x001: 'x87 floating point registers'
installer # [    0.107948] x86/fpu: Supporting XSAVE feature 0x002: 'SSE registers'
installer # [    0.108492] x86/fpu: Supporting XSAVE feature 0x004: 'AVX registers'
installed # [    0.200556] pci 0000:00:01.1: reg 0x20: [io  0xc1e0-0xc1ef]
installer # [    0.108948] x86/fpu: Supporting XSAVE feature 0x020: 'AVX-512 opmask'
installer # [    0.109949] x86/fpu: Supporting XSAVE feature 0x040: 'AVX-512 Hi256'
installer # [    0.110503] x86/fpu: Supporting XSAVE feature 0x080: 'AVX-512 ZMM_Hi256'
installed # [    0.201685] pci 0000:00:01.1: legacy IDE quirk: reg 0x10: [io  0x01f0-0x01f7]
installed # [    0.201750] pci 0000:00:01.1: legacy IDE quirk: reg 0x14: [io  0x03f6]
installer # [    0.110949] x86/fpu: Supporting XSAVE feature 0x200: 'Protection Keys User registers'
installed # [    0.202299] pci 0000:00:01.1: legacy IDE quirk: reg 0x18: [io  0x0170-0x0177]
installer # [    0.111633] x86/fpu: xstate_offset[2]:  576, xstate_sizes[2]:  256
installed # [    0.202747] pci 0000:00:01.1: legacy IDE quirk: reg 0x1c: [io  0x0376]
installer # [    0.111949] x86/fpu: xstate_offset[5]:  832, xstate_sizes[5]:   64
installer # [    0.112948] x86/fpu: xstate_offset[6]:  896, xstate_sizes[6]:  512
installer # [    0.113491] x86/fpu: xstate_offset[7]: 1408, xstate_sizes[7]: 1024
installed # [    0.203459] pci 0000:00:01.2: [8086:7020] type 00 class 0x0c0300
installer # [    0.113949] x86/fpu: xstate_offset[9]: 2432, xstate_sizes[9]:    8
installer # [    0.114479] x86/fpu: Enabled xstate features 0x2e7, context size is 2440 bytes, using 'compacted' format.
installed # [    0.204885] pci 0000:00:01.2: reg 0x20: [io  0xc100-0xc11f]
installed # [    0.206577] pci 0000:00:01.3: [8086:7113] type 00 class 0x068000
installed # [    0.206994] pci 0000:00:01.3: quirk: [io  0x0600-0x063f] claimed by PIIX4 ACPI
installed # [    0.207635] pci 0000:00:01.3: quirk: [io  0x0700-0x070f] claimed by PIIX4 SMB
installed # [    0.207890] pci 0000:00:02.0: [1234:1111] type 00 class 0x030000
installed # [    0.209349] pci 0000:00:02.0: reg 0x10: [mem 0xfd000000-0xfdffffff pref]
installed # [    0.211748] pci 0000:00:02.0: reg 0x18: [mem 0xfebd0000-0xfebd0fff]
installed # [    0.214749] pci 0000:00:02.0: reg 0x30: [mem 0xfebc0000-0xfebcffff pref]
installed # [    0.215378] pci 0000:00:02.0: Video device with shadowed ROM at [mem 0x000c0000-0x000dffff]
installed # [    0.215932] pci 0000:00:03.0: [1af4:1000] type 00 class 0x020000
installer # [    0.130105] Freeing SMP alternatives memory: 36K
installer # [    0.130599] pid_max: default: 32768 minimum: 301
installed # [    0.217095] pci 0000:00:03.0: reg 0x10: [io  0xc120-0xc13f]
installer # [    0.131005] LSM: initializing lsm=capability,landlock,yama,selinux,bpf,integrity
installer # [    0.131738] landlock: Up and running.
installer # [    0.131949] Yama: becoming mindful.
installer # [    0.132260] SELinux:  Initializing.
installer # [    0.132953] LSM support for eBPF active
installed # [    0.218541] pci 0000:00:03.0: reg 0x14: [mem 0xfebd1000-0xfebd1fff]
installer # [    0.133330] Mount-cache hash table entries: 4096 (order: 3, 32768 bytes, linear)
installer # [    0.133950] Mountpoint-cache hash table entries: 4096 (order: 3, 32768 bytes, linear)
installer # [    0.134906] smpboot: CPU0: AMD Ryzen 7 7840U w/ Radeon  780M Graphics (family: 0x19, model: 0x74, stepping: 0x1)
installer # [    0.135004] RCU Tasks: Setting shift to 1 and lim to 1 rcu_task_cb_adjust=1.
installer # [    0.135626] RCU Tasks Rude: Setting shift to 1 and lim to 1 rcu_task_cb_adjust=1.
installer # [    0.135965] RCU Tasks Trace: Setting shift to 1 and lim to 1 rcu_task_cb_adjust=1.
installer # [    0.136636] Performance Events: Fam17h+ core perfctr, AMD PMU driver.
installer # [    0.136953] ... version:                0
installer # [    0.137299] ... bit width:              48
installer # [    0.137653] ... generic registers:      6
installer # [    0.137951] ... value mask:             0000ffffffffffff
installer # [    0.138403] ... max period:             00007fffffffffff
installed # [    0.222626] pci 0000:00:03.0: reg 0x20: [mem 0xfe000000-0xfe003fff 64bit pref]
installer # [    0.138860] ... fixed-purpose events:   0
installer # [    0.138951] ... event mask:             000000000000003f
installer # [    0.139475] signal: max sigframe size: 3376
installed # [    0.223342] pci 0000:00:03.0: reg 0x30: [mem 0xfeb40000-0xfeb7ffff pref]
installer # [    0.139865] rcu: Hierarchical SRCU implementation.
installer # [    0.139952] rcu: 	Max phase no-delay instances is 400.
installed # [    0.224648] pci 0000:00:04.0: [1af4:1005] type 00 class 0x00ff00
installed # [    0.225420] pci 0000:00:04.0: reg 0x10: [io  0xc140-0xc15f]
installer # [    0.142444] smp: Bringing up secondary CPUs ...
installed # [    0.226334] pci 0000:00:04.0: reg 0x14: [mem 0xfebd2000-0xfebd2fff]
installer # [    0.143036] smpboot: x86: Booting SMP configuration:
installer # [    0.143557] .... node  #0, CPUs:      #1
installer # [    0.144032] smp: Brought up 1 node, 2 CPUs
installer # [    0.144953] smpboot: Max logical packages: 1
installed # [    0.228749] pci 0000:00:04.0: reg 0x20: [mem 0xfe004000-0xfe007fff 64bit pref]
installer # [    0.145318] smpboot: Total of 2 processors activated (13175.12 BogoMIPS)
installer # [    0.146089] devtmpfs: initialized
installer # [    0.146313] x86/mm: Memory block size: 128MB
installer # [    0.147248] clocksource: jiffies: mask: 0xffffffff max_cycles: 0xffffffff, max_idle_ns: 1911260446275000 ns
installer # [    0.147953] futex hash table entries: 512 (order: 3, 32768 bytes, linear)
installer # [    0.148579] pinctrl core: initialized pinctrl subsystem
installer # [    0.149075] PM: RTC time: 18:22:19, date: 2024-05-25
installed # [    0.230550] pci 0000:00:05.0: [1af4:1009] type 00 class 0x000200
installer # [    0.149953] NET: Registered PF_NETLINK/PF_ROUTE protocol family
installed # [    0.231717] pci 0000:00:05.0: reg 0x10: [io  0xc080-0xc0bf]
installer # [    0.150606] DMA: preallocated 256 KiB GFP_KERNEL pool for atomic allocations
installer # [    0.150953] DMA: preallocated 256 KiB GFP_KERNEL|GFP_DMA pool for atomic allocations
installed # [    0.232268] pci 0000:00:05.0: reg 0x14: [mem 0xfebd3000-0xfebd3fff]
installer # [    0.151616] DMA: preallocated 256 KiB GFP_KERNEL|GFP_DMA32 pool for atomic allocations
installer # [    0.151961] audit: initializing netlink subsys (disabled)
installer # [    0.152452] audit: type=2000 audit(1716661340.058:1): state=initialized audit_enabled=0 res=1
installed # [    0.234256] pci 0000:00:05.0: reg 0x20: [mem 0xfe008000-0xfe00bfff 64bit pref]
installer # [    0.152452] thermal_sys: Registered thermal governor 'bang_bang'
installer # [    0.152952] thermal_sys: Registered thermal governor 'step_wise'
installer # [    0.153473] thermal_sys: Registered thermal governor 'user_space'
installer # [    0.153965] cpuidle: using governor menu
installed # [    0.236185] pci 0000:00:06.0: [1af4:1009] type 00 class 0x000200
installer # [    0.155143] acpiphp: ACPI Hot Plug PCI Controller Driver version: 0.5
installed # [    0.237035] pci 0000:00:06.0: reg 0x10: [io  0xc160-0xc17f]
installer # [    0.156005] PCI: Using configuration type 1 for base access
installer # [    0.156497] PCI: Using configuration type 1 for extended access
installer # [    0.157371] kprobes: kprobe jump-optimization is enabled. All kprobes are optimized if possible.
installed # [    0.238037] pci 0000:00:06.0: reg 0x14: [mem 0xfebd4000-0xfebd4fff]
installed # [    0.240269] pci 0000:00:06.0: reg 0x20: [mem 0xfe00c000-0xfe00ffff 64bit pref]
installed # [    0.242032] pci 0000:00:07.0: [1af4:1009] type 00 class 0x000200
installed # [    0.243020] pci 0000:00:07.0: reg 0x10: [io  0xc180-0xc19f]
installed # [    0.244006] pci 0000:00:07.0: reg 0x14: [mem 0xfebd5000-0xfebd5fff]
installer # [    0.163948] HugeTLB: registered 1.00 GiB page size, pre-allocated 0 pages
installer # [    0.164952] HugeTLB: 16380 KiB vmemmap can be freed for a 1.00 GiB page
installer # [    0.165573] HugeTLB: registered 2.00 MiB page size, pre-allocated 0 pages
installer # [    0.165951] HugeTLB: 28 KiB vmemmap can be freed for a 2.00 MiB page
installer # [    0.166948] ACPI: Added _OSI(Module Device)
installed # [    0.246369] pci 0000:00:07.0: reg 0x20: [mem 0xfe010000-0xfe013fff 64bit pref]
installer # [    0.166952] ACPI: Added _OSI(Processor Device)
installer # [    0.167332] ACPI: Added _OSI(3.0 _SCP Extensions)
installer # [    0.167742] ACPI: Added _OSI(Processor Aggregator Device)
installer # [    0.168644] ACPI: 1 ACPI AML tables successfully acquired and loaded
installer # [    0.173114] ACPI: _OSC evaluation for CPUs failed, trying _PDC
installer # [    0.173736] ACPI: Interpreter enabled
installed # [    0.250246] pci 0000:00:08.0: [1af4:1001] type 00 class 0x010000
installer # [    0.173966] ACPI: PM: (supports S0 S3 S4 S5)
installer # [    0.174379] ACPI: Using IOAPIC for interrupt routing
installed # [    0.251587] pci 0000:00:08.0: reg 0x10: [io  0xc000-0xc07f]
installer # [    0.174849] PCI: Using host bridge windows from ACPI; if necessary, use "pci=nocrs" and report a bug
installer # [    0.174950] PCI: Using E820 reservations for host bridge windows
installer # [    0.175566] ACPI: Enabled 2 GPEs in block 00 to 0F
installed # [    0.252474] pci 0000:00:08.0: reg 0x14: [mem 0xfebd6000-0xfebd6fff]
installed # [    0.254327] pci 0000:00:08.0: reg 0x20: [mem 0xfe014000-0xfe017fff 64bit pref]
installer # [    0.178198] ACPI: PCI Root Bridge [PCI0] (domain 0000 [bus 00-ff])
installer # [    0.178809] acpi PNP0A03:00: _OSC: OS supports [ExtendedConfig ASPM ClockPM Segments MSI HPX-Type3]
installer # [    0.179157] acpiphp: Slot [3] registered
installed # [    0.256097] pci 0000:00:09.0: [1af4:1000] type 00 class 0x020000
installer # [    0.179515] acpiphp: Slot [4] registered
installer # [    0.179868] acpiphp: Slot [5] registered
installer # [    0.179965] acpiphp: Slot [6] registered
installer # [    0.180322] acpiphp: Slot [7] registered
installer # [    0.180684] acpiphp: Slot [8] registered
installer # [    0.180965] acpiphp: Slot [9] registered
installer # [    0.181323] acpiphp: Slot [10] registered
installed # [    0.257012] pci 0000:00:09.0: reg 0x10: [io  0xc1a0-0xc1bf]
installer # [    0.181686] acpiphp: Slot [11] registered
installer # [    0.181966] acpiphp: Slot [12] registered
installer # [    0.182329] acpiphp: Slot [13] registered
installer # [    0.182687] acpiphp: Slot [14] registered
installed # [    0.258246] pci 0000:00:09.0: reg 0x14: [mem 0xfebd7000-0xfebd7fff]
installer # [    0.182965] acpiphp: Slot [15] registered
installer # [    0.183332] acpiphp: Slot [16] registered
installer # [    0.183693] acpiphp: Slot [17] registered
installer # [    0.183966] acpiphp: Slot [18] registered
installer # [    0.184328] acpiphp: Slot [19] registered
installer # [    0.184689] acpiphp: Slot [20] registered
installed # [    0.260233] pci 0000:00:09.0: reg 0x20: [mem 0xfe018000-0xfe01bfff 64bit pref]
installer # [    0.184966] acpiphp: Slot [21] registered
installer # [    0.185330] acpiphp: Slot [22] registered
installer # [    0.185694] acpiphp: Slot [23] registered
installed # [    0.261209] pci 0000:00:09.0: reg 0x30: [mem 0xfeb80000-0xfebbffff pref]
installer # [    0.185964] acpiphp: Slot [24] registered
installer # [    0.186326] acpiphp: Slot [25] registered
installer # [    0.186693] acpiphp: Slot [26] registered
installed # [    0.262507] pci 0000:00:0a.0: [1af4:1052] type 00 class 0x090000
installer # [    0.186966] acpiphp: Slot [27] registered
installer # [    0.187330] acpiphp: Slot [28] registered
installer # [    0.187692] acpiphp: Slot [29] registered
installer # [    0.187967] acpiphp: Slot [30] registered
installed # [    0.263440] pci 0000:00:0a.0: reg 0x14: [mem 0xfebd8000-0xfebd8fff]
installer # [    0.188328] acpiphp: Slot [31] registered
installer # [    0.188689] PCI host bridge to bus 0000:00
installer # [    0.188952] pci_bus 0000:00: root bus resource [io  0x0000-0x0cf7 window]
installed # [    0.264747] pci 0000:00:0a.0: reg 0x20: [mem 0xfe01c000-0xfe01ffff 64bit pref]
installer # [    0.189535] pci_bus 0000:00: root bus resource [io  0x0d00-0xffff window]
installer # [    0.189950] pci_bus 0000:00: root bus resource [mem 0x000a0000-0x000bffff window]
installer # [    0.190595] pci_bus 0000:00: root bus resource [mem 0x5e800000-0xfebfffff window]
installer # [    0.190951] pci_bus 0000:00: root bus resource [mem 0x100000000-0x17fffffff window]
installer # [    0.191602] pci_bus 0000:00: root bus resource [bus 00-ff]
installer # [    0.192054] pci 0000:00:00.0: [8086:1237] type 00 class 0x060000
installed # [    0.267289] pci 0000:00:0b.0: [1af4:1003] type 00 class 0x078000
installer # [    0.192855] pci 0000:00:01.0: [8086:7000] type 00 class 0x060100
installer # [    0.193294] pci 0000:00:01.1: [8086:7010] type 00 class 0x010180
installed # [    0.268747] pci 0000:00:0b.0: reg 0x10: [io  0xc0c0-0xc0ff]
installed # [    0.269732] pci 0000:00:0b.0: reg 0x14: [mem 0xfebd9000-0xfebd9fff]
installer # [    0.195915] pci 0000:00:01.1: reg 0x20: [io  0xc1e0-0xc1ef]
installed # [    0.271586] pci 0000:00:0b.0: reg 0x20: [mem 0xfe020000-0xfe023fff 64bit pref]
installer # [    0.196952] pci 0000:00:01.1: legacy IDE quirk: reg 0x10: [io  0x01f0-0x01f7]
installer # [    0.197579] pci 0000:00:01.1: legacy IDE quirk: reg 0x14: [io  0x03f6]
installer # [    0.197958] pci 0000:00:01.1: legacy IDE quirk: reg 0x18: [io  0x0170-0x0177]
installed # [    0.273404] pci 0000:00:0c.0: [1af4:1005] type 00 class 0x00ff00
installer # [    0.198700] pci 0000:00:01.1: legacy IDE quirk: reg 0x1c: [io  0x0376]
installer # [    0.199119] pci 0000:00:01.2: [8086:7020] type 00 class 0x0c0300
installed # [    0.274297] pci 0000:00:0c.0: reg 0x10: [io  0xc1c0-0xc1df]
installer # [    0.201180] pci 0000:00:01.2: reg 0x20: [io  0xc100-0xc11f]
installed # [    0.275258] pci 0000:00:0c.0: reg 0x14: [mem 0xfebda000-0xfebdafff]
installer # [    0.203087] pci 0000:00:01.3: [8086:7113] type 00 class 0x068000
installer # [    0.203862] pci 0000:00:01.3: quirk: [io  0x0600-0x063f] claimed by PIIX4 ACPI
installer # [    0.203955] pci 0000:00:01.3: quirk: [io  0x0700-0x070f] claimed by PIIX4 SMB
installed # [    0.277747] pci 0000:00:0c.0: reg 0x20: [mem 0xfe024000-0xfe027fff 64bit pref]
installer # [    0.204713] pci 0000:00:02.0: [1234:1111] type 00 class 0x030000
installed # [    0.279754] ACPI: PCI: Interrupt link LNKA configured for IRQ 10
installed # [    0.280338] ACPI: PCI: Interrupt link LNKB configured for IRQ 10
installer # [    0.206921] pci 0000:00:02.0: reg 0x10: [mem 0xfd000000-0xfdffffff pref]
installed # [    0.280820] ACPI: PCI: Interrupt link LNKC configured for IRQ 11
installed # [    0.281393] ACPI: PCI: Interrupt link LNKD configured for IRQ 11
installed # [    0.281789] ACPI: PCI: Interrupt link LNKS configured for IRQ 9
installer # [    0.207954] pci 0000:00:02.0: reg 0x18: [mem 0xfebd0000-0xfebd0fff]
installed # [    0.282497] iommu: Default domain type: Translated
installed # [    0.282748] iommu: DMA domain TLB invalidation policy: lazy mode
installed # [    0.283279] ACPI: bus type USB registered
installed # [    0.283629] usbcore: registered new interface driver usbfs
installed # [    0.283752] usbcore: registered new interface driver hub
installed # [    0.284204] usbcore: registered new device driver usb
installed # [    0.284971] NetLabel: Initializing
installed # [    0.285600] NetLabel:  domain hash size = 128
installed # [    0.285747] NetLabel:  protocols = UNLABELED CIPSOv4 CALIPSO
installed # [    0.286235] NetLabel:  unlabeled traffic allowed by default
installer # [    0.211954] pci 0000:00:02.0: reg 0x30: [mem 0xfebc0000-0xfebcffff pref]
installed # [    0.286704] PCI: Using ACPI for IRQ routing
installer # [    0.212632] pci 0000:00:02.0: Video device with shadowed ROM at [mem 0x000c0000-0x000dffff]
installed # [    0.286938] pci 0000:00:02.0: vgaarb: setting as boot VGA device
installed # [    0.287442] pci 0000:00:02.0: vgaarb: bridge control possible
installer # [    0.213150] pci 0000:00:03.0: [1af4:1000] type 00 class 0x020000
installed # [    0.287744] pci 0000:00:02.0: vgaarb: VGA device added: decodes=io+mem,owns=io+mem,locks=none
installed # [    0.287748] vgaarb: loaded
installed # [    0.288028] hpet0: at MMIO 0xfed00000, IRQs 2, 8, 0
installed # [    0.288447] hpet0: 3 comparators, 64-bit 100.000000 MHz counter
installer # [    0.214808] pci 0000:00:03.0: reg 0x10: [io  0xc120-0xc13f]
installer # [    0.215521] pci 0000:00:03.0: reg 0x14: [mem 0xfebd1000-0xfebd1fff]
installed # [    0.291777] clocksource: Switched to clocksource kvm-clock
installed # [    0.293019] VFS: Disk quotas dquot_6.6.0
installed # [    0.293388] VFS: Dquot-cache hash table entries: 512 (order 0, 4096 bytes)
installer # [    0.217507] pci 0000:00:03.0: reg 0x20: [mem 0xfe000000-0xfe003fff 64bit pref]
installed # [    0.294033] pnp: PnP ACPI init
installed # [    0.294664] pnp: PnP ACPI: found 6 devices
installer # [    0.218665] pci 0000:00:03.0: reg 0x30: [mem 0xfeb40000-0xfeb7ffff pref]
installer # [    0.219907] pci 0000:00:04.0: [1af4:1005] type 00 class 0x00ff00
installer # [    0.220776] pci 0000:00:04.0: reg 0x10: [io  0xc140-0xc15f]
installer # [    0.221952] pci 0000:00:04.0: reg 0x14: [mem 0xfebd2000-0xfebd2fff]
installed # [    0.300870] clocksource: acpi_pm: mask: 0xffffff max_cycles: 0xffffff, max_idle_ns: 2085701024 ns
installed # [    0.301702] clocksource: Switched to clocksource acpi_pm
installed # [    0.302302] NET: Registered PF_INET protocol family
installed # [    0.302768] IP idents hash table entries: 32768 (order: 6, 262144 bytes, linear)
installed # [    0.303713] tcp_listen_portaddr_hash hash table entries: 1024 (order: 2, 16384 bytes, linear)
installed # [    0.304437] Table-perturb hash table entries: 65536 (order: 6, 262144 bytes, linear)
installed # [    0.305158] TCP established hash table entries: 16384 (order: 5, 131072 bytes, linear)
installed # [    0.305847] TCP bind hash table entries: 16384 (order: 7, 524288 bytes, linear)
installed # [    0.306670] TCP: Hash tables configured (established 16384 bind 16384)
installed # [    0.307265] MPTCP token hash table entries: 2048 (order: 3, 49152 bytes, linear)
installer # [    0.226953] pci 0000:00:04.0: reg 0x20: [mem 0xfe004000-0xfe007fff 64bit pref]
installed # [    0.308039] UDP hash table entries: 1024 (order: 3, 32768 bytes, linear)
installed # [    0.308605] UDP-Lite hash table entries: 1024 (order: 3, 32768 bytes, linear)
installed # [    0.309255] NET: Registered PF_UNIX/PF_LOCAL protocol family
installer # [    0.229407] pci 0000:00:05.0: [1af4:1009] type 00 class 0x000200
installed # [    0.309750] NET: Registered PF_XDP protocol family
installed # [    0.310163] pci_bus 0000:00: resource 4 [io  0x0000-0x0cf7 window]
installed # [    0.310701] pci_bus 0000:00: resource 5 [io  0x0d00-0xffff window]
installer # [    0.230526] pci 0000:00:05.0: reg 0x10: [io  0xc080-0xc0bf]
installed # [    0.311217] pci_bus 0000:00: resource 6 [mem 0x000a0000-0x000bffff window]
installer # [    0.231467] pci 0000:00:05.0: reg 0x14: [mem 0xfebd3000-0xfebd3fff]
installed # [    0.311811] pci_bus 0000:00: resource 7 [mem 0x5e800000-0xfebfffff window]
installed # [    0.312385] pci_bus 0000:00: resource 8 [mem 0x100000000-0x17fffffff window]
installed # [    0.313039] pci 0000:00:01.0: PIIX3: Enabling Passive Release
installed # [    0.313532] pci 0000:00:00.0: Limiting direct PCI/PCI transfers
installer # [    0.233449] pci 0000:00:05.0: reg 0x20: [mem 0xfe008000-0xfe00bfff 64bit pref]
installer # [    0.235240] pci 0000:00:06.0: [1af4:1009] type 00 class 0x000200
installer # [    0.237506] pci 0000:00:06.0: reg 0x10: [io  0xc160-0xc17f]
installer # [    0.238451] pci 0000:00:06.0: reg 0x14: [mem 0xfebd4000-0xfebd4fff]
installer # [    0.240259] pci 0000:00:06.0: reg 0x20: [mem 0xfe00c000-0xfe00ffff 64bit pref]
installer # [    0.242011] pci 0000:00:07.0: [1af4:1009] type 00 class 0x000200
installer # [    0.242954] pci 0000:00:07.0: reg 0x10: [io  0xc180-0xc19f]
installer # [    0.244553] pci 0000:00:07.0: reg 0x14: [mem 0xfebd5000-0xfebd5fff]
installed # [    0.335099] ACPI: \_SB_.LNKD: Enabled at IRQ 11
installer # [    0.248442] pci 0000:00:07.0: reg 0x20: [mem 0xfe010000-0xfe013fff 64bit pref]
installer # [    0.250393] pci 0000:00:08.0: [1af4:1001] type 00 class 0x010000
installer # [    0.251850] pci 0000:00:08.0: reg 0x10: [io  0xc000-0xc07f]
installer # [    0.252598] pci 0000:00:08.0: reg 0x14: [mem 0xfebd6000-0xfebd6fff]
installer # [    0.254583] pci 0000:00:08.0: reg 0x20: [mem 0xfe014000-0xfe017fff 64bit pref]
installer # [    0.257663] pci 0000:00:09.0: [1af4:1000] type 00 class 0x020000
installer # [    0.258567] pci 0000:00:09.0: reg 0x10: [io  0xc1a0-0xc1bf]
installer # [    0.259446] pci 0000:00:09.0: reg 0x14: [mem 0xfebd7000-0xfebd7fff]
installer # [    0.261226] pci 0000:00:09.0: reg 0x20: [mem 0xfe018000-0xfe01bfff 64bit pref]
installer # [    0.262480] pci 0000:00:09.0: reg 0x30: [mem 0xfeb80000-0xfebbffff pref]
installer # [    0.263712] pci 0000:00:0a.0: [1af4:1052] type 00 class 0x090000
installer # [    0.264691] pci 0000:00:0a.0: reg 0x14: [mem 0xfebd8000-0xfebd8fff]
installed # [    0.356593] pci 0000:00:01.2: quirk_usb_early_handoff+0x0/0x7d0 took 41527 usecs
installed # [    0.357417] PCI: CLS 0 bytes, default 64
installed # [    0.357922] Trying to unpack rootfs image as initramfs...
installer # [    0.265956] pci 0000:00:0a.0: reg 0x20: [mem 0xfe01c000-0xfe01ffff 64bit pref]
installed # [    0.359698] clocksource: tsc: mask: 0xffffffffffffffff max_cycles: 0x2f7a5a93bc9, max_idle_ns: 440795240669 ns
installed # [    0.361904] Initialise system trusted keyrings
installer # [    0.268358] pci 0000:00:0b.0: [1af4:1003] type 00 class 0x078000
installed # [    0.362334] workingset: timestamp_bits=40 max_order=19 bucket_order=0
installer # [    0.269522] pci 0000:00:0b.0: reg 0x10: [io  0xc0c0-0xc0ff]
installed # [    0.363650] zbud: loaded
installer # [    0.270501] pci 0000:00:0b.0: reg 0x14: [mem 0xfebd9000-0xfebd9fff]
installer # [    0.272493] pci 0000:00:0b.0: reg 0x20: [mem 0xfe020000-0xfe023fff 64bit pref]
installer # [    0.274277] pci 0000:00:0c.0: [1af4:1005] type 00 class 0x00ff00
installer # [    0.275206] pci 0000:00:0c.0: reg 0x10: [io  0xc1c0-0xc1df]
installer # [    0.276214] pci 0000:00:0c.0: reg 0x14: [mem 0xfebda000-0xfebdafff]
installer # [    0.278700] pci 0000:00:0c.0: reg 0x20: [mem 0xfe024000-0xfe027fff 64bit pref]
installed # [    0.375705] Key type asymmetric registered
installed # [    0.376079] Asymmetric key parser 'x509' registered
installed # [    0.376571] Block layer SCSI generic (bsg) driver version 0.4 loaded (major 251)
installer # [    0.280488] ACPI: PCI: Interrupt link LNKA configured for IRQ 10
installer # [    0.281050] ACPI: PCI: Interrupt link LNKB configured for IRQ 10
installer # [    0.281682] ACPI: PCI: Interrupt link LNKC configured for IRQ 11
installer # [    0.282027] ACPI: PCI: Interrupt link LNKD configured for IRQ 11
installed # [    0.379803] io scheduler mq-deadline registered
installer # [    0.282584] ACPI: PCI: Interrupt link LNKS configured for IRQ 9
installed # [    0.380205] io scheduler kyber registered
installer # [    0.283209] iommu: Default domain type: Translated
installer # [    0.283631] iommu: DMA domain TLB invalidation policy: lazy mode
installer # [    0.283982] ACPI: bus type USB registered
installer # [    0.284348] usbcore: registered new interface driver usbfs
installed # [    0.382642] Serial: 8250/16550 driver, 4 ports, IRQ sharing enabled
installer # [    0.284830] usbcore: registered new interface driver hub
installed # [    0.383375] 00:04: ttyS0 at I/O 0x3f8 (irq = 4, base_baud = 115200) is a 16550A
installer # [    0.284958] usbcore: registered new device driver usb
installer # [    0.286005] NetLabel: Initializing
installer # [    0.286312] NetLabel:  domain hash size = 128
installer # [    0.286692] NetLabel:  protocols = UNLABELED CIPSOv4 CALIPSO
installer # [    0.286967] NetLabel:  unlabeled traffic allowed by default
installed # [    0.386188] Linux agpgart interface v0.103
installer # [    0.287453] PCI: Using ACPI for IRQ routing
installed # [    0.386542] ACPI: bus type drm_connector registered
installer # [    0.287983] pci 0000:00:02.0: vgaarb: setting as boot VGA device
installer # [    0.288484] pci 0000:00:02.0: vgaarb: bridge control possible
installer # [    0.288948] pci 0000:00:02.0: vgaarb: VGA device added: decodes=io+mem,owns=io+mem,locks=none
installer # [    0.288954] vgaarb: loaded
installed # [    0.388895] usbcore: registered new interface driver usbserial_generic
installer # [    0.289278] hpet0: at MMIO 0xfed00000, IRQs 2, 8, 0
installed # [    0.389460] usbserial: USB Serial support registered for generic
installer # [    0.289704] hpet0: 3 comparators, 64-bit 100.000000 MHz counter
installed # [    0.390013] amd_pstate: the _CPC object is not present in SBIOS or ACPI disabled
installed # [    0.392732] drop_monitor: Initializing network drop monitor service
installer # [    0.293999] clocksource: Switched to clocksource kvm-clock
installer # [    0.295633] VFS: Disk quotas dquot_6.6.0
installer # [    0.296031] VFS: Dquot-cache hash table entries: 512 (order 0, 4096 bytes)
installer # [    0.296691] pnp: PnP ACPI init
installer # [    0.297274] pnp: PnP ACPI: found 6 devices
installer # [    0.304345] clocksource: acpi_pm: mask: 0xffffff max_cycles: 0xffffff, max_idle_ns: 2085701024 ns
installer # [    0.305243] clocksource: Switched to clocksource acpi_pm
installer # [    0.305943] NET: Registered PF_INET protocol family
installer # [    0.306496] IP idents hash table entries: 32768 (order: 6, 262144 bytes, linear)
installer # [    0.307784] tcp_listen_portaddr_hash hash table entries: 1024 (order: 2, 16384 bytes, linear)
installer # [    0.308707] Table-perturb hash table entries: 65536 (order: 6, 262144 bytes, linear)
installed # [    0.409673] NET: Registered PF_INET6 protocol family
installer # [    0.309536] TCP established hash table entries: 16384 (order: 5, 131072 bytes, linear)
installer # [    0.310401] TCP bind hash table entries: 16384 (order: 7, 524288 bytes, linear)
installer # [    0.311414] TCP: Hash tables configured (established 16384 bind 16384)
installer # [    0.312189] MPTCP token hash table entries: 2048 (order: 3, 49152 bytes, linear)
installer # [    0.313009] UDP hash table entries: 1024 (order: 3, 32768 bytes, linear)
installer # [    0.313747] UDP-Lite hash table entries: 1024 (order: 3, 32768 bytes, linear)
installer # [    0.314550] NET: Registered PF_UNIX/PF_LOCAL protocol family
installer # [    0.315192] NET: Registered PF_XDP protocol family
installer # [    0.315746] pci_bus 0000:00: resource 4 [io  0x0000-0x0cf7 window]
installer # [    0.316420] pci_bus 0000:00: resource 5 [io  0x0d00-0xffff window]
installer # [    0.317121] pci_bus 0000:00: resource 6 [mem 0x000a0000-0x000bffff window]
installer # [    0.317880] pci_bus 0000:00: resource 7 [mem 0x5e800000-0xfebfffff window]
installer # [    0.318615] pci_bus 0000:00: resource 8 [mem 0x100000000-0x17fffffff window]
installer # [    0.319454] pci 0000:00:01.0: PIIX3: Enabling Passive Release
installer # [    0.320150] pci 0000:00:00.0: Limiting direct PCI/PCI transfers
installed # [    0.435719] Freeing initrd memory: 11588K
installed # [    0.436473] Segment Routing with IPv6
installed # [    0.436922] In-situ OAM (IOAM) with IPv6
installed # [    0.437593] IPI shorthand broadcast: enabled
installed # [    0.440200] sched_clock: Marking stable (370013081, 69615733)->(479221093, -39592279)
installed # [    0.441242] registered taskstats version 1
installed # [    0.441828] Loading compiled-in X.509 certificates
installed # [    0.446544] Key type .fscrypt registered
installed # [    0.446945] Key type fscrypt-provisioning registered
installed # [    0.447465] PM:   Magic number: 8:605:393
installer # [    0.349434] ACPI: \_SB_.LNKD: Enabled at IRQ 11
installed # [    0.450738] RAS: Correctable Errors collector initialized.
installed # [    0.451358] clk: Disabling unused clocks
installed # [    0.452558] Freeing unused decrypted memory: 2028K
installed # [    0.453276] Freeing unused kernel image (initmem) memory: 3088K
installed # [    0.453672] Write protecting the kernel read-only data: 26624k
installed # [    0.454263] Freeing unused kernel image (rodata/data gap) memory: 1404K
installer # [    0.372932] pci 0000:00:01.2: quirk_usb_early_handoff+0x0/0x7d0 took 50894 usecs
installer # [    0.373673] PCI: CLS 0 bytes, default 64
installer # [    0.374252] Trying to unpack rootfs image as initramfs...
installer # [    0.374422] Initialise system trusted keyrings
installer # [    0.375917] workingset: timestamp_bits=40 max_order=19 bucket_order=0
installer # [    0.376476] zbud: loaded
installer # [    0.382756] Key type asymmetric registered
installer # [    0.383160] Asymmetric key parser 'x509' registered
installer # [    0.383681] Block layer SCSI generic (bsg) driver version 0.4 loaded (major 251)
installer # [    0.384495] io scheduler mq-deadline registered
installer # [    0.384914] io scheduler kyber registered
installer # [    0.386122] Serial: 8250/16550 driver, 4 ports, IRQ sharing enabled
installer # [    0.386828] 00:04: ttyS0 at I/O 0x3f8 (irq = 4, base_baud = 115200) is a 16550A
installer # [    0.387992] Linux agpgart interface v0.103
installer # [    0.388357] ACPI: bus type drm_connector registered
installer # [    0.389060] usbcore: registered new interface driver usbserial_generic
installer # [    0.389626] usbserial: USB Serial support registered for generic
installer # [    0.390168] amd_pstate: the _CPC object is not present in SBIOS or ACPI disabled
installer # [    0.390868] drop_monitor: Initializing network drop monitor service
installed # [    0.492024] x86/mm: Checked W+X mappings: passed, no W+X pages found.
installed # [    0.492457] Run /init as init process
installed # 
installed # <<< NixOS Stage 1 >>>
installed # 
installer # [    0.398891] NET: Registered PF_INET6 protocol family
installed # loading module virtio_balloon...
installed # loading module virtio_console...
installer # [    0.418323] Freeing initrd memory: 11588K
installer # [    0.419536] Segment Routing with IPv6
installer # [    0.420370] In-situ OAM (IOAM) with IPv6
installer # [    0.421021] IPI shorthand broadcast: enabled
installed # loading module virtio_rng...
installer # [    0.423120] sched_clock: Marking stable (352008714, 70647615)->(462674159, -40017830)
installer # [    0.423927] registered taskstats version 1
installer # [    0.424328] Loading compiled-in X.509 certificates
installed # loading module dm_mod...
installer # [    0.428924] Key type .fscrypt registered
installer # [    0.429277] Key type fscrypt-provisioning registered
installer # [    0.429834] PM:   Magic number: 8:605:393
installer # [    0.433261] RAS: Correctable Errors collector initialized.
installer # [    0.433849] clk: Disabling unused clocks
installed # [    0.534474] device-mapper: ioctl: 4.48.0-ioctl (2023-03-01) initialised: dm-devel@redhat.com
installed # running udev...
installer # [    0.435112] Freeing unused decrypted memory: 2028K
installer # [    0.435798] Freeing unused kernel image (initmem) memory: 3088K
installer # [    0.436182] Write protecting the kernel read-only data: 26624k
installer # [    0.436881] Freeing unused kernel image (rodata/data gap) memory: 1404K
installed # Starting systemd-udevd version 255.4
installer # [    0.474550] x86/mm: Checked W+X mappings: passed, no W+X pages found.
installer # [    0.475019] Run /init as init process
installer # 
installer # <<< NixOS Stage 1 >>>
installer # 
installed # [    0.586302] rtc_cmos 00:05: RTC can wake from S4
installed # [    0.590371] rtc_cmos 00:05: registered as rtc0
installed # [    0.592456] rtc_cmos 00:05: setting system clock to 2024-05-25T18:22:19 UTC (1716661339)
installer # loading module virtio_balloon...
installed # [    0.597657] i8042: PNP: PS/2 Controller [PNP0303:KBD,PNP0f13:MOU] at 0x60,0x64 irq 1,12
installed # [    0.600679] rtc_cmos 00:05: alarms up to one day, y3k, 242 bytes nvram, hpet irqs
installer # loading module virtio_console...
installer # loading module virtio_rng...
installer # loading module dm_mod...
installed # [    0.608660] serio: i8042 KBD port at 0x60,0x64 irq 1
installed # [    0.609002] serio: i8042 AUX port at 0x60,0x64 irq 12
installer # [    0.519704] device-mapper: ioctl: 4.48.0-ioctl (2023-03-01) initialised: dm-devel@redhat.com
installer # running udev...
installer # Starting systemd-udevd version 255.4
installed # [    0.633777] SCSI subsystem initialized
installer # [    0.562620] rtc_cmos 00:05: RTC can wake from S4
installer # [    0.563126] i8042: PNP: PS/2 Controller [PNP0303:KBD,PNP0f13:MOU] at 0x60,0x64 irq 1,12
installer # [    0.564217] serio: i8042 KBD port at 0x60,0x64 irq 1
installed # [    0.664567] scsi host0: ata_piix
installer # [    0.564542] serio: i8042 AUX port at 0x60,0x64 irq 12
installed # [    0.665031] scsi host1: ata_piix
installed # [    0.665275] ata1: PATA max MWDMA2 cmd 0x1f0 ctl 0x3f6 bmdma 0xc1e0 irq 14
installer # [    0.565321] rtc_cmos 00:05: registered as rtc0
installed # [    0.665714] ata2: PATA max MWDMA2 cmd 0x170 ctl 0x376 bmdma 0xc1e8 irq 15
installer # [    0.565708] rtc_cmos 00:05: setting system clock to 2024-05-25T18:22:19 UTC (1716661339)
installer # [    0.566301] rtc_cmos 00:05: alarms up to one day, y3k, 242 bytes nvram, hpet irqs
installer # [    0.581960] SCSI subsystem initialized
installed # [    0.686172] ACPI: \_SB_.LNKC: Enabled at IRQ 10
installed # [    0.687547] uhci_hcd 0000:00:01.2: UHCI Host Controller
installed # [    0.687887] uhci_hcd 0000:00:01.2: new USB bus registered, assigned bus number 1
installed # [    0.688361] uhci_hcd 0000:00:01.2: detected 2 ports
installed # [    0.689627] uhci_hcd 0000:00:01.2: irq 11, io port 0x0000c100
installed # [    0.690534] usb usb1: New USB device found, idVendor=1d6b, idProduct=0001, bcdDevice= 6.06
installed # [    0.691056] usb usb1: New USB device strings: Mfr=3, Product=2, SerialNumber=1
installed # [    0.691531] usb usb1: Product: UHCI Host Controller
installed # [    0.691841] usb usb1: Manufacturer: Linux 6.6.28 uhci_hcd
installed # [    0.692188] usb usb1: SerialNumber: 0000:00:01.2
installed # [    0.694695] hub 1-0:1.0: USB hub found
installed # [    0.695506] hub 1-0:1.0: 2 ports detected
installer # [    0.612176] scsi host0: ata_piix
installer # [    0.612708] scsi host1: ata_piix
installer # [    0.613026] ata1: PATA max MWDMA2 cmd 0x1f0 ctl 0x3f6 bmdma 0xc1e0 irq 14
installer # [    0.613464] ata2: PATA max MWDMA2 cmd 0x170 ctl 0x376 bmdma 0xc1e8 irq 15
installer # [    0.635528] uhci_hcd 0000:00:01.2: UHCI Host Controller
installed # [    0.736126] ACPI: \_SB_.LNKA: Enabled at IRQ 10
installer # [    0.635889] ACPI: \_SB_.LNKC: Enabled at IRQ 10
installer # [    0.635980] uhci_hcd 0000:00:01.2: new USB bus registered, assigned bus number 1
installer # [    0.637044] uhci_hcd 0000:00:01.2: detected 2 ports
installer # [    0.637477] uhci_hcd 0000:00:01.2: irq 11, io port 0x0000c100
installer # [    0.638587] usb usb1: New USB device found, idVendor=1d6b, idProduct=0001, bcdDevice= 6.06
installer # [    0.639123] usb usb1: New USB device strings: Mfr=3, Product=2, SerialNumber=1
installer # [    0.639637] usb usb1: Product: UHCI Host Controller
installer # [    0.639954] usb usb1: Manufacturer: Linux 6.6.28 uhci_hcd
installer # [    0.640299] usb usb1: SerialNumber: 0000:00:01.2
installer # [    0.640831] hub 1-0:1.0: USB hub found
installer # [    0.641084] hub 1-0:1.0: 2 ports detected
installed # [    0.758528] ACPI: \_SB_.LNKB: Enabled at IRQ 11
installer # [    0.685369] ACPI: \_SB_.LNKA: Enabled at IRQ 10
installer # [    0.709124] ACPI: \_SB_.LNKB: Enabled at IRQ 11
installed # [    0.820519] ata2: found unknown device (class 0)
installed # [    0.821308] ata2.00: ATAPI: QEMU DVD-ROM, 2.5+, max UDMA/100
installed # [    0.823674] scsi 1:0:0:0: CD-ROM            QEMU     QEMU DVD-ROM     2.5+ PQ: 0 ANSI: 5
installed # [    0.866334] input: AT Translated Set 2 keyboard as /devices/platform/i8042/serio0/input/input0
installer # [    0.771612] ata2: found unknown device (class 0)
installer # [    0.773800] ata2.00: ATAPI: QEMU DVD-ROM, 2.5+, max UDMA/100
installer # [    0.775060] scsi 1:0:0:0: CD-ROM            QEMU     QEMU DVD-ROM     2.5+ PQ: 0 ANSI: 5
installed # [    0.884751] sr 1:0:0:0: [sr0] scsi3-mmc drive: 4x/4x cd/rw xa/form2 tray
installed # [    0.885196] cdrom: Uniform CD-ROM driver Revision: 3.20
installer # [    0.812948] input: AT Translated Set 2 keyboard as /devices/platform/i8042/serio0/input/input0
installed # [    0.918412] usb 1-1: new full-speed USB device number 2 using uhci_hcd
installer # [    0.837034] sr 1:0:0:0: [sr0] scsi3-mmc drive: 4x/4x cd/rw xa/form2 tray
installer # [    0.837499] cdrom: Uniform CD-ROM driver Revision: 3.20
installed # [    0.944098] virtio_blk virtio5: 1/0/0 default/read/poll queues
installed # [    0.957913] virtio_blk virtio5: [vda] 2097152 512-byte logical blocks (1.07 GB/1.00 GiB)
installer # [    0.864544] 9pnet: Installing 9P2000 support
installer # [    0.865471] usb 1-1: new full-speed USB device number 2 using uhci_hcd
installed # [    0.966211] 9pnet: Installing 9P2000 support
installer # [    0.867613] virtio_blk virtio5: 2/0/0 default/read/poll queues
installer # [    0.874679] virtio_blk virtio5: [vda] 2097152 512-byte logical blocks (1.07 GB/1.00 GiB)
installed # kbd_mode: KDSKBMODE: Inappropriate ioctl for device
installed # starting device mapper and LVM...
installed # checking /dev/disk/by-label/nixos...
installed # fsck (busybox 1.36.1)
installed # [fsck.ext4 (1) -- /mnt-root/] fsck.ext4 -a /dev/disk/by-label/nixos
installed # nixos: clean, 11/65536 files, 12955/262144 blocks
installed # mounting /dev/disk/by-label/nixos on /...
installed # [    1.088861] usb 1-1: New USB device found, idVendor=0627, idProduct=0001, bcdDevice= 0.00
installed # [    1.089394] usb 1-1: New USB device strings: Mfr=1, Product=3, SerialNumber=10
installed # [    1.089846] usb 1-1: Product: QEMU USB Tablet
installed # [    1.090185] usb 1-1: Manufacturer: QEMU
installed # [    1.090442] usb 1-1: SerialNumber: 28754-0000:00:01.2-1
installed # [    1.111364] hid: raw HID events driver (C) Jiri Kosina
installed # [    1.124408] usbcore: registered new interface driver usbhid
installed # [    1.124778] usbhid: USB HID core driver
installed # [    1.125902] input: QEMU QEMU USB Tablet as /devices/pci0000:00/0000:00:01.2/usb1/1-1/1-1:1.0/0003:0627:0001.0001/input/input2
installed # [    1.126712] hid-generic 0003:0627:0001.0001: input,hidraw0: USB HID v0.01 Mouse [QEMU QEMU USB Tablet] on usb-0000:00:01.2-1/input0
installed # [    1.131404] EXT4-fs (vda): mounted filesystem 2f6af111-e44b-4dc4-899a-e28fccd6d3f5 r/w with ordered data mode. Quota mode: none.
installer # [    1.035454] usb 1-1: New USB device found, idVendor=0627, idProduct=0001, bcdDevice= 0.00
installed # [    1.135485] EXT4-fs (vda): re-mounted 2f6af111-e44b-4dc4-899a-e28fccd6d3f5 r/w. Quota mode: none.
installer # [    1.036455] usb 1-1: New USB device strings: Mfr=1, Product=3, SerialNumber=10
installer # [    1.036934] usb 1-1: Product: QEMU USB Tablet
installer # [    1.037220] usb 1-1: Manufacturer: QEMU
installer # [    1.037524] usb 1-1: SerialNumber: 28754-0000:00:01.2-1
installer # [    1.046072] hid: raw HID events driver (C) Jiri Kosina
installed # mounting nix-store on /nix/.ro-store...
installer # [    1.053249] usbcore: registered new interface driver usbhid
installer # [    1.054018] usbhid: USB HID core driver
installer # [    1.055095] input: QEMU QEMU USB Tablet as /devices/pci0000:00/0000:00:01.2/usb1/1-1/1-1:1.0/0003:0627:0001.0001/input/input2
installed # [    1.156251] FS-Cache: Loaded
installer # [    1.055948] hid-generic 0003:0627:0001.0001: input,hidraw0: USB HID v0.01 Mouse [QEMU QEMU USB Tablet] on usb-0000:00:01.2-1/input0
installed # [    1.159705] 9p: Installing v9fs 9p2000 file system support
installer # kbd_mode: KDSKBMODE: Inappropriate ioctl for device
installer # starting device mapper and LVM...
installed # mounting tmpfs on /nix/.rw-store...
installed # mounting shared on /tmp/shared...
installed # mounting xchg on /tmp/xchg...
installer # checking /dev/disk/by-label/nixos...
installer # fsck (busybox 1.36.1)
installer # [fsck.ext4 (1) -- /mnt-root/] fsck.ext4 -a /dev/disk/by-label/nixos
installer # nixos: clean, 11/65536 files, 12955/262144 blocks
installed # mounting overlay filesystem on /nix/store...
installer # mounting /dev/disk/by-label/nixos on /...
installer # [    1.156344] EXT4-fs (vda): mounted filesystem 89c8bea3-7dd9-4919-a6c2-ae3a1122ef06 r/w with ordered data mode. Quota mode: none.
installer # [    1.163398] EXT4-fs (vda): re-mounted 89c8bea3-7dd9-4919-a6c2-ae3a1122ef06 r/w. Quota mode: none.
installer # mounting nix-store on /nix/.ro-store...
installer # [    1.186164] FS-Cache: Loaded
installed # 
installed # <<< NixOS Stage 2 >>>
installed # 
installer # [    1.189794] 9p: Installing v9fs 9p2000 file system support
installer # mounting tmpfs on /nix/.rw-store...
installed # [    1.297251] EXT4-fs (vda): re-mounted 2f6af111-e44b-4dc4-899a-e28fccd6d3f5 r/w. Quota mode: none.
installed # [    1.298946] booting system configuration /nix/store/c5mx51z6vaihj1m7y7wbagbzb9kg8345-nixos-system-installed-test
installer # mounting shared on /tmp/shared...
installer # mounting xchg on /tmp/xchg...
installer # mounting overlay filesystem on /nix/store...
installed # running activation script...
installer # 
installer # <<< NixOS Stage 2 >>>
installer # 
installer # [    1.330249] EXT4-fs (vda): re-mounted 89c8bea3-7dd9-4919-a6c2-ae3a1122ef06 r/w. Quota mode: none.
installer # [    1.332280] booting system configuration /nix/store/xf8m9sx0p1d967mgqx8dwg3djf3860vn-nixos-system-installer-test
installer # running activation script...
installed # setting up /etc...
installer # setting up /etc...
installed # starting systemd...
installed # [    1.916864] systemd[1]: Inserted module 'autofs4'
installed # [    1.943907] systemd[1]: systemd 255.4 running in system mode (+PAM +AUDIT -SELINUX +APPARMOR +IMA +SMACK +SECCOMP +GCRYPT -GNUTLS +OPENSSL +ACL +BLKID +CURL +ELFUTILS +FIDO2 +IDN2 -IDN +IPTC +KMOD +LIBCRYPTSETUP +LIBFDISK +PCRE2 +PWQUALITY +P11KIT +QRENCODE +TPM2 +BZIP2 +LZ4 +XZ +ZLIB +ZSTD +BPF_FRAMEWORK -XKBCOMMON +UTMP -SYSVINIT default-hierarchy=unified)
installed # [    1.945911] systemd[1]: Detected virtualization kvm.
installed # [    1.946274] systemd[1]: Detected architecture x86-64.
installed # [    1.948482] systemd[1]: Hostname set to <installed>.
installed # [    1.948956] systemd[1]: Initializing machine ID from random generator.
installed # [    1.964875] systemd[1]: memfd_create() called without MFD_EXEC or MFD_NOEXEC_SEAL set
installer # starting systemd...
installer # [    1.990560] systemd[1]: Inserted module 'autofs4'
installer # [    2.017445] systemd[1]: systemd 255.4 running in system mode (+PAM +AUDIT -SELINUX +APPARMOR +IMA +SMACK +SECCOMP +GCRYPT -GNUTLS +OPENSSL +ACL +BLKID +CURL +ELFUTILS +FIDO2 +IDN2 -IDN +IPTC +KMOD +LIBCRYPTSETUP +LIBFDISK +PCRE2 +PWQUALITY +P11KIT +QRENCODE +TPM2 +BZIP2 +LZ4 +XZ +ZLIB +ZSTD +BPF_FRAMEWORK -XKBCOMMON +UTMP -SYSVINIT default-hierarchy=unified)
installer # [    2.019532] systemd[1]: Detected virtualization kvm.
installer # [    2.019906] systemd[1]: Detected architecture x86-64.
installer # [    2.021893] systemd[1]: Hostname set to <installer>.
installer # [    2.022383] systemd[1]: Initializing machine ID from random generator.
installer # [    2.049998] systemd[1]: memfd_create() called without MFD_EXEC or MFD_NOEXEC_SEAL set
installed # [    2.234306] systemd[1]: bpf-lsm: LSM BPF program attached
installer # [    2.342983] systemd[1]: bpf-lsm: LSM BPF program attached
installed # [    2.624177] systemd[1]: Queued start job for default target Multi-User System.
installed # [    2.639256] systemd[1]: Created slice Slice /system/getty.
installed # [    2.640044] systemd[1]: Created slice Slice /system/modprobe.
installed # [    2.640774] systemd[1]: Created slice User and Session Slice.
installed # [    2.641236] systemd[1]: Started Dispatch Password Requests to Console Directory Watch.
installed # [    2.641835] systemd[1]: Started Forward Password Requests to Wall Directory Watch.
installed # [    2.642452] systemd[1]: Expecting device /dev/hvc0...
installed # [    2.642824] systemd[1]: Expecting device /dev/ttyS0...
installed # [    2.643164] systemd[1]: Expecting device /sys/subsystem/net/devices/eth1...
installed # [    2.643662] systemd[1]: Reached target Local Encrypted Volumes.
installed # [    2.644074] systemd[1]: Reached target Containers.
installed # [    2.644421] systemd[1]: Reached target Path Units.
installed # [    2.644764] systemd[1]: Reached target Remote File Systems.
installed # [    2.645142] systemd[1]: Reached target Slice Units.
installed # [    2.645491] systemd[1]: Reached target Swaps.
installed # [    2.648003] systemd[1]: Listening on Process Core Dump Socket.
installed # [    2.648787] systemd[1]: Listening on Journal Socket (/dev/log).
installed # [    2.649283] systemd[1]: Listening on Journal Socket.
installed # [    2.649963] systemd[1]: Listening on Userspace Out-Of-Memory (OOM) Killer Socket.
installed # [    2.651211] systemd[1]: Listening on udev Control Socket.
installed # [    2.651740] systemd[1]: Listening on udev Kernel Socket.
installed # [    2.656660] systemd[1]: Mounting Huge Pages File System...
installed # [    2.658593] systemd[1]: Mounting POSIX Message Queue File System...
installed # [    2.660366] systemd[1]: Mounting Kernel Debug File System...
installed # [    2.663580] systemd[1]: Starting Create List of Static Device Nodes...
installed # [    2.668891] systemd[1]: Starting Load Kernel Module configfs...
installed # [    2.680323] systemd[1]: Starting Load Kernel Module drm...
installed # [    2.688556] systemd[1]: Starting Load Kernel Module efi_pstore...
installed # [    2.702014] systemd[1]: Starting Load Kernel Module fuse...
installed # [    2.710787] systemd[1]: Starting mount-pstore.service...
installed # [    2.721085] systemd[1]: Starting Create SUID/SGID Wrappers...
installed # [    2.722782] systemd[1]: File System Check on Root Device was skipped because of an unmet condition check (ConditionPathIsReadWrite=!/).
installed # [    2.733647] systemd[1]: Starting Journal Service...
installed # [    2.742043] systemd[1]: Starting Load Kernel Modules...
installed # [    2.751617] systemd[1]: Starting Remount Root and Kernel File Systems...
installed # [    2.754975] fuse: init (API version 7.39)
installed # [    2.764689] systemd[1]: Starting Coldplug All udev Devices...
installed # [    2.782590] systemd[1]: Mounted Huge Pages File System.
installed # [    2.786752] systemd[1]: Mounted POSIX Message Queue File System.
installed # [    2.787237] systemd[1]: Mounted Kernel Debug File System.
installer # [    2.688574] systemd[1]: Queued start job for default target Multi-User System.
installed # [    2.799428] systemd[1]: Finished Create List of Static Device Nodes.
installed # [    2.803879] systemd[1]: modprobe@configfs.service: Deactivated successfully.
installer # [    2.707873] systemd[1]: Created slice Slice /system/getty.
installed # [    2.807943] systemd[1]: Finished Load Kernel Module configfs.
installer # [    2.708705] systemd[1]: Created slice Slice /system/modprobe.
installer # [    2.709588] systemd[1]: Created slice User and Session Slice.
installer # [    2.710098] systemd[1]: Started Dispatch Password Requests to Console Directory Watch.
installer # [    2.710786] systemd[1]: Started Forward Password Requests to Wall Directory Watch.
installer # [    2.711435] systemd[1]: Expecting device /dev/hvc0...
installer # [    2.711832] systemd[1]: Expecting device /dev/ttyS0...
installer # [    2.712192] systemd[1]: Expecting device /sys/subsystem/net/devices/eth1...
installer # [    2.712796] systemd[1]: Reached target Local Encrypted Volumes.
installer # [    2.713236] systemd[1]: Reached target Containers.
installed # [    2.813327] systemd[1]: modprobe@drm.service: Deactivated successfully.
installer # [    2.713621] systemd[1]: Reached target Path Units.
installer # [    2.713974] systemd[1]: Reached target Remote File Systems.
installer # [    2.714369] systemd[1]: Reached target Slice Units.
installer # [    2.714768] systemd[1]: Reached target Swaps.
installer # [    2.717652] systemd[1]: Listening on Process Core Dump Socket.
installed # [    2.818181] systemd-journald[373]: Collecting audit messages is disabled.
installer # [    2.718445] systemd[1]: Listening on Journal Socket (/dev/log).
installer # [    2.719017] systemd[1]: Listening on Journal Socket.
installer # [    2.719786] systemd[1]: Listening on Userspace Out-Of-Memory (OOM) Killer Socket.
installed # [    2.820829] systemd[1]: Finished Load Kernel Module drm.
installer # [    2.721100] systemd[1]: Listening on udev Control Socket.
installer # [    2.721674] systemd[1]: Listening on udev Kernel Socket.
installed # [    2.824195] systemd[1]: modprobe@efi_pstore.service: Deactivated successfully.
installer # [    2.728580] systemd[1]: Mounting Huge Pages File System...
installer # [    2.730274] systemd[1]: Mounting POSIX Message Queue File System...
installed # [    2.832085] systemd[1]: Finished Load Kernel Module efi_pstore.
installer # [    2.732239] systemd[1]: Mounting Kernel Debug File System...
installed # [    2.833528] EXT4-fs (vda): re-mounted 2f6af111-e44b-4dc4-899a-e28fccd6d3f5 r/w. Quota mode: none.
installer # [    2.734734] systemd[1]: Starting Create List of Static Device Nodes...
installed # [    2.835261] systemd[1]: modprobe@fuse.service: Deactivated successfully.
installer # [    2.736966] systemd[1]: Starting Load Kernel Module configfs...
installer # [    2.739801] systemd[1]: Starting Load Kernel Module drm...
installed # [    2.840485] systemd[1]: Finished Load Kernel Module fuse.
installer # [    2.743452] systemd[1]: Starting Load Kernel Module efi_pstore...
installer # [    2.747767] systemd[1]: Starting Load Kernel Module fuse...
installed # [    2.855301] systemd[1]: Finished Remount Root and Kernel File Systems.
installer # [    2.756640] systemd[1]: Starting mount-pstore.service...
installer # [    2.761519] systemd[1]: Starting Create SUID/SGID Wrappers...
installer # [    2.762183] systemd[1]: File System Check on Root Device was skipped because of an unmet condition check (ConditionPathIsReadWrite=!/).
installer # [    2.770929] systemd[1]: Starting Journal Service...
installed # [    2.872667] systemd[1]: Mounting FUSE Control File System...
installer # [    2.775890] systemd[1]: Starting Load Kernel Modules...
installed # [    2.875572] bridge: filtering via arp/ip/ip6tables is no longer available by default. Update your scripts to load br_netfilter if you need this.
installer # [    2.779823] systemd[1]: Starting Remount Root and Kernel File Systems...
installer # [    2.782593] systemd[1]: Starting Coldplug All udev Devices...
installer # [    2.785968] systemd[1]: Mounted Huge Pages File System.
installer # [    2.786733] systemd[1]: Mounted POSIX Message Queue File System.
installer # [    2.787404] systemd[1]: Mounted Kernel Debug File System.
installed # [    2.893255] systemd[1]: Mounting Kernel Configuration File System...
installer # [    2.797162] systemd[1]: Finished Create List of Static Device Nodes.
installer # [    2.799918] systemd[1]: modprobe@configfs.service: Deactivated successfully.
installed # [    2.900283] tun: Universal TUN/TAP device driver, 1.6
installer # [    2.806027] fuse: init (API version 7.39)
installer # [    2.810009] systemd[1]: Finished Load Kernel Module configfs.
installer # [    2.813138] systemd[1]: modprobe@drm.service: Deactivated successfully.
installer # [    2.817779] systemd[1]: Finished Load Kernel Module drm.
installed # [    2.918616] systemd[1]: Starting Load/Save OS Random Seed...
installer # [    2.818828] systemd[1]: modprobe@efi_pstore.service: Deactivated successfully.
installed # [    2.920826] loop: module loaded
installer # [    2.822326] systemd[1]: Finished Load Kernel Module efi_pstore.
installer # [    2.823080] systemd-journald[388]: Collecting audit messages is disabled.
installer # [    2.823170] systemd[1]: modprobe@fuse.service: Deactivated successfully.
installer # [    2.831295] systemd[1]: Finished Load Kernel Module fuse.
installed # [    2.875161] systemd-modules-load[374]: Inserted module 'bridge'
installer # [    2.843552] EXT4-fs (vda): re-mounted 89c8bea3-7dd9-4919-a6c2-ae3a1122ef06 r/w. Quota mode: none.
installed # [    2.876858] systemd-modules-load[374]: Inserted module 'macvlan'
installed # [    2.878332] systemd-modules-load[374]: Inserted module 'tap'
installed # [    2.879418] systemd-modules-load[374]: Inserted module 'tun'
installed # [    2.881293] systemd-modules-load[374]: Inserted module 'loop'
installer # [    2.851645] systemd[1]: Mounting FUSE Control File System...
installed # [    2.952630] systemd[1]: Starting Create Static Device Nodes in /dev gracefully...
installed # [    2.953271] systemd[1]: Started Journal Service.
installer # [    2.862662] systemd[1]: Mounting Kernel Configuration File System...
installer # [    2.873167] systemd[1]: Starting Create Static Device Nodes in /dev gracefully...
installer # [    2.883184] bridge: filtering via arp/ip/ip6tables is no longer available by default. Update your scripts to load br_netfilter if you need this.
installer # [    2.883828] systemd[1]: Finished Remount Root and Kernel File Systems.
installer # [    2.816156] systemd-modules-load[389]: Inserted module 'bridge'
installer # [    2.820030] systemd-modules-load[389]: Inserted module 'macvlan'
installer # [    2.891020] systemd[1]: Started Journal Service.
installer # [    2.823465] systemd-modules-load[389]: Inserted module 'tap'
installer # [    2.897975] tun: Universal TUN/TAP device driver, 1.6
installed # [    2.934553] systemd[1]: Finished Load Kernel Modules.
installer # [    2.833252] systemd-modules-load[389]: Inserted module 'tun'
installer # [    2.911572] loop: module loaded
installer # [    2.842547] systemd-modules-load[389]: Inserted module 'loop'
installed # [    2.953839] systemd[1]: Mounted FUSE Control File System.
installed # [    2.954581] systemd[1]: Mounted Kernel Configuration File System.
installer # [    2.853936] systemd[1]: Finished Load Kernel Modules.
installer # [    2.862418] systemd[1]: Mounted FUSE Control File System.
installer # [    2.863248] systemd[1]: Mounted Kernel Configuration File System.
installer # [    2.876081] systemd[1]: Starting Firewall...
installer # [    2.876892] systemd[1]: Starting Flush Journal to Persistent Storage...
installer # [    2.885224] systemd[1]: Starting Load/Save OS Random Seed...
installed # [    2.987979] systemd[1]: Starting Firewall...
installed # [    2.996532] systemd[1]: Starting Flush Journal to Persistent Storage...
installer # [    2.899698] systemd[1]: Starting Apply Kernel Variables...
installer # [    2.904129] systemd[1]: Finished Coldplug All udev Devices.
installed # [    3.006279] systemd[1]: Starting Apply Kernel Variables...
installer # [    2.910309] systemd[1]: Finished Create Static Device Nodes in /dev gracefully.
installed # [    3.013295] systemd[1]: Finished Coldplug All udev Devices.
installer # [    2.918260] systemd[1]: Starting Create Static Device Nodes in /dev...
installed # [    3.026312] systemd[1]: Finished Load/Save OS Random Seed.
installer # [    2.994453] systemd-journald[388]: Received client request to flush runtime journal.
installed # [    3.035840] systemd[1]: Finished Create Static Device Nodes in /dev gracefully.
installed # [    3.053168] systemd[1]: Starting Create Static Device Nodes in /dev...
installer # [    2.957591] systemd[1]: Finished Load/Save OS Random Seed.
installer # [    2.962462] systemd[1]: Finished Flush Journal to Persistent Storage.
installer # [    2.967044] systemd[1]: Finished Apply Kernel Variables.
installed # [    3.138587] systemd-journald[373]: Received client request to flush runtime journal.
installer # [    2.981515] systemd[1]: Finished Create Static Device Nodes in /dev.
installer # [    2.984174] systemd[1]: Reached target Preparation for Local File Systems.
installer # [    2.986154] systemd[1]: Reached target Local File Systems.
installer # [    2.988562] systemd[1]: Update Boot Loader Random Seed was skipped because no trigger condition checks were met.
installer # [    2.989937] systemd[1]: Starting Create Volatile Files and Directories...
installer # [    2.994222] systemd[1]: Starting Rule-based Manager for Device Events and Files...
installed # [    3.124187] systemd[1]: Finished Apply Kernel Variables.
installed # [    3.130539] systemd[1]: Finished Flush Journal to Persistent Storage.
installer # [    3.033355] systemd-udevd[477]: Using default interface naming scheme 'v255'.
installed # [    3.137755] systemd[1]: Finished Create Static Device Nodes in /dev.
installed # [    3.139618] systemd[1]: Reached target Preparation for Local File Systems.
installed # [    3.142072] systemd[1]: Reached target Local File Systems.
installed # [    3.144814] systemd[1]: Update Boot Loader Random Seed was skipped because no trigger condition checks were met.
installer # [    3.046971] systemd[1]: Finished Create Volatile Files and Directories.
installed # [    3.153360] systemd[1]: Starting Create Volatile Files and Directories...
installer # [    3.055660] systemd[1]: Starting Rebuild Journal Catalog...
installed # [    3.158343] systemd[1]: Starting Rule-based Manager for Device Events and Files...
installer # [    3.063453] systemd[1]: Starting Userspace Out-Of-Memory (OOM) Killer...
installer # [    3.067265] systemd[1]: Starting Record System Boot/Shutdown in UTMP...
installer # [    3.082086] systemd[1]: Started Rule-based Manager for Device Events and Files.
installed # [    3.210816] systemd[1]: suid-sgid-wrappers.service: Deactivated successfully.
installer # [    3.111387] systemd[1]: suid-sgid-wrappers.service: Deactivated successfully.
installed # [    3.216894] systemd[1]: Finished Create SUID/SGID Wrappers.
installer # [    3.115875] systemd[1]: Finished Create SUID/SGID Wrappers.
installer # [    3.126592] systemd[1]: Finished Rebuild Journal Catalog.
installer # [    3.130097] systemd[1]: Finished Record System Boot/Shutdown in UTMP.
installer # [    3.136284] systemd[1]: Starting Update is Completed...
installed # [    3.238763] systemd-udevd[474]: Using default interface naming scheme 'v255'.
installed # [    3.248083] systemd[1]: Finished Create Volatile Files and Directories.
installer # [    3.147554] systemd-oomd[510]: No swap; memory pressure usage will be degraded
installed # [    3.252953] systemd[1]: Starting Rebuild Journal Catalog...
installer # [    3.151796] systemd[1]: Started Userspace Out-Of-Memory (OOM) Killer.
installer # [    3.156410] systemd[1]: Found device /dev/hvc0.
installed # [    3.257639] systemd[1]: Starting Userspace Out-Of-Memory (OOM) Killer...
installed # [    3.264781] systemd[1]: Starting Record System Boot/Shutdown in UTMP...
installer # [    3.163732] systemd[1]: Found device /dev/ttyS0.
installer # [    3.176582] systemd[1]: Finished Update is Completed.
installer # [    3.182751] (udev-worker)[522]: Network interface NamePolicy= disabled on kernel command line.
installer # [    3.185532] (udev-worker)[529]: eth1: Config file /etc/systemd/network/40-eth1.link is applied to device based on potentially unpredictable interface name.
installer # [    3.187954] (udev-worker)[529]: Network interface NamePolicy= disabled on kernel command line.
installed # [    3.308767] systemd[1]: Started Rule-based Manager for Device Events and Files.
installer # [    3.222245] systemd[1]: Found device Virtio network device.
installer # [    3.294909] mousedev: PS/2 mouse device common for all mice
installer # [    3.316880] input: Power Button as /devices/LNXSYSTM:00/LNXPWRBN:00/input/input3
installer # [    3.319155] piix4_smbus 0000:00:01.3: SMBus Host Controller at 0x700, revision 0
installed # [    3.351928] systemd[1]: Finished Record System Boot/Shutdown in UTMP.
installer # [    3.325276] ACPI: button: Power Button [PWRF]
installer # [    3.335661] parport_pc 00:03: reported by Plug and Play ACPI
installer # [    3.335809] Floppy drive(s): fd0 is 2.88M AMI BIOS
installer # [    3.336173] parport0: PC-style at 0x378, irq 7 [PCSPP(,...)]
installed # [    3.370077] systemd[1]: Finished Rebuild Journal Catalog.
installer # [    3.344001] bochs-drm 0000:00:02.0: vgaarb: deactivate vga console
installed # [    3.377576] systemd[1]: Starting Update is Completed...
installer # [    3.350870] FDC 0 is a S82078B
installer # [    3.358610] Console: switching to colour dummy device 80x25
installer # [    3.362401] [drm] Found bochs VGA, ID 0xb0c5.
installer # [    3.362784] [drm] Framebuffer size 16384 kB @ 0xfd000000, mmio @ 0xfebd0000.
installer # [    3.368001] input: QEMU Virtio Keyboard as /devices/pci0000:00/0000:00:0a.0/virtio7/input/input4
installer # [    3.369594] [drm] Found EDID data blob.
installer # [    3.370050] [drm] Initialized bochs-drm 1.0.0 20130925 for 0000:00:02.0 on minor 0
installed # [    3.414729] systemd-oomd[500]: No swap; memory pressure usage will be degraded
installed # [    3.416493] systemd[1]: Started Userspace Out-Of-Memory (OOM) Killer.
installed # [    3.432636] systemd[1]: Finished Update is Completed.
installed # [    3.469873] systemd[1]: Found device /dev/hvc0.
installed # [    3.483668] systemd[1]: Found device /dev/ttyS0.
installed # [    3.510742] (udev-worker)[532]: eth1: Config file /etc/systemd/network/40-eth1.link is applied to device based on potentially unpredictable interface name.
installed # [    3.512835] (udev-worker)[532]: Network interface NamePolicy= disabled on kernel command line.
installed # [    3.514639] (udev-worker)[524]: Network interface NamePolicy= disabled on kernel command line.
installer # [    3.371385] fbcon: bochs-drmdrmfb (fb0) is primary device
installer # [    3.418279] Console: switching to colour frame buffer device 160x50
installer # [    3.431998] cryptd: max_cpu_qlen set to 1000
installer # [    3.442890] input: VirtualPS/2 VMware VMMouse as /devices/platform/i8042/serio1/input/input6
installer # [    3.462346] input: VirtualPS/2 VMware VMMouse as /devices/platform/i8042/serio1/input/input5
installer # [    3.463897] ppdev: user-space parallel port driver
installer # [    3.470860] AVX2 version of gcm_enc/dec engaged.
installer # [    3.470962] AES CTR mode by8 optimization enabled
installer # [    3.513982] bochs-drm 0000:00:02.0: [drm] fb0: bochs-drmdrmfb frame buffer device
installer # [    3.421522] systemd[1]: Starting Virtual Console Setup...
installer # [    3.464368] systemd[1]: systemd-vconsole-setup.service: Deactivated successfully.
installer # [    3.470062] systemd[1]: Stopped Virtual Console Setup.
installer # [    3.477379] systemd[1]: Starting Virtual Console Setup...
installer # [    3.515536] systemd[1]: systemd-vconsole-setup.service: Deactivated successfully.
installed # [    3.616761] systemd[1]: Found device Virtio network device.[    3.685365] mousedev: PS/2 mouse device common for all mice
installed # 
installer # [    3.521988] systemd[1]: Stopped Virtual Console Setup.
installer # [    3.539383] systemd[1]: Starting Virtual Console Setup...
installed # [    3.716756] input: Power Button as /devices/LNXSYSTM:00/LNXPWRBN:00/input/input3
installed # [    3.727034] ACPI: button: Power Button [PWRF]
installed # [    3.777238] parport_pc 00:03: reported by Plug and Play ACPI
installed # [    3.777665] parport0: PC-style at 0x378, irq 7 [PCSPP(,...)]
installed # [    3.785780] piix4_smbus 0000:00:01.3: SMBus Host Controller at 0x700, revision 0
installed # [    3.786861] Floppy drive(s): fd0 is 2.88M AMI BIOS
installer # [    3.689816] kvm_amd: TSC scaling supported
installer # [    3.690289] kvm_amd: Nested Virtualization enabled
installer # [    3.690818] kvm_amd: Nested Paging enabled
installer # [    3.691481] kvm_amd: Virtual VMLOAD VMSAVE supported
installer # [    3.692124] kvm_amd: Virtual GIF supported
installer # [    3.692568] kvm_amd: LBR virtualization supported
installed # [    3.812441] FDC 0 is a S82078B
installer # [    3.713635] EDAC MC: Ver: 3.0.0
installed # [    3.818481] input: QEMU Virtio Keyboard as /devices/pci0000:00/0000:00:0a.0/virtio7/input/input4
installed # [    3.855146] cryptd: max_cpu_qlen set to 1000
installed # [    3.862472] bochs-drm 0000:00:02.0: vgaarb: deactivate vga console
installed # [    3.881674] input: VirtualPS/2 VMware VMMouse as /devices/platform/i8042/serio1/input/input6
installer # [    3.727622] systemd[1]: Finished Firewall.
